Archive member included to satisfy reference by file (symbol)

C:/ST/STM32CubeIDE_1.14.0/STM32CubeIDE/plugins/com.st.stm32cube.ide.mcu.externaltools.gnu-tools-for-stm32.11.3.rel1.win32_1.1.100.202309141235/tools/bin/../lib/gcc/arm-none-eabi/11.3.1/../../../../arm-none-eabi/lib/thumb/v7e-m+fp/hard\libc_nano.a(libc_a-atoi.o)
                              ./Core/Src/console.o (atoi)
C:/ST/STM32CubeIDE_1.14.0/STM32CubeIDE/plugins/com.st.stm32cube.ide.mcu.externaltools.gnu-tools-for-stm32.11.3.rel1.win32_1.1.100.202309141235/tools/bin/../lib/gcc/arm-none-eabi/11.3.1/../../../../arm-none-eabi/lib/thumb/v7e-m+fp/hard\libc_nano.a(libc_a-exit.o)
                              C:/ST/STM32CubeIDE_1.14.0/STM32CubeIDE/plugins/com.st.stm32cube.ide.mcu.externaltools.gnu-tools-for-stm32.11.3.rel1.win32_1.1.100.202309141235/tools/bin/../lib/gcc/arm-none-eabi/11.3.1/../../../../arm-none-eabi/lib/thumb/v7e-m+fp/hard/crt0.o (exit)
C:/ST/STM32CubeIDE_1.14.0/STM32CubeIDE/plugins/com.st.stm32cube.ide.mcu.externaltools.gnu-tools-for-stm32.11.3.rel1.win32_1.1.100.202309141235/tools/bin/../lib/gcc/arm-none-eabi/11.3.1/../../../../arm-none-eabi/lib/thumb/v7e-m+fp/hard\libc_nano.a(libc_a-strtol.o)
                              C:/ST/STM32CubeIDE_1.14.0/STM32CubeIDE/plugins/com.st.stm32cube.ide.mcu.externaltools.gnu-tools-for-stm32.11.3.rel1.win32_1.1.100.202309141235/tools/bin/../lib/gcc/arm-none-eabi/11.3.1/../../../../arm-none-eabi/lib/thumb/v7e-m+fp/hard\libc_nano.a(libc_a-atoi.o) (_strtol_r)
C:/ST/STM32CubeIDE_1.14.0/STM32CubeIDE/plugins/com.st.stm32cube.ide.mcu.externaltools.gnu-tools-for-stm32.11.3.rel1.win32_1.1.100.202309141235/tools/bin/../lib/gcc/arm-none-eabi/11.3.1/../../../../arm-none-eabi/lib/thumb/v7e-m+fp/hard\libc_nano.a(libc_a-ctype_.o)
                              C:/ST/STM32CubeIDE_1.14.0/STM32CubeIDE/plugins/com.st.stm32cube.ide.mcu.externaltools.gnu-tools-for-stm32.11.3.rel1.win32_1.1.100.202309141235/tools/bin/../lib/gcc/arm-none-eabi/11.3.1/../../../../arm-none-eabi/lib/thumb/v7e-m+fp/hard\libc_nano.a(libc_a-strtol.o) (_ctype_)
C:/ST/STM32CubeIDE_1.14.0/STM32CubeIDE/plugins/com.st.stm32cube.ide.mcu.externaltools.gnu-tools-for-stm32.11.3.rel1.win32_1.1.100.202309141235/tools/bin/../lib/gcc/arm-none-eabi/11.3.1/../../../../arm-none-eabi/lib/thumb/v7e-m+fp/hard\libc_nano.a(libc_a-findfp.o)
                              C:/ST/STM32CubeIDE_1.14.0/STM32CubeIDE/plugins/com.st.stm32cube.ide.mcu.externaltools.gnu-tools-for-stm32.11.3.rel1.win32_1.1.100.202309141235/tools/bin/../lib/gcc/arm-none-eabi/11.3.1/../../../../arm-none-eabi/lib/thumb/v7e-m+fp/hard\libc_nano.a(libc_a-exit.o) (__stdio_exit_handler)
C:/ST/STM32CubeIDE_1.14.0/STM32CubeIDE/plugins/com.st.stm32cube.ide.mcu.externaltools.gnu-tools-for-stm32.11.3.rel1.win32_1.1.100.202309141235/tools/bin/../lib/gcc/arm-none-eabi/11.3.1/../../../../arm-none-eabi/lib/thumb/v7e-m+fp/hard\libc_nano.a(libc_a-fwalk.o)
                              C:/ST/STM32CubeIDE_1.14.0/STM32CubeIDE/plugins/com.st.stm32cube.ide.mcu.externaltools.gnu-tools-for-stm32.11.3.rel1.win32_1.1.100.202309141235/tools/bin/../lib/gcc/arm-none-eabi/11.3.1/../../../../arm-none-eabi/lib/thumb/v7e-m+fp/hard\libc_nano.a(libc_a-findfp.o) (_fwalk_sglue)
C:/ST/STM32CubeIDE_1.14.0/STM32CubeIDE/plugins/com.st.stm32cube.ide.mcu.externaltools.gnu-tools-for-stm32.11.3.rel1.win32_1.1.100.202309141235/tools/bin/../lib/gcc/arm-none-eabi/11.3.1/../../../../arm-none-eabi/lib/thumb/v7e-m+fp/hard\libc_nano.a(libc_a-stdio.o)
                              C:/ST/STM32CubeIDE_1.14.0/STM32CubeIDE/plugins/com.st.stm32cube.ide.mcu.externaltools.gnu-tools-for-stm32.11.3.rel1.win32_1.1.100.202309141235/tools/bin/../lib/gcc/arm-none-eabi/11.3.1/../../../../arm-none-eabi/lib/thumb/v7e-m+fp/hard\libc_nano.a(libc_a-findfp.o) (__sread)
C:/ST/STM32CubeIDE_1.14.0/STM32CubeIDE/plugins/com.st.stm32cube.ide.mcu.externaltools.gnu-tools-for-stm32.11.3.rel1.win32_1.1.100.202309141235/tools/bin/../lib/gcc/arm-none-eabi/11.3.1/../../../../arm-none-eabi/lib/thumb/v7e-m+fp/hard\libc_nano.a(libc_a-memset.o)
                              C:/ST/STM32CubeIDE_1.14.0/STM32CubeIDE/plugins/com.st.stm32cube.ide.mcu.externaltools.gnu-tools-for-stm32.11.3.rel1.win32_1.1.100.202309141235/tools/bin/../lib/gcc/arm-none-eabi/11.3.1/../../../../arm-none-eabi/lib/thumb/v7e-m+fp/hard/crt0.o (memset)
C:/ST/STM32CubeIDE_1.14.0/STM32CubeIDE/plugins/com.st.stm32cube.ide.mcu.externaltools.gnu-tools-for-stm32.11.3.rel1.win32_1.1.100.202309141235/tools/bin/../lib/gcc/arm-none-eabi/11.3.1/../../../../arm-none-eabi/lib/thumb/v7e-m+fp/hard\libc_nano.a(libc_a-closer.o)
                              C:/ST/STM32CubeIDE_1.14.0/STM32CubeIDE/plugins/com.st.stm32cube.ide.mcu.externaltools.gnu-tools-for-stm32.11.3.rel1.win32_1.1.100.202309141235/tools/bin/../lib/gcc/arm-none-eabi/11.3.1/../../../../arm-none-eabi/lib/thumb/v7e-m+fp/hard\libc_nano.a(libc_a-stdio.o) (_close_r)
[...]
Memory Configuration

Name             Origin             Length             Attributes
RAM              0x0000000020000000 0x0000000000040000 xrw
FLASH            0x0000000008000000 0x0000000000080000 xr
*default*        0x0000000000000000 0xffffffffffffffff

Linker script and memory map

LOAD C:/ST/STM32CubeIDE_1.14.0/STM32CubeIDE/plugins/com.st.stm32cube.ide.mcu.externaltools.gnu-tools-for-stm32.11.3.rel1.win32_1.1.100.202309141235/tools/bin/../lib/gcc/arm-none-eabi/11.3.1/thumb/v7e-m+fp/hard/crti.o
LOAD C:/ST/STM32CubeIDE_1.14.0/STM32CubeIDE/plugins/com.st.stm32cube.ide.mcu.externaltools.gnu-tools-for-stm32.11.3.rel1.win32_1.1.100.202309141235/tools/bin/../lib/gcc/arm-none-eabi/11.3.1/thumb/v7e-m+fp/hard/crtbegin.o
LOAD C:/ST/STM32CubeIDE_1.14.0/STM32CubeIDE/plugins/com.st.stm32cube.ide.mcu.externaltools.gnu-tools-for-stm32.11.3.rel1.win32_1.1.100.202309141235/tools/bin/../lib/gcc/arm-none-eabi/11.3.1/../../../../arm-none-eabi/lib/thumb/v7e-m+fp/hard/crt0.o
LOAD ./Core/Src/console.o
LOAD ./Core/Src/consoleCommands.o
LOAD ./Core/Src/consoleIo.o
LOAD ./Core/Src/main.o
LOAD ./Core/Src/stm32f7xx_hal_msp.o
LOAD ./Core/Src/stm32f7xx_it.o
LOAD ./Core/Src/syscalls.o
LOAD ./Core/Src/sysmem.o
LOAD ./Core/Src/system_stm32f7xx.o
LOAD ./Core/Startup/startup_stm32f722zetx.o
LOAD ./Drivers/STM32F7xx_HAL_Driver/Src/stm32f7xx_hal.o
LOAD ./Drivers/STM32F7xx_HAL_Driver/Src/stm32f7xx_hal_cortex.o
LOAD ./Drivers/STM32F7xx_HAL_Driver/Src/stm32f7xx_hal_dac.o
LOAD ./Drivers/STM32F7xx_HAL_Driver/Src/stm32f7xx_hal_dac_ex.o
LOAD ./Drivers/STM32F7xx_HAL_Driver/Src/stm32f7xx_hal_dma.o
LOAD ./Drivers/STM32F7xx_HAL_Driver/Src/stm32f7xx_hal_dma_ex.o
LOAD ./Drivers/STM32F7xx_HAL_Driver/Src/stm32f7xx_hal_exti.o
LOAD ./Drivers/STM32F7xx_HAL_Driver/Src/stm32f7xx_hal_flash.o
LOAD ./Drivers/STM32F7xx_HAL_Driver/Src/stm32f7xx_hal_flash_ex.o
LOAD ./Drivers/STM32F7xx_HAL_Driver/Src/stm32f7xx_hal_gpio.o
LOAD ./Drivers/STM32F7xx_HAL_Driver/Src/stm32f7xx_hal_i2c.o
LOAD ./Drivers/STM32F7xx_HAL_Driver/Src/stm32f7xx_hal_i2c_ex.o
LOAD ./Drivers/STM32F7xx_HAL_Driver/Src/stm32f7xx_hal_pcd.o
LOAD ./Drivers/STM32F7xx_HAL_Driver/Src/stm32f7xx_hal_pcd_ex.o
LOAD ./Drivers/STM32F7xx_HAL_Driver/Src/stm32f7xx_hal_pwr.o
LOAD ./Drivers/STM32F7xx_HAL_Driver/Src/stm32f7xx_hal_pwr_ex.o
LOAD ./Drivers/STM32F7xx_HAL_Driver/Src/stm32f7xx_hal_rcc.o
LOAD ./Drivers/STM32F7xx_HAL_Driver/Src/stm32f7xx_hal_rcc_ex.o
LOAD ./Drivers/STM32F7xx_HAL_Driver/Src/stm32f7xx_hal_tim.o
LOAD ./Drivers/STM32F7xx_HAL_Driver/Src/stm32f7xx_hal_tim_ex.o
LOAD ./Drivers/STM32F7xx_HAL_Driver/Src/stm32f7xx_hal_uart.o
LOAD ./Drivers/STM32F7xx_HAL_Driver/Src/stm32f7xx_hal_uart_ex.o
LOAD ./Drivers/STM32F7xx_HAL_Driver/Src/stm32f7xx_ll_usb.o
START GROUP
LOAD C:/ST/STM32CubeIDE_1.14.0/STM32CubeIDE/plugins/com.st.stm32cube.ide.mcu.externaltools.gnu-tools-for-stm32.11.3.rel1.win32_1.1.100.202309141235/tools/bin/../lib/gcc/arm-none-eabi/11.3.1/../../../../arm-none-eabi/lib/thumb/v7e-m+fp/hard\libc_nano.a
LOAD C:/ST/STM32CubeIDE_1.14.0/STM32CubeIDE/plugins/com.st.stm32cube.ide.mcu.externaltools.gnu-tools-for-stm32.11.3.rel1.win32_1.1.100.202309141235/tools/bin/../lib/gcc/arm-none-eabi/11.3.1/../../../../arm-none-eabi/lib/thumb/v7e-m+fp/hard\libm.a
END GROUP
START GROUP
LOAD C:/ST/STM32CubeIDE_1.14.0/STM32CubeIDE/plugins/com.st.stm32cube.ide.mcu.externaltools.gnu-tools-for-stm32.11.3.rel1.win32_1.1.100.202309141235/tools/bin/../lib/gcc/arm-none-eabi/11.3.1/thumb/v7e-m+fp/hard\libgcc.a
LOAD C:/ST/STM32CubeIDE_1.14.0/STM32CubeIDE/plugins/com.st.stm32cube.ide.mcu.externaltools.gnu-tools-for-stm32.11.3.rel1.win32_1.1.100.202309141235/tools/bin/../lib/gcc/arm-none-eabi/11.3.1/../../../../arm-none-eabi/lib/thumb/v7e-m+fp/hard\libc_nano.a
END GROUP
START GROUP
LOAD C:/ST/STM32CubeIDE_1.14.0/STM32CubeIDE/plugins/com.st.stm32cube.ide.mcu.externaltools.gnu-tools-for-stm32.11.3.rel1.win32_1.1.100.202309141235/tools/bin/../lib/gcc/arm-none-eabi/11.3.1/thumb/v7e-m+fp/hard\libgcc.a
LOAD C:/ST/STM32CubeIDE_1.14.0/STM32CubeIDE/plugins/com.st.stm32cube.ide.mcu.externaltools.gnu-tools-for-stm32.11.3.rel1.win32_1.1.100.202309141235/tools/bin/../lib/gcc/arm-none-eabi/11.3.1/../../../../arm-none-eabi/lib/thumb/v7e-m+fp/hard\libc_nano.a
LOAD C:/ST/STM32CubeIDE_1.14.0/STM32CubeIDE/plugins/com.st.stm32cube.ide.mcu.externaltools.gnu-tools-for-stm32.11.3.rel1.win32_1.1.100.202309141235/tools/bin/../lib/gcc/arm-none-eabi/11.3.1/../../../../arm-none-eabi/lib/thumb/v7e-m+fp/hard\libnosys.a
END GROUP
START GROUP
LOAD C:/ST/STM32CubeIDE_1.14.0/STM32CubeIDE/plugins/com.st.stm32cube.ide.mcu.externaltools.gnu-tools-for-stm32.11.3.rel1.win32_1.1.100.202309141235/tools/bin/../lib/gcc/arm-none-eabi/11.3.1/thumb/v7e-m+fp/hard\libgcc.a
LOAD C:/ST/STM32CubeIDE_1.14.0/STM32CubeIDE/plugins/com.st.stm32cube.ide.mcu.externaltools.gnu-tools-for-stm32.11.3.rel1.win32_1.1.100.202309141235/tools/bin/../lib/gcc/arm-none-eabi/11.3.1/../../../../arm-none-eabi/lib/thumb/v7e-m+fp/hard\libc_nano.a
LOAD C:/ST/STM32CubeIDE_1.14.0/STM32CubeIDE/plugins/com.st.stm32cube.ide.mcu.externaltools.gnu-tools-for-stm32.11.3.rel1.win32_1.1.100.202309141235/tools/bin/../lib/gcc/arm-none-eabi/11.3.1/../../../../arm-none-eabi/lib/thumb/v7e-m+fp/hard\libnosys.a
END GROUP
LOAD C:/ST/STM32CubeIDE_1.14.0/STM32CubeIDE/plugins/com.st.stm32cube.ide.mcu.externaltools.gnu-tools-for-stm32.11.3.rel1.win32_1.1.100.202309141235/tools/bin/../lib/gcc/arm-none-eabi/11.3.1/thumb/v7e-m+fp/hard/crtend.o
LOAD C:/ST/STM32CubeIDE_1.14.0/STM32CubeIDE/plugins/com.st.stm32cube.ide.mcu.externaltools.gnu-tools-for-stm32.11.3.rel1.win32_1.1.100.202309141235/tools/bin/../lib/gcc/arm-none-eabi/11.3.1/thumb/v7e-m+fp/hard/crtn.o
                0x0000000020040000                _estack = (ORIGIN (RAM) + LENGTH (RAM))
                0x0000000000000200                _Min_Heap_Size = 0x200
                0x0000000000000400                _Min_Stack_Size = 0x400

.isr_vector     0x0000000008000000      0x1e0
                0x0000000008000000                . = ALIGN (0x4)
 *(.isr_vector)
 .isr_vector    0x0000000008000000      0x1e0 ./Core/Startup/startup_stm32f722zetx.o
                0x0000000008000000                g_pfnVectors
                0x00000000080001e0                . = ALIGN (0x4)

.text           0x00000000080001e0     0x4e14
                0x00000000080001e0                . = ALIGN (0x4)
 *(.text)
 .text          0x00000000080001e0       0x40 C:/ST/STM32CubeIDE_1.14.0/STM32CubeIDE/plugins/com.st.stm32cube.ide.mcu.externaltools.gnu-tools-for-stm32.11.3.rel1.win32_1.1.100.202309141235/tools/bin/../lib/gcc/arm-none-eabi/11.3.1/thumb/v7e-m+fp/hard/crtbegin.o
 .text          0x0000000008000220       0x10 C:/ST/STM32CubeIDE_1.14.0/STM32CubeIDE/plugins/com.st.stm32cube.ide.mcu.externaltools.gnu-tools-for-stm32.11.3.rel1.win32_1.1.100.202309141235/tools/bin/../lib/gcc/arm-none-eabi/11.3.1/../../../../arm-none-eabi/lib/thumb/v7e-m+fp/hard\libc_nano.a(libc_a-strlen.o)
                0x0000000008000220                strlen
 .text          0x0000000008000230       0x30 C:/ST/STM32CubeIDE_1.14.0/STM32CubeIDE/plugins/com.st.stm32cube.ide.mcu.externaltools.gnu-tools-for-stm32.11.3.rel1.win32_1.1.100.202309141235/tools/bin/../lib/gcc/arm-none-eabi/11.3.1/thumb/v7e-m+fp/hard\libgcc.a(_aeabi_uldivmod.o)
                0x0000000008000230                __aeabi_uldivmod
 .text          0x0000000008000260      0x2c8 C:/ST/STM32CubeIDE_1.14.0/STM32CubeIDE/plugins/com.st.stm32cube.ide.mcu.externaltools.gnu-tools-for-stm32.11.3.rel1.win32_1.1.100.202309141235/tools/bin/../lib/gcc/arm-none-eabi/11.3.1/thumb/v7e-m+fp/hard\libgcc.a(_udivmoddi4.o)
                0x0000000008000260                __udivmoddi4
 .text          0x0000000008000528        0x4 C:/ST/STM32CubeIDE_1.14.0/STM32CubeIDE/plugins/com.st.stm32cube.ide.mcu.externaltools.gnu-tools-for-stm32.11.3.rel1.win32_1.1.100.202309141235/tools/bin/../lib/gcc/arm-none-eabi/11.3.1/thumb/v7e-m+fp/hard\libgcc.a(_dvmd_tls.o)
                0x0000000008000528                __aeabi_idiv0
                0x0000000008000528                __aeabi_ldiv0
 *(.text*)
 .text.ConsoleInit
                0x000000000800052c       0x5c ./Core/Src/console.o
                0x000000000800052c                ConsoleInit
 .text.ConsoleIoInit
                0x0000000008000588       0x1c ./Core/Src/consoleIo.o
                0x0000000008000588                ConsoleIoInit
 .text.HAL_UART_RxCpltCallback
                0x00000000080005a4       0x58 ./Core/Src/consoleIo.o
                0x00000000080005a4                HAL_UART_RxCpltCallback
 .text.HAL_UART_TxCpltCallback
                0x00000000080005fc       0x20 ./Core/Src/consoleIo.o
                0x00000000080005fc                HAL_UART_TxCpltCallback
 .text.ConsoleIoSendString
                0x000000000800061c       0x44 ./Core/Src/consoleIo.o
                0x000000000800061c                ConsoleIoSendString
 .text.main     0x0000000008000660       0x58 ./Core/Src/main.o
                0x0000000008000660                main
 .text.SystemClock_Config
                0x00000000080006b8       0xdc ./Core/Src/main.o
                0x00000000080006b8                SystemClock_Config
 .text.MX_DAC_Init
                0x0000000008000794       0x54 ./Core/Src/main.o
 .text.MX_TIM11_Init
                0x00000000080007e8       0x48 ./Core/Src/main.o
 .text.MX_TIM13_Init
                0x0000000008000830       0x48 ./Core/Src/main.o
 .text.MX_USART3_UART_Init
                0x0000000008000878       0x60 ./Core/Src/main.o
 .text.MX_USB_OTG_FS_PCD_Init
                0x00000000080008d8       0x60 ./Core/Src/main.o
 .text.MX_GPIO_Init
                0x0000000008000938      0x144 ./Core/Src/main.o
 .text.HAL_TIM_PeriodElapsedCallback
                0x0000000008000a7c      0x120 ./Core/Src/main.o
                0x0000000008000a7c                HAL_TIM_PeriodElapsedCallback
 .text.Error_Handler
                0x0000000008000b9c        0xa ./Core/Src/main.o
                0x0000000008000b9c                Error_Handler
 *fill*         0x0000000008000ba6        0x2 
 .text.HAL_MspInit
                0x0000000008000ba8       0x48 ./Core/Src/stm32f7xx_hal_msp.o
                0x0000000008000ba8                HAL_MspInit
 .text.HAL_DAC_MspInit
                0x0000000008000bf0       0x80 ./Core/Src/stm32f7xx_hal_msp.o
                0x0000000008000bf0                HAL_DAC_MspInit
 .text.HAL_TIM_Base_MspInit
                0x0000000008000c70       0x84 ./Core/Src/stm32f7xx_hal_msp.o
                0x0000000008000c70                HAL_TIM_Base_MspInit
 .text.HAL_UART_MspInit
                0x0000000008000cf4       0xd0 ./Core/Src/stm32f7xx_hal_msp.o
                0x0000000008000cf4                HAL_UART_MspInit
 .text.HAL_PCD_MspInit
                0x0000000008000dc4       0xf4 ./Core/Src/stm32f7xx_hal_msp.o
                0x0000000008000dc4                HAL_PCD_MspInit
 .text.NMI_Handler
                0x0000000008000eb8        0x6 ./Core/Src/stm32f7xx_it.o
                0x0000000008000eb8                NMI_Handler
 .text.HardFault_Handler
                0x0000000008000ebe        0x6 ./Core/Src/stm32f7xx_it.o
                0x0000000008000ebe                HardFault_Handler
 .text.MemManage_Handler
                0x0000000008000ec4        0x6 ./Core/Src/stm32f7xx_it.o
                0x0000000008000ec4                MemManage_Handler
 .text.BusFault_Handler
                0x0000000008000eca        0x6 ./Core/Src/stm32f7xx_it.o
                0x0000000008000eca                BusFault_Handler
 .text.UsageFault_Handler
                0x0000000008000ed0        0x6 ./Core/Src/stm32f7xx_it.o
                0x0000000008000ed0                UsageFault_Handler
 .text.SVC_Handler
                0x0000000008000ed6        0xe ./Core/Src/stm32f7xx_it.o
                0x0000000008000ed6                SVC_Handler
 .text.DebugMon_Handler
                0x0000000008000ee4        0xe ./Core/Src/stm32f7xx_it.o
                0x0000000008000ee4                DebugMon_Handler
 .text.PendSV_Handler
                0x0000000008000ef2        0xe ./Core/Src/stm32f7xx_it.o
                0x0000000008000ef2                PendSV_Handler
 .text.SysTick_Handler
                0x0000000008000f00        0xc ./Core/Src/stm32f7xx_it.o
                0x0000000008000f00                SysTick_Handler
 .text.TIM1_TRG_COM_TIM11_IRQHandler
                0x0000000008000f0c       0x14 ./Core/Src/stm32f7xx_it.o
                0x0000000008000f0c                TIM1_TRG_COM_TIM11_IRQHandler
 .text.USART3_IRQHandler
                0x0000000008000f20       0x14 ./Core/Src/stm32f7xx_it.o
                0x0000000008000f20                USART3_IRQHandler
 .text.TIM8_UP_TIM13_IRQHandler
                0x0000000008000f34       0x14 ./Core/Src/stm32f7xx_it.o
                0x0000000008000f34                TIM8_UP_TIM13_IRQHandler
 .text.SystemInit
                0x0000000008000f48       0x24 ./Core/Src/system_stm32f7xx.o
                0x0000000008000f48                SystemInit
 .text.Reset_Handler
                0x0000000008000f6c       0x50 ./Core/Startup/startup_stm32f722zetx.o
                0x0000000008000f6c                Reset_Handler
 .text.Default_Handler
                0x0000000008000fbc        0x2 ./Core/Startup/startup_stm32f722zetx.o
                0x0000000008000fbc                RTC_Alarm_IRQHandler
                0x0000000008000fbc                EXTI2_IRQHandler
                0x0000000008000fbc                TIM8_CC_IRQHandler
                0x0000000008000fbc                UART8_IRQHandler
                0x0000000008000fbc                SPI4_IRQHandler
                0x0000000008000fbc                TIM1_CC_IRQHandler
                0x0000000008000fbc                DMA2_Stream5_IRQHandler
                0x0000000008000fbc                DMA1_Stream5_IRQHandler
                0x0000000008000fbc                PVD_IRQHandler
                0x0000000008000fbc                TAMP_STAMP_IRQHandler
                0x0000000008000fbc                EXTI3_IRQHandler
                0x0000000008000fbc                TIM8_TRG_COM_TIM14_IRQHandler
                0x0000000008000fbc                TIM1_UP_TIM10_IRQHandler
                0x0000000008000fbc                I2C3_ER_IRQHandler
                0x0000000008000fbc                EXTI0_IRQHandler
                0x0000000008000fbc                I2C2_EV_IRQHandler
                0x0000000008000fbc                DMA1_Stream2_IRQHandler
                0x0000000008000fbc                CAN1_RX0_IRQHandler
                0x0000000008000fbc                FPU_IRQHandler
                0x0000000008000fbc                OTG_HS_WKUP_IRQHandler
                0x0000000008000fbc                DMA2_Stream2_IRQHandler
                0x0000000008000fbc                SPI1_IRQHandler
                0x0000000008000fbc                TIM6_DAC_IRQHandler
                0x0000000008000fbc                TIM1_BRK_TIM9_IRQHandler
                0x0000000008000fbc                DMA2_Stream3_IRQHandler
                0x0000000008000fbc                SAI2_IRQHandler
                0x0000000008000fbc                USART6_IRQHandler
                0x0000000008000fbc                CAN1_RX1_IRQHandler
                0x0000000008000fbc                UART5_IRQHandler
                0x0000000008000fbc                DMA2_Stream0_IRQHandler
                0x0000000008000fbc                TIM4_IRQHandler
                0x0000000008000fbc                QUADSPI_IRQHandler
                0x0000000008000fbc                I2C1_EV_IRQHandler
                0x0000000008000fbc                DMA1_Stream6_IRQHandler
                0x0000000008000fbc                DMA1_Stream1_IRQHandler
                0x0000000008000fbc                UART4_IRQHandler
                0x0000000008000fbc                TIM3_IRQHandler
                0x0000000008000fbc                RCC_IRQHandler
                0x0000000008000fbc                TIM8_BRK_TIM12_IRQHandler
                0x0000000008000fbc                Default_Handler
                0x0000000008000fbc                EXTI15_10_IRQHandler
                0x0000000008000fbc                ADC_IRQHandler
                0x0000000008000fbc                DMA1_Stream7_IRQHandler
                0x0000000008000fbc                SPI5_IRQHandler
                0x0000000008000fbc                TIM7_IRQHandler
                0x0000000008000fbc                SDMMC1_IRQHandler
                0x0000000008000fbc                TIM5_IRQHandler
                0x0000000008000fbc                DMA2_Stream7_IRQHandler
                0x0000000008000fbc                I2C3_EV_IRQHandler
                0x0000000008000fbc                EXTI9_5_IRQHandler
                0x0000000008000fbc                RTC_WKUP_IRQHandler
                0x0000000008000fbc                SPI2_IRQHandler
                0x0000000008000fbc                OTG_HS_EP1_IN_IRQHandler
                0x0000000008000fbc                DMA1_Stream0_IRQHandler
                0x0000000008000fbc                CAN1_TX_IRQHandler
                0x0000000008000fbc                EXTI4_IRQHandler
                0x0000000008000fbc                RNG_IRQHandler
                0x0000000008000fbc                OTG_HS_EP1_OUT_IRQHandler
                0x0000000008000fbc                WWDG_IRQHandler
                0x0000000008000fbc                TIM2_IRQHandler
                0x0000000008000fbc                OTG_FS_WKUP_IRQHandler
                0x0000000008000fbc                OTG_HS_IRQHandler
                0x0000000008000fbc                EXTI1_IRQHandler
                0x0000000008000fbc                SDMMC2_IRQHandler
                0x0000000008000fbc                UART7_IRQHandler
                0x0000000008000fbc                USART2_IRQHandler
                0x0000000008000fbc                I2C2_ER_IRQHandler
                0x0000000008000fbc                DMA2_Stream1_IRQHandler
                0x0000000008000fbc                CAN1_SCE_IRQHandler
                0x0000000008000fbc                FLASH_IRQHandler
                0x0000000008000fbc                DMA2_Stream4_IRQHandler
                0x0000000008000fbc                USART1_IRQHandler
                0x0000000008000fbc                OTG_FS_IRQHandler
                0x0000000008000fbc                SPI3_IRQHandler
                0x0000000008000fbc                DMA1_Stream4_IRQHandler
                0x0000000008000fbc                I2C1_ER_IRQHandler
                0x0000000008000fbc                FMC_IRQHandler
                0x0000000008000fbc                LPTIM1_IRQHandler
                0x0000000008000fbc                DMA2_Stream6_IRQHandler
                0x0000000008000fbc                SAI1_IRQHandler
                0x0000000008000fbc                DMA1_Stream3_IRQHandler
 .text.HAL_Init
                0x0000000008000fbe       0x1a ./Drivers/STM32F7xx_HAL_Driver/Src/stm32f7xx_hal.o
                0x0000000008000fbe                HAL_Init
 .text.HAL_InitTick
                0x0000000008000fd8       0x60 ./Drivers/STM32F7xx_HAL_Driver/Src/stm32f7xx_hal.o
                0x0000000008000fd8                HAL_InitTick
 .text.HAL_IncTick
                0x0000000008001038       0x28 ./Drivers/STM32F7xx_HAL_Driver/Src/stm32f7xx_hal.o
                0x0000000008001038                HAL_IncTick
 .text.HAL_GetTick
                0x0000000008001060       0x18 ./Drivers/STM32F7xx_HAL_Driver/Src/stm32f7xx_hal.o
                0x0000000008001060                HAL_GetTick
 .text.HAL_Delay
                0x0000000008001078       0x48 ./Drivers/STM32F7xx_HAL_Driver/Src/stm32f7xx_hal.o
                0x0000000008001078                HAL_Delay
 .text.__NVIC_SetPriorityGrouping
                0x00000000080010c0       0x48 ./Drivers/STM32F7xx_HAL_Driver/Src/stm32f7xx_hal_cortex.o
 .text.__NVIC_GetPriorityGrouping
                0x0000000008001108       0x1c ./Drivers/STM32F7xx_HAL_Driver/Src/stm32f7xx_hal_cortex.o
 .text.__NVIC_EnableIRQ
                0x0000000008001124       0x3c ./Drivers/STM32F7xx_HAL_Driver/Src/stm32f7xx_hal_cortex.o
 .text.__NVIC_SetPriority
                0x0000000008001160       0x54 ./Drivers/STM32F7xx_HAL_Driver/Src/stm32f7xx_hal_cortex.o
 .text.NVIC_EncodePriority
                0x00000000080011b4       0x66 ./Drivers/STM32F7xx_HAL_Driver/Src/stm32f7xx_hal_cortex.o
 *fill*         0x000000000800121a        0x2 
 .text.SysTick_Config
                0x000000000800121c       0x44 ./Drivers/STM32F7xx_HAL_Driver/Src/stm32f7xx_hal_cortex.o
 .text.HAL_NVIC_SetPriorityGrouping
                0x0000000008001260       0x16 ./Drivers/STM32F7xx_HAL_Driver/Src/stm32f7xx_hal_cortex.o
                0x0000000008001260                HAL_NVIC_SetPriorityGrouping
 .text.HAL_NVIC_SetPriority
                0x0000000008001276       0x38 ./Drivers/STM32F7xx_HAL_Driver/Src/stm32f7xx_hal_cortex.o
                0x0000000008001276                HAL_NVIC_SetPriority
 .text.HAL_NVIC_EnableIRQ
                0x00000000080012ae       0x1c ./Drivers/STM32F7xx_HAL_Driver/Src/stm32f7xx_hal_cortex.o
                0x00000000080012ae                HAL_NVIC_EnableIRQ
 .text.HAL_SYSTICK_Config
                0x00000000080012ca       0x18 ./Drivers/STM32F7xx_HAL_Driver/Src/stm32f7xx_hal_cortex.o
                0x00000000080012ca                HAL_SYSTICK_Config
 .text.HAL_DAC_Init
                0x00000000080012e2       0x44 ./Drivers/STM32F7xx_HAL_Driver/Src/stm32f7xx_hal_dac.o
                0x00000000080012e2                HAL_DAC_Init
 .text.HAL_DAC_Start
                0x0000000008001326       0xa4 ./Drivers/STM32F7xx_HAL_Driver/Src/stm32f7xx_hal_dac.o
                0x0000000008001326                HAL_DAC_Start
 .text.HAL_DAC_ConfigChannel
                0x00000000080013ca       0x9e ./Drivers/STM32F7xx_HAL_Driver/Src/stm32f7xx_hal_dac.o
                0x00000000080013ca                HAL_DAC_ConfigChannel
 .text.HAL_DMA_Abort
                0x0000000008001468       0xe0 ./Drivers/STM32F7xx_HAL_Driver/Src/stm32f7xx_hal_dma.o
                0x0000000008001468                HAL_DMA_Abort
 .text.HAL_DMA_Abort_IT
                0x0000000008001548       0x44 ./Drivers/STM32F7xx_HAL_Driver/Src/stm32f7xx_hal_dma.o
                0x0000000008001548                HAL_DMA_Abort_IT
 .text.HAL_GPIO_Init
                0x000000000800158c      0x338 ./Drivers/STM32F7xx_HAL_Driver/Src/stm32f7xx_hal_gpio.o
                0x000000000800158c                HAL_GPIO_Init
 .text.HAL_GPIO_ReadPin
                0x00000000080018c4       0x30 ./Drivers/STM32F7xx_HAL_Driver/Src/stm32f7xx_hal_gpio.o
                0x00000000080018c4                HAL_GPIO_ReadPin
 .text.HAL_GPIO_WritePin
                0x00000000080018f4       0x32 ./Drivers/STM32F7xx_HAL_Driver/Src/stm32f7xx_hal_gpio.o
                0x00000000080018f4                HAL_GPIO_WritePin
 .text.HAL_PCD_Init
                0x0000000008001926      0x248 ./Drivers/STM32F7xx_HAL_Driver/Src/stm32f7xx_hal_pcd.o
                0x0000000008001926                HAL_PCD_Init
 *fill*         0x0000000008001b6e        0x2 
 .text.HAL_PCDEx_ActivateLPM
                0x0000000008001b70       0x48 ./Drivers/STM32F7xx_HAL_Driver/Src/stm32f7xx_hal_pcd_ex.o
                0x0000000008001b70                HAL_PCDEx_ActivateLPM
 .text.HAL_PWR_EnableBkUpAccess
                0x0000000008001bb8       0x20 ./Drivers/STM32F7xx_HAL_Driver/Src/stm32f7xx_hal_pwr.o
                0x0000000008001bb8                HAL_PWR_EnableBkUpAccess
 .text.HAL_PWREx_EnableOverDrive
                0x0000000008001bd8       0xa0 ./Drivers/STM32F7xx_HAL_Driver/Src/stm32f7xx_hal_pwr_ex.o
                0x0000000008001bd8                HAL_PWREx_EnableOverDrive
 .text.HAL_RCC_OscConfig
                0x0000000008001c78      0x548 ./Drivers/STM32F7xx_HAL_Driver/Src/stm32f7xx_hal_rcc.o
                0x0000000008001c78                HAL_RCC_OscConfig
 .text.HAL_RCC_ClockConfig
                0x00000000080021c0      0x1d8 ./Drivers/STM32F7xx_HAL_Driver/Src/stm32f7xx_hal_rcc.o
                0x00000000080021c0                HAL_RCC_ClockConfig
 .text.HAL_RCC_GetSysClockFreq
                0x0000000008002398      0x20c ./Drivers/STM32F7xx_HAL_Driver/Src/stm32f7xx_hal_rcc.o
                0x0000000008002398                HAL_RCC_GetSysClockFreq
 .text.HAL_RCC_GetHCLKFreq
                0x00000000080025a4       0x18 ./Drivers/STM32F7xx_HAL_Driver/Src/stm32f7xx_hal_rcc.o
                0x00000000080025a4                HAL_RCC_GetHCLKFreq
 .text.HAL_RCC_GetPCLK1Freq
                0x00000000080025bc       0x28 ./Drivers/STM32F7xx_HAL_Driver/Src/stm32f7xx_hal_rcc.o
                0x00000000080025bc                HAL_RCC_GetPCLK1Freq
 .text.HAL_RCC_GetPCLK2Freq
                0x00000000080025e4       0x28 ./Drivers/STM32F7xx_HAL_Driver/Src/stm32f7xx_hal_rcc.o
                0x00000000080025e4                HAL_RCC_GetPCLK2Freq
 .text.HAL_RCCEx_PeriphCLKConfig
                0x000000000800260c      0x694 ./Drivers/STM32F7xx_HAL_Driver/Src/stm32f7xx_hal_rcc_ex.o
                0x000000000800260c                HAL_RCCEx_PeriphCLKConfig
 .text.HAL_TIM_Base_Init
                0x0000000008002ca0       0xae ./Drivers/STM32F7xx_HAL_Driver/Src/stm32f7xx_hal_tim.o
                0x0000000008002ca0                HAL_TIM_Base_Init
 *fill*         0x0000000008002d4e        0x2 
 .text.HAL_TIM_Base_Start_IT
                0x0000000008002d50       0xf0 ./Drivers/STM32F7xx_HAL_Driver/Src/stm32f7xx_hal_tim.o
                0x0000000008002d50                HAL_TIM_Base_Start_IT
 .text.HAL_TIM_IRQHandler
                0x0000000008002e40      0x23e ./Drivers/STM32F7xx_HAL_Driver/Src/stm32f7xx_hal_tim.o
                0x0000000008002e40                HAL_TIM_IRQHandler
 .text.HAL_TIM_OC_DelayElapsedCallback
                0x000000000800307e       0x14 ./Drivers/STM32F7xx_HAL_Driver/Src/stm32f7xx_hal_tim.o
                0x000000000800307e                HAL_TIM_OC_DelayElapsedCallback
 .text.HAL_TIM_IC_CaptureCallback
                0x0000000008003092       0x14 ./Drivers/STM32F7xx_HAL_Driver/Src/stm32f7xx_hal_tim.o
                0x0000000008003092                HAL_TIM_IC_CaptureCallback
 .text.HAL_TIM_PWM_PulseFinishedCallback
                0x00000000080030a6       0x14 ./Drivers/STM32F7xx_HAL_Driver/Src/stm32f7xx_hal_tim.o
                0x00000000080030a6                HAL_TIM_PWM_PulseFinishedCallback
 .text.HAL_TIM_TriggerCallback
                0x00000000080030ba       0x14 ./Drivers/STM32F7xx_HAL_Driver/Src/stm32f7xx_hal_tim.o
                0x00000000080030ba                HAL_TIM_TriggerCallback
 *fill*         0x00000000080030ce        0x2 
 .text.TIM_Base_SetConfig
                0x00000000080030d0      0x140 ./Drivers/STM32F7xx_HAL_Driver/Src/stm32f7xx_hal_tim.o
                0x00000000080030d0                TIM_Base_SetConfig
 .text.HAL_TIMEx_CommutCallback
                0x0000000008003210       0x14 ./Drivers/STM32F7xx_HAL_Driver/Src/stm32f7xx_hal_tim_ex.o
                0x0000000008003210                HAL_TIMEx_CommutCallback
 .text.HAL_TIMEx_BreakCallback
                0x0000000008003224       0x14 ./Drivers/STM32F7xx_HAL_Driver/Src/stm32f7xx_hal_tim_ex.o
                0x0000000008003224                HAL_TIMEx_BreakCallback
 .text.HAL_TIMEx_Break2Callback
                0x0000000008003238       0x14 ./Drivers/STM32F7xx_HAL_Driver/Src/stm32f7xx_hal_tim_ex.o
                0x0000000008003238                HAL_TIMEx_Break2Callback
 .text.HAL_UART_Init
                0x000000000800324c       0x9c ./Drivers/STM32F7xx_HAL_Driver/Src/stm32f7xx_hal_uart.o
                0x000000000800324c                HAL_UART_Init
 .text.HAL_UART_Transmit_IT
                0x00000000080032e8       0xbc ./Drivers/STM32F7xx_HAL_Driver/Src/stm32f7xx_hal_uart.o
                0x00000000080032e8                HAL_UART_Transmit_IT
 .text.HAL_UART_Receive_IT
                0x00000000080033a4       0x88 ./Drivers/STM32F7xx_HAL_Driver/Src/stm32f7xx_hal_uart.o
                0x00000000080033a4                HAL_UART_Receive_IT
 .text.HAL_UART_IRQHandler
                0x000000000800342c      0x5a4 ./Drivers/STM32F7xx_HAL_Driver/Src/stm32f7xx_hal_uart.o
                0x000000000800342c                HAL_UART_IRQHandler
 .text.HAL_UART_ErrorCallback
                0x00000000080039d0       0x14 ./Drivers/STM32F7xx_HAL_Driver/Src/stm32f7xx_hal_uart.o
                0x00000000080039d0                HAL_UART_ErrorCallback
 .text.HAL_UARTEx_RxEventCallback
                0x00000000080039e4       0x18 ./Drivers/STM32F7xx_HAL_Driver/Src/stm32f7xx_hal_uart.o
                0x00000000080039e4                HAL_UARTEx_RxEventCallback
 .text.UART_SetConfig
                0x00000000080039fc      0x4c8 ./Drivers/STM32F7xx_HAL_Driver/Src/stm32f7xx_hal_uart.o
                0x00000000080039fc                UART_SetConfig
 .text.UART_AdvFeatureConfig
                0x0000000008003ec4      0x144 ./Drivers/STM32F7xx_HAL_Driver/Src/stm32f7xx_hal_uart.o
                0x0000000008003ec4                UART_AdvFeatureConfig
 .text.UART_CheckIdleState
                0x0000000008004008       0x6e ./Drivers/STM32F7xx_HAL_Driver/Src/stm32f7xx_hal_uart.o
                0x0000000008004008                UART_CheckIdleState
 .text.UART_WaitOnFlagUntilTimeout
                0x0000000008004076      0x18c ./Drivers/STM32F7xx_HAL_Driver/Src/stm32f7xx_hal_uart.o
                0x0000000008004076                UART_WaitOnFlagUntilTimeout
 *fill*         0x0000000008004202        0x2 
 .text.UART_Start_Receive_IT
                0x0000000008004204      0x18c ./Drivers/STM32F7xx_HAL_Driver/Src/stm32f7xx_hal_uart.o
                0x0000000008004204                UART_Start_Receive_IT
 .text.UART_EndRxTransfer
                0x0000000008004390       0xc8 ./Drivers/STM32F7xx_HAL_Driver/Src/stm32f7xx_hal_uart.o
 .text.UART_DMAAbortOnError
                0x0000000008004458       0x2c ./Drivers/STM32F7xx_HAL_Driver/Src/stm32f7xx_hal_uart.o
 .text.UART_TxISR_8BIT
                0x0000000008004484       0xb6 ./Drivers/STM32F7xx_HAL_Driver/Src/stm32f7xx_hal_uart.o
 .text.UART_TxISR_16BIT
                0x000000000800453a       0xc0 ./Drivers/STM32F7xx_HAL_Driver/Src/stm32f7xx_hal_uart.o
 .text.UART_EndTransmit_IT
                0x00000000080045fa       0x54 ./Drivers/STM32F7xx_HAL_Driver/Src/stm32f7xx_hal_uart.o
 .text.UART_RxISR_8BIT
                0x000000000800464e      0x166 ./Drivers/STM32F7xx_HAL_Driver/Src/stm32f7xx_hal_uart.o
 .text.UART_RxISR_16BIT
                0x00000000080047b4      0x166 ./Drivers/STM32F7xx_HAL_Driver/Src/stm32f7xx_hal_uart.o
 *fill*         0x000000000800491a        0x2 
 .text.USB_CoreInit
                0x000000000800491c      0x110 ./Drivers/STM32F7xx_HAL_Driver/Src/stm32f7xx_ll_usb.o
                0x000000000800491c                USB_CoreInit
 .text.USB_DisableGlobalInt
                0x0000000008004a2c       0x22 ./Drivers/STM32F7xx_HAL_Driver/Src/stm32f7xx_ll_usb.o
                0x0000000008004a2c                USB_DisableGlobalInt
 .text.USB_SetCurrentMode
                0x0000000008004a4e       0x98 ./Drivers/STM32F7xx_HAL_Driver/Src/stm32f7xx_ll_usb.o
                0x0000000008004a4e                USB_SetCurrentMode
 *fill*         0x0000000008004ae6        0x2 
 .text.USB_DevInit
                0x0000000008004ae8      0x2dc ./Drivers/STM32F7xx_HAL_Driver/Src/stm32f7xx_ll_usb.o
                0x0000000008004ae8                USB_DevInit
 .text.USB_FlushTxFifo
                0x0000000008004dc4       0x68 ./Drivers/STM32F7xx_HAL_Driver/Src/stm32f7xx_ll_usb.o
                0x0000000008004dc4                USB_FlushTxFifo
 .text.USB_FlushRxFifo
                0x0000000008004e2c       0x60 ./Drivers/STM32F7xx_HAL_Driver/Src/stm32f7xx_ll_usb.o
                0x0000000008004e2c                USB_FlushRxFifo
 .text.USB_SetDevSpeed
                0x0000000008004e8c       0x32 ./Drivers/STM32F7xx_HAL_Driver/Src/stm32f7xx_ll_usb.o
                0x0000000008004e8c                USB_SetDevSpeed
 .text.USB_DevDisconnect
                0x0000000008004ebe       0x42 ./Drivers/STM32F7xx_HAL_Driver/Src/stm32f7xx_ll_usb.o
                0x0000000008004ebe                USB_DevDisconnect
 .text.USB_GetMode
                0x0000000008004f00       0x1c ./Drivers/STM32F7xx_HAL_Driver/Src/stm32f7xx_ll_usb.o
                0x0000000008004f00                USB_GetMode
 .text.USB_CoreReset
                0x0000000008004f1c       0x68 ./Drivers/STM32F7xx_HAL_Driver/Src/stm32f7xx_ll_usb.o
 .text.memset   0x0000000008004f84       0x10 C:/ST/STM32CubeIDE_1.14.0/STM32CubeIDE/plugins/com.st.stm32cube.ide.mcu.externaltools.gnu-tools-for-stm32.11.3.rel1.win32_1.1.100.202309141235/tools/bin/../lib/gcc/arm-none-eabi/11.3.1/../../../../arm-none-eabi/lib/thumb/v7e-m+fp/hard\libc_nano.a(libc_a-memset.o)
                0x0000000008004f84                memset
 .text.__libc_init_array
                0x0000000008004f94       0x48 C:/ST/STM32CubeIDE_1.14.0/STM32CubeIDE/plugins/com.st.stm32cube.ide.mcu.externaltools.gnu-tools-for-stm32.11.3.rel1.win32_1.1.100.202309141235/tools/bin/../lib/gcc/arm-none-eabi/11.3.1/../../../../arm-none-eabi/lib/thumb/v7e-m+fp/hard\libc_nano.a(libc_a-init.o)
                0x0000000008004f94                __libc_init_array
 *(.glue_7)
 .glue_7        0x0000000008004fdc        0x0 linker stubs
 *(.glue_7t)
 .glue_7t       0x0000000008004fdc        0x0 linker stubs
 *(.eh_frame)
 .eh_frame      0x0000000008004fdc        0x0 C:/ST/STM32CubeIDE_1.14.0/STM32CubeIDE/plugins/com.st.stm32cube.ide.mcu.externaltools.gnu-tools-for-stm32.11.3.rel1.win32_1.1.100.202309141235/tools/bin/../lib/gcc/arm-none-eabi/11.3.1/thumb/v7e-m+fp/hard/crtbegin.o
 *(.init)
 .init          0x0000000008004fdc        0x4 C:/ST/STM32CubeIDE_1.14.0/STM32CubeIDE/plugins/com.st.stm32cube.ide.mcu.externaltools.gnu-tools-for-stm32.11.3.rel1.win32_1.1.100.202309141235/tools/bin/../lib/gcc/arm-none-eabi/11.3.1/thumb/v7e-m+fp/hard/crti.o
                0x0000000008004fdc                _init
 .init          0x0000000008004fe0        0x8 C:/ST/STM32CubeIDE_1.14.0/STM32CubeIDE/plugins/com.st.stm32cube.ide.mcu.externaltools.gnu-tools-for-stm32.11.3.rel1.win32_1.1.100.202309141235/tools/bin/../lib/gcc/arm-none-eabi/11.3.1/thumb/v7e-m+fp/hard/crtn.o
 *(.fini)
 .fini          0x0000000008004fe8        0x4 C:/ST/STM32CubeIDE_1.14.0/STM32CubeIDE/plugins/com.st.stm32cube.ide.mcu.externaltools.gnu-tools-for-stm32.11.3.rel1.win32_1.1.100.202309141235/tools/bin/../lib/gcc/arm-none-eabi/11.3.1/thumb/v7e-m+fp/hard/crti.o
                0x0000000008004fe8                _fini
 .fini          0x0000000008004fec        0x8 C:/ST/STM32CubeIDE_1.14.0/STM32CubeIDE/plugins/com.st.stm32cube.ide.mcu.externaltools.gnu-tools-for-stm32.11.3.rel1.win32_1.1.100.202309141235/tools/bin/../lib/gcc/arm-none-eabi/11.3.1/thumb/v7e-m+fp/hard/crtn.o
                0x0000000008004ff4                . = ALIGN (0x4)
                0x0000000008004ff4                _etext = .

.vfp11_veneer   0x0000000008004ff4        0x0
 .vfp11_veneer  0x0000000008004ff4        0x0 linker stubs

.v4_bx          0x0000000008004ff4        0x0
 .v4_bx         0x0000000008004ff4        0x0 linker stubs

.iplt           0x0000000008004ff4        0x0
 .iplt          0x0000000008004ff4        0x0 C:/ST/STM32CubeIDE_1.14.0/STM32CubeIDE/plugins/com.st.stm32cube.ide.mcu.externaltools.gnu-tools-for-stm32.11.3.rel1.win32_1.1.100.202309141235/tools/bin/../lib/gcc/arm-none-eabi/11.3.1/thumb/v7e-m+fp/hard/crtbegin.o

.rodata         0x0000000008004ff4       0x98
                0x0000000008004ff4                . = ALIGN (0x4)
 *(.rodata)
 .rodata        0x0000000008004ff4       0x4b ./Core/Src/console.o
 *fill*         0x000000000800503f        0x1 
 .rodata        0x0000000008005040       0x32 ./Core/Src/main.o
 *(.rodata*)
 *fill*         0x0000000008005072        0x2 
 .rodata.AHBPrescTable
                0x0000000008005074       0x10 ./Core/Src/system_stm32f7xx.o
                0x0000000008005074                AHBPrescTable
 .rodata.APBPrescTable
                0x0000000008005084        0x8 ./Core/Src/system_stm32f7xx.o
                0x0000000008005084                APBPrescTable
                0x000000000800508c                . = ALIGN (0x4)

.ARM.extab      0x000000000800508c        0x0
                0x000000000800508c                . = ALIGN (0x4)
 *(.ARM.extab* .gnu.linkonce.armextab.*)
                0x000000000800508c                . = ALIGN (0x4)

.ARM            0x000000000800508c        0x8
                0x000000000800508c                . = ALIGN (0x4)
                0x000000000800508c                __exidx_start = .
 *(.ARM.exidx*)
 .ARM.exidx     0x000000000800508c        0x8 C:/ST/STM32CubeIDE_1.14.0/STM32CubeIDE/plugins/com.st.stm32cube.ide.mcu.externaltools.gnu-tools-for-stm32.11.3.rel1.win32_1.1.100.202309141235/tools/bin/../lib/gcc/arm-none-eabi/11.3.1/thumb/v7e-m+fp/hard\libgcc.a(_udivmoddi4.o)
                0x0000000008005094                __exidx_end = .
                0x0000000008005094                . = ALIGN (0x4)

.rel.dyn        0x0000000008005094        0x0
 .rel.iplt      0x0000000008005094        0x0 C:/ST/STM32CubeIDE_1.14.0/STM32CubeIDE/plugins/com.st.stm32cube.ide.mcu.externaltools.gnu-tools-for-stm32.11.3.rel1.win32_1.1.100.202309141235/tools/bin/../lib/gcc/arm-none-eabi/11.3.1/thumb/v7e-m+fp/hard/crtbegin.o

.preinit_array  0x0000000008005094        0x0
                0x0000000008005094                . = ALIGN (0x4)
                0x0000000008005094                PROVIDE (__preinit_array_start = .)
 *(.preinit_array*)
                0x0000000008005094                PROVIDE (__preinit_array_end = .)
                0x0000000008005094                . = ALIGN (0x4)

.init_array     0x0000000008005094        0x4
                0x0000000008005094                . = ALIGN (0x4)
                0x0000000008005094                PROVIDE (__init_array_start = .)
 *(SORT_BY_NAME(.init_array.*))
 *(.init_array*)
 .init_array    0x0000000008005094        0x4 C:/ST/STM32CubeIDE_1.14.0/STM32CubeIDE/plugins/com.st.stm32cube.ide.mcu.externaltools.gnu-tools-for-stm32.11.3.rel1.win32_1.1.100.202309141235/tools/bin/../lib/gcc/arm-none-eabi/11.3.1/thumb/v7e-m+fp/hard/crtbegin.o
                0x0000000008005098                PROVIDE (__init_array_end = .)
                0x0000000008005098                . = ALIGN (0x4)

.fini_array     0x0000000008005098        0x4
                0x0000000008005098                . = ALIGN (0x4)
                [!provide]                        PROVIDE (__fini_array_start = .)
 *(SORT_BY_NAME(.fini_array.*))
 *(.fini_array*)
 .fini_array    0x0000000008005098        0x4 C:/ST/STM32CubeIDE_1.14.0/STM32CubeIDE/plugins/com.st.stm32cube.ide.mcu.externaltools.gnu-tools-for-stm32.11.3.rel1.win32_1.1.100.202309141235/tools/bin/../lib/gcc/arm-none-eabi/11.3.1/thumb/v7e-m+fp/hard/crtbegin.o
                [!provide]                        PROVIDE (__fini_array_end = .)
                0x000000000800509c                . = ALIGN (0x4)
                0x000000000800509c                _sidata = LOADADDR (.data)

.data           0x0000000020000000       0x14 load address 0x000000000800509c
                0x0000000020000000                . = ALIGN (0x4)
                0x0000000020000000                _sdata = .
 *(.data)
 *(.data*)
 .data.uart_tx_complete
                0x0000000020000000        0x1 ./Core/Src/consoleIo.o
                0x0000000020000000                uart_tx_complete
 *fill*         0x0000000020000001        0x3 
 .data.Value_ARR
                0x0000000020000004        0x4 ./Core/Src/main.o
                0x0000000020000004                Value_ARR
 .data.SystemCoreClock
                0x0000000020000008        0x4 ./Core/Src/system_stm32f7xx.o
                0x0000000020000008                SystemCoreClock
 .data.uwTickPrio
                0x000000002000000c        0x4 ./Drivers/STM32F7xx_HAL_Driver/Src/stm32f7xx_hal.o
                0x000000002000000c                uwTickPrio
 .data.uwTickFreq
                0x0000000020000010        0x1 ./Drivers/STM32F7xx_HAL_Driver/Src/stm32f7xx_hal.o
                0x0000000020000010                uwTickFreq
 *(.RamFunc)
 *(.RamFunc*)
                0x0000000020000014                . = ALIGN (0x4)
 *fill*         0x0000000020000011        0x3 
                0x0000000020000014                _edata = .

.igot.plt       0x0000000020000014        0x0 load address 0x00000000080050b0
 .igot.plt      0x0000000020000014        0x0 C:/ST/STM32CubeIDE_1.14.0/STM32CubeIDE/plugins/com.st.stm32cube.ide.mcu.externaltools.gnu-tools-for-stm32.11.3.rel1.win32_1.1.100.202309141235/tools/bin/../lib/gcc/arm-none-eabi/11.3.1/thumb/v7e-m+fp/hard/crtbegin.o
                0x0000000020000014                . = ALIGN (0x4)

.bss            0x0000000020000014      0x870 load address 0x00000000080050b0
                0x0000000020000014                _sbss = .
                0x0000000020000014                __bss_start__ = _sbss
 *(.bss)
 .bss           0x0000000020000014       0x1c C:/ST/STM32CubeIDE_1.14.0/STM32CubeIDE/plugins/com.st.stm32cube.ide.mcu.externaltools.gnu-tools-for-stm32.11.3.rel1.win32_1.1.100.202309141235/tools/bin/../lib/gcc/arm-none-eabi/11.3.1/thumb/v7e-m+fp/hard/crtbegin.o
 *(.bss*)
 .bss.mReceiveBuffer
                0x0000000020000030      0x100 ./Core/Src/console.o
                0x0000000020000030                mReceiveBuffer
 .bss.mReceivedSoFar
                0x0000000020000130        0x4 ./Core/Src/console.o
                0x0000000020000130                mReceivedSoFar
 .bss.ch        0x0000000020000134        0x1 ./Core/Src/consoleIo.o
                0x0000000020000134                ch
 *fill*         0x0000000020000135        0x3 
 .bss.rx_bufferio
                0x0000000020000138      0x100 ./Core/Src/consoleIo.o
                0x0000000020000138                rx_bufferio
 .bss.rx_counter
                0x0000000020000238        0x1 ./Core/Src/consoleIo.o
                0x0000000020000238                rx_counter
 .bss.buffer_ready
                0x0000000020000239        0x1 ./Core/Src/consoleIo.o
                0x0000000020000239                buffer_ready
 *fill*         0x000000002000023a        0x2 
 .bss.hdac      0x000000002000023c       0x14 ./Core/Src/main.o
                0x000000002000023c                hdac
 .bss.htim11    0x0000000020000250       0x4c ./Core/Src/main.o
                0x0000000020000250                htim11
 .bss.htim13    0x000000002000029c       0x4c ./Core/Src/main.o
                0x000000002000029c                htim13
 .bss.huart3    0x00000000200002e8       0x88 ./Core/Src/main.o
                0x00000000200002e8                huart3
 .bss.hpcd_USB_OTG_FS
                0x0000000020000370      0x508 ./Core/Src/main.o
                0x0000000020000370                hpcd_USB_OTG_FS
 .bss.BlinkSpeed
                0x0000000020000878        0x1 ./Core/Src/main.o
                0x0000000020000878                BlinkSpeed
 .bss.debounceRequest
                0x0000000020000879        0x1 ./Core/Src/main.o
                0x0000000020000879                debounceRequest
 .bss.debounceCount
                0x000000002000087a        0x1 ./Core/Src/main.o
                0x000000002000087a                debounceCount
 *fill*         0x000000002000087b        0x1 
 .bss.Value_DAC
                0x000000002000087c        0x2 ./Core/Src/main.o
                0x000000002000087c                Value_DAC
 *fill*         0x000000002000087e        0x2 
 .bss.uwTick    0x0000000020000880        0x4 ./Drivers/STM32F7xx_HAL_Driver/Src/stm32f7xx_hal.o
                0x0000000020000880                uwTick
 *(COMMON)
                0x0000000020000884                . = ALIGN (0x4)
                0x0000000020000884                _ebss = .
                0x0000000020000884                __bss_end__ = _ebss

._user_heap_stack
                0x0000000020000884      0x604 load address 0x00000000080050b0
                0x0000000020000888                . = ALIGN (0x8)
 *fill*         0x0000000020000884        0x4 
                [!provide]                        PROVIDE (end = .)
                0x0000000020000888                PROVIDE (_end = .)
                0x0000000020000a88                . = (. + _Min_Heap_Size)
 *fill*         0x0000000020000888      0x200 
                0x0000000020000e88                . = (. + _Min_Stack_Size)
 *fill*         0x0000000020000a88      0x400 
                0x0000000020000e88                . = ALIGN (0x8)

/DISCARD/
 libc.a(*)
 libm.a(*)
 libgcc.a(*)

.ARM.attributes
                0x0000000000000000       0x30
 *(.ARM.attributes)
 .ARM.attributes
                0x0000000000000000       0x1e C:/ST/STM32CubeIDE_1.14.0/STM32CubeIDE/plugins/com.st.stm32cube.ide.mcu.externaltools.gnu-tools-for-stm32.11.3.rel1.win32_1.1.100.202309141235/tools/bin/../lib/gcc/arm-none-eabi/11.3.1/thumb/v7e-m+fp/hard/crti.o
 .ARM.attributes
                0x000000000000001e       0x34 C:/ST/STM32CubeIDE_1.14.0/STM32CubeIDE/plugins/com.st.stm32cube.ide.mcu.externaltools.gnu-tools-for-stm32.11.3.rel1.win32_1.1.100.202309141235/tools/bin/../lib/gcc/arm-none-eabi/11.3.1/thumb/v7e-m+fp/hard/crtbegin.o
 .ARM.attributes
                0x0000000000000052       0x34 ./Core/Src/console.o
 .ARM.attributes
                0x0000000000000086       0x34 ./Core/Src/consoleIo.o
 .ARM.attributes
                0x00000000000000ba       0x34 ./Core/Src/main.o
 .ARM.attributes
                0x00000000000000ee       0x34 ./Core/Src/stm32f7xx_hal_msp.o
 .ARM.attributes
                0x0000000000000122       0x34 ./Core/Src/stm32f7xx_it.o
 .ARM.attributes
                0x0000000000000156       0x34 ./Core/Src/system_stm32f7xx.o
 .ARM.attributes
                0x000000000000018a       0x21 ./Core/Startup/startup_stm32f722zetx.o
 .ARM.attributes
                0x00000000000001ab       0x34 ./Drivers/STM32F7xx_HAL_Driver/Src/stm32f7xx_hal.o
 .ARM.attributes
                0x00000000000001df       0x34 ./Drivers/STM32F7xx_HAL_Driver/Src/stm32f7xx_hal_cortex.o
 .ARM.attributes
                0x0000000000000213       0x34 ./Drivers/STM32F7xx_HAL_Driver/Src/stm32f7xx_hal_dac.o
 .ARM.attributes
                0x0000000000000247       0x34 ./Drivers/STM32F7xx_HAL_Driver/Src/stm32f7xx_hal_dma.o
 .ARM.attributes
                0x000000000000027b       0x34 ./Drivers/STM32F7xx_HAL_Driver/Src/stm32f7xx_hal_gpio.o
 .ARM.attributes
                0x00000000000002af       0x34 ./Drivers/STM32F7xx_HAL_Driver/Src/stm32f7xx_hal_pcd.o
 .ARM.attributes
                0x00000000000002e3       0x34 ./Drivers/STM32F7xx_HAL_Driver/Src/stm32f7xx_hal_pcd_ex.o
 .ARM.attributes
                0x0000000000000317       0x34 ./Drivers/STM32F7xx_HAL_Driver/Src/stm32f7xx_hal_pwr.o
 .ARM.attributes
                0x000000000000034b       0x34 ./Drivers/STM32F7xx_HAL_Driver/Src/stm32f7xx_hal_pwr_ex.o
 .ARM.attributes
                0x000000000000037f       0x34 ./Drivers/STM32F7xx_HAL_Driver/Src/stm32f7xx_hal_rcc.o
 .ARM.attributes
                0x00000000000003b3       0x34 ./Drivers/STM32F7xx_HAL_Driver/Src/stm32f7xx_hal_rcc_ex.o
 .ARM.attributes
                0x00000000000003e7       0x34 ./Drivers/STM32F7xx_HAL_Driver/Src/stm32f7xx_hal_tim.o
 .ARM.attributes
                0x000000000000041b       0x34 ./Drivers/STM32F7xx_HAL_Driver/Src/stm32f7xx_hal_tim_ex.o
 .ARM.attributes
                0x000000000000044f       0x34 ./Drivers/STM32F7xx_HAL_Driver/Src/stm32f7xx_hal_uart.o
 .ARM.attributes
                0x0000000000000483       0x34 ./Drivers/STM32F7xx_HAL_Driver/Src/stm32f7xx_ll_usb.o
 .ARM.attributes
                0x00000000000004b7       0x34 C:/ST/STM32CubeIDE_1.14.0/STM32CubeIDE/plugins/com.st.stm32cube.ide.mcu.externaltools.gnu-tools-for-stm32.11.3.rel1.win32_1.1.100.202309141235/tools/bin/../lib/gcc/arm-none-eabi/11.3.1/../../../../arm-none-eabi/lib/thumb/v7e-m+fp/hard\libc_nano.a(libc_a-memset.o)
 .ARM.attributes
                0x00000000000004eb       0x34 C:/ST/STM32CubeIDE_1.14.0/STM32CubeIDE/plugins/com.st.stm32cube.ide.mcu.externaltools.gnu-tools-for-stm32.11.3.rel1.win32_1.1.100.202309141235/tools/bin/../lib/gcc/arm-none-eabi/11.3.1/../../../../arm-none-eabi/lib/thumb/v7e-m+fp/hard\libc_nano.a(libc_a-init.o)
 .ARM.attributes
                0x000000000000051f       0x17 C:/ST/STM32CubeIDE_1.14.0/STM32CubeIDE/plugins/com.st.stm32cube.ide.mcu.externaltools.gnu-tools-for-stm32.11.3.rel1.win32_1.1.100.202309141235/tools/bin/../lib/gcc/arm-none-eabi/11.3.1/../../../../arm-none-eabi/lib/thumb/v7e-m+fp/hard\libc_nano.a(libc_a-strlen.o)
 .ARM.attributes
                0x0000000000000536       0x1e C:/ST/STM32CubeIDE_1.14.0/STM32CubeIDE/plugins/com.st.stm32cube.ide.mcu.externaltools.gnu-tools-for-stm32.11.3.rel1.win32_1.1.100.202309141235/tools/bin/../lib/gcc/arm-none-eabi/11.3.1/thumb/v7e-m+fp/hard\libgcc.a(_aeabi_uldivmod.o)
 .ARM.attributes
                0x0000000000000554       0x34 C:/ST/STM32CubeIDE_1.14.0/STM32CubeIDE/plugins/com.st.stm32cube.ide.mcu.externaltools.gnu-tools-for-stm32.11.3.rel1.win32_1.1.100.202309141235/tools/bin/../lib/gcc/arm-none-eabi/11.3.1/thumb/v7e-m+fp/hard\libgcc.a(_udivmoddi4.o)
 .ARM.attributes
                0x0000000000000588       0x1e C:/ST/STM32CubeIDE_1.14.0/STM32CubeIDE/plugins/com.st.stm32cube.ide.mcu.externaltools.gnu-tools-for-stm32.11.3.rel1.win32_1.1.100.202309141235/tools/bin/../lib/gcc/arm-none-eabi/11.3.1/thumb/v7e-m+fp/hard\libgcc.a(_dvmd_tls.o)
 .ARM.attributes
                0x00000000000005a6       0x1e C:/ST/STM32CubeIDE_1.14.0/STM32CubeIDE/plugins/com.st.stm32cube.ide.mcu.externaltools.gnu-tools-for-stm32.11.3.rel1.win32_1.1.100.202309141235/tools/bin/../lib/gcc/arm-none-eabi/11.3.1/thumb/v7e-m+fp/hard/crtn.o
OUTPUT(STM32_MES_PROJECT.elf elf32-littlearm)
LOAD linker stubs
LOAD C:/ST/STM32CubeIDE_1.14.0/STM32CubeIDE/plugins/com.st.stm32cube.ide.mcu.externaltools.gnu-tools-for-stm32.11.3.rel1.win32_1.1.100.202309141235/tools/bin/../lib/gcc/arm-none-eabi/11.3.1/../../../../arm-none-eabi/lib/thumb/v7e-m+fp/hard\libc.a
LOAD C:/ST/STM32CubeIDE_1.14.0/STM32CubeIDE/plugins/com.st.stm32cube.ide.mcu.externaltools.gnu-tools-for-stm32.11.3.rel1.win32_1.1.100.202309141235/tools/bin/../lib/gcc/arm-none-eabi/11.3.1/../../../../arm-none-eabi/lib/thumb/v7e-m+fp/hard\libm.a
LOAD C:/ST/STM32CubeIDE_1.14.0/STM32CubeIDE/plugins/com.st.stm32cube.ide.mcu.externaltools.gnu-tools-for-stm32.11.3.rel1.win32_1.1.100.202309141235/tools/bin/../lib/gcc/arm-none-eabi/11.3.1/thumb/v7e-m+fp/hard\libgcc.a

.comment        0x0000000000000000       0x43
 .comment       0x0000000000000000       0x43 C:/ST/STM32CubeIDE_1.14.0/STM32CubeIDE/plugins/com.st.stm32cube.ide.mcu.externaltools.gnu-tools-for-stm32.11.3.rel1.win32_1.1.100.202309141235/tools/bin/../lib/gcc/arm-none-eabi/11.3.1/thumb/v7e-m+fp/hard/crtbegin.o
                                         0x44 (size before relaxing)
 .comment       0x0000000000000043       0x44 ./Core/Src/console.o
 .comment       0x0000000000000043       0x44 ./Core/Src/consoleIo.o
 .comment       0x0000000000000043       0x44 ./Core/Src/main.o
 .comment       0x0000000000000043       0x44 ./Core/Src/stm32f7xx_hal_msp.o
 .comment       0x0000000000000043       0x44 ./Core/Src/stm32f7xx_it.o
 .comment       0x0000000000000043       0x44 ./Core/Src/system_stm32f7xx.o
 .comment       0x0000000000000043       0x44 ./Drivers/STM32F7xx_HAL_Driver/Src/stm32f7xx_hal.o
 .comment       0x0000000000000043       0x44 ./Drivers/STM32F7xx_HAL_Driver/Src/stm32f7xx_hal_cortex.o
 .comment       0x0000000000000043       0x44 ./Drivers/STM32F7xx_HAL_Driver/Src/stm32f7xx_hal_dac.o
 .comment       0x0000000000000043       0x44 ./Drivers/STM32F7xx_HAL_Driver/Src/stm32f7xx_hal_dma.o
 .comment       0x0000000000000043       0x44 ./Drivers/STM32F7xx_HAL_Driver/Src/stm32f7xx_hal_gpio.o
 .comment       0x0000000000000043       0x44 ./Drivers/STM32F7xx_HAL_Driver/Src/stm32f7xx_hal_pcd.o
 .comment       0x0000000000000043       0x44 ./Drivers/STM32F7xx_HAL_Driver/Src/stm32f7xx_hal_pcd_ex.o
 .comment       0x0000000000000043       0x44 ./Drivers/STM32F7xx_HAL_Driver/Src/stm32f7xx_hal_pwr.o
 .comment       0x0000000000000043       0x44 ./Drivers/STM32F7xx_HAL_Driver/Src/stm32f7xx_hal_pwr_ex.o
 .comment       0x0000000000000043       0x44 ./Drivers/STM32F7xx_HAL_Driver/Src/stm32f7xx_hal_rcc.o
 .comment       0x0000000000000043       0x44 ./Drivers/STM32F7xx_HAL_Driver/Src/stm32f7xx_hal_rcc_ex.o
 .comment       0x0000000000000043       0x44 ./Drivers/STM32F7xx_HAL_Driver/Src/stm32f7xx_hal_tim.o
 .comment       0x0000000000000043       0x44 ./Drivers/STM32F7xx_HAL_Driver/Src/stm32f7xx_hal_tim_ex.o
 .comment       0x0000000000000043       0x44 ./Drivers/STM32F7xx_HAL_Driver/Src/stm32f7xx_hal_uart.o
 .comment       0x0000000000000043       0x44 ./Drivers/STM32F7xx_HAL_Driver/Src/stm32f7xx_ll_usb.o

.debug_info     0x0000000000000000    0x15c68
 .debug_info    0x0000000000000000      0x891 ./Core/Src/console.o
 .debug_info    0x0000000000000891      0x8b0 ./Core/Src/consoleIo.o
 .debug_info    0x0000000000001141     0x19dc ./Core/Src/main.o
 .debug_info    0x0000000000002b1d     0x1a82 ./Core/Src/stm32f7xx_hal_msp.o
 .debug_info    0x000000000000459f      0xad6 ./Core/Src/stm32f7xx_it.o
 .debug_info    0x0000000000005075      0x6ed ./Core/Src/system_stm32f7xx.o
 .debug_info    0x0000000000005762       0x23 ./Core/Startup/startup_stm32f722zetx.o
 .debug_info    0x0000000000005785      0x990 ./Drivers/STM32F7xx_HAL_Driver/Src/stm32f7xx_hal.o
 .debug_info    0x0000000000006115      0xf01 ./Drivers/STM32F7xx_HAL_Driver/Src/stm32f7xx_hal_cortex.o
 .debug_info    0x0000000000007016      0x9c0 ./Drivers/STM32F7xx_HAL_Driver/Src/stm32f7xx_hal_dac.o
 .debug_info    0x00000000000079d6      0x8e7 ./Drivers/STM32F7xx_HAL_Driver/Src/stm32f7xx_hal_dma.o
 .debug_info    0x00000000000082bd      0x6e7 ./Drivers/STM32F7xx_HAL_Driver/Src/stm32f7xx_hal_gpio.o
 .debug_info    0x00000000000089a4     0x156c ./Drivers/STM32F7xx_HAL_Driver/Src/stm32f7xx_hal_pcd.o
 .debug_info    0x0000000000009f10      0x78b ./Drivers/STM32F7xx_HAL_Driver/Src/stm32f7xx_hal_pcd_ex.o
 .debug_info    0x000000000000a69b      0x90e ./Drivers/STM32F7xx_HAL_Driver/Src/stm32f7xx_hal_pwr.o
 .debug_info    0x000000000000afa9      0x8cd ./Drivers/STM32F7xx_HAL_Driver/Src/stm32f7xx_hal_pwr_ex.o
 .debug_info    0x000000000000b876      0x8e8 ./Drivers/STM32F7xx_HAL_Driver/Src/stm32f7xx_hal_rcc.o
 .debug_info    0x000000000000c15e      0x6b2 ./Drivers/STM32F7xx_HAL_Driver/Src/stm32f7xx_hal_rcc_ex.o
 .debug_info    0x000000000000c810     0x2a9a ./Drivers/STM32F7xx_HAL_Driver/Src/stm32f7xx_hal_tim.o
 .debug_info    0x000000000000f2aa     0x15bb ./Drivers/STM32F7xx_HAL_Driver/Src/stm32f7xx_hal_tim_ex.o
 .debug_info    0x0000000000010865     0x3a47 ./Drivers/STM32F7xx_HAL_Driver/Src/stm32f7xx_hal_uart.o
 .debug_info    0x00000000000142ac     0x19bc ./Drivers/STM32F7xx_HAL_Driver/Src/stm32f7xx_ll_usb.o

.debug_abbrev   0x0000000000000000     0x2f72
 .debug_abbrev  0x0000000000000000      0x23a ./Core/Src/console.o
 .debug_abbrev  0x000000000000023a      0x219 ./Core/Src/consoleIo.o
 .debug_abbrev  0x0000000000000453      0x35d ./Core/Src/main.o
 .debug_abbrev  0x00000000000007b0      0x28d ./Core/Src/stm32f7xx_hal_msp.o
 .debug_abbrev  0x0000000000000a3d      0x19c ./Core/Src/stm32f7xx_it.o
 .debug_abbrev  0x0000000000000bd9      0x13b ./Core/Src/system_stm32f7xx.o
 .debug_abbrev  0x0000000000000d14       0x12 ./Core/Startup/startup_stm32f722zetx.o
 .debug_abbrev  0x0000000000000d26      0x213 ./Drivers/STM32F7xx_HAL_Driver/Src/stm32f7xx_hal.o
 .debug_abbrev  0x0000000000000f39      0x329 ./Drivers/STM32F7xx_HAL_Driver/Src/stm32f7xx_hal_cortex.o
 .debug_abbrev  0x0000000000001262      0x1f3 ./Drivers/STM32F7xx_HAL_Driver/Src/stm32f7xx_hal_dac.o
 .debug_abbrev  0x0000000000001455      0x264 ./Drivers/STM32F7xx_HAL_Driver/Src/stm32f7xx_hal_dma.o
 .debug_abbrev  0x00000000000016b9      0x1d4 ./Drivers/STM32F7xx_HAL_Driver/Src/stm32f7xx_hal_gpio.o
 .debug_abbrev  0x000000000000188d      0x2e7 ./Drivers/STM32F7xx_HAL_Driver/Src/stm32f7xx_hal_pcd.o
 .debug_abbrev  0x0000000000001b74      0x1ca ./Drivers/STM32F7xx_HAL_Driver/Src/stm32f7xx_hal_pcd_ex.o
 .debug_abbrev  0x0000000000001d3e      0x1c5 ./Drivers/STM32F7xx_HAL_Driver/Src/stm32f7xx_hal_pwr.o
 .debug_abbrev  0x0000000000001f03      0x1d5 ./Drivers/STM32F7xx_HAL_Driver/Src/stm32f7xx_hal_pwr_ex.o
 .debug_abbrev  0x00000000000020d8      0x288 ./Drivers/STM32F7xx_HAL_Driver/Src/stm32f7xx_hal_rcc.o
 .debug_abbrev  0x0000000000002360      0x1a5 ./Drivers/STM32F7xx_HAL_Driver/Src/stm32f7xx_hal_rcc_ex.o
 .debug_abbrev  0x0000000000002505      0x278 ./Drivers/STM32F7xx_HAL_Driver/Src/stm32f7xx_hal_tim.o
 .debug_abbrev  0x000000000000277d      0x283 ./Drivers/STM32F7xx_HAL_Driver/Src/stm32f7xx_hal_tim_ex.o
 .debug_abbrev  0x0000000000002a00      0x2e6 ./Drivers/STM32F7xx_HAL_Driver/Src/stm32f7xx_hal_uart.o
 .debug_abbrev  0x0000000000002ce6      0x28c ./Drivers/STM32F7xx_HAL_Driver/Src/stm32f7xx_ll_usb.o

.debug_aranges  0x0000000000000000     0x12e0
 .debug_aranges
                0x0000000000000000       0xa0 ./Core/Src/console.o
 .debug_aranges
                0x00000000000000a0       0x40 ./Core/Src/consoleIo.o
 .debug_aranges
                0x00000000000000e0       0x68 ./Core/Src/main.o
 .debug_aranges
                0x0000000000000148       0x60 ./Core/Src/stm32f7xx_hal_msp.o
 .debug_aranges
                0x00000000000001a8       0x78 ./Core/Src/stm32f7xx_it.o
 .debug_aranges
                0x0000000000000220       0x28 ./Core/Src/system_stm32f7xx.o
 .debug_aranges
                0x0000000000000248       0x28 ./Core/Startup/startup_stm32f722zetx.o
 .debug_aranges
                0x0000000000000270      0x100 ./Drivers/STM32F7xx_HAL_Driver/Src/stm32f7xx_hal.o
 .debug_aranges
                0x0000000000000370      0x118 ./Drivers/STM32F7xx_HAL_Driver/Src/stm32f7xx_hal_cortex.o
 .debug_aranges
                0x0000000000000488       0xc0 ./Drivers/STM32F7xx_HAL_Driver/Src/stm32f7xx_hal_dac.o
 .debug_aranges
                0x0000000000000548       0x90 ./Drivers/STM32F7xx_HAL_Driver/Src/stm32f7xx_hal_dma.o
 .debug_aranges
                0x00000000000005d8       0x58 ./Drivers/STM32F7xx_HAL_Driver/Src/stm32f7xx_hal_gpio.o
 .debug_aranges
                0x0000000000000630      0x148 ./Drivers/STM32F7xx_HAL_Driver/Src/stm32f7xx_hal_pcd.o
 .debug_aranges
                0x0000000000000778       0x48 ./Drivers/STM32F7xx_HAL_Driver/Src/stm32f7xx_hal_pcd_ex.o
 .debug_aranges
                0x00000000000007c0       0xa0 ./Drivers/STM32F7xx_HAL_Driver/Src/stm32f7xx_hal_pwr.o
 .debug_aranges
                0x0000000000000860       0x80 ./Drivers/STM32F7xx_HAL_Driver/Src/stm32f7xx_hal_pwr_ex.o
 .debug_aranges
                0x00000000000008e0       0x88 ./Drivers/STM32F7xx_HAL_Driver/Src/stm32f7xx_hal_rcc.o
 .debug_aranges
                0x0000000000000968       0x50 ./Drivers/STM32F7xx_HAL_Driver/Src/stm32f7xx_hal_rcc_ex.o
 .debug_aranges
                0x00000000000009b8      0x3e0 ./Drivers/STM32F7xx_HAL_Driver/Src/stm32f7xx_hal_tim.o
 .debug_aranges
                0x0000000000000d98      0x178 ./Drivers/STM32F7xx_HAL_Driver/Src/stm32f7xx_hal_tim_ex.o
 .debug_aranges
                0x0000000000000f10      0x228 ./Drivers/STM32F7xx_HAL_Driver/Src/stm32f7xx_hal_uart.o
 .debug_aranges
                0x0000000000001138      0x1a8 ./Drivers/STM32F7xx_HAL_Driver/Src/stm32f7xx_ll_usb.o

.debug_rnglists
                0x0000000000000000      0xeab
 .debug_rnglists
                0x0000000000000000       0x79 ./Core/Src/console.o
 .debug_rnglists
                0x0000000000000079       0x2b ./Core/Src/consoleIo.o
 .debug_rnglists
                0x00000000000000a4       0x4c ./Core/Src/main.o
 .debug_rnglists
                0x00000000000000f0       0x47 ./Core/Src/stm32f7xx_hal_msp.o
 .debug_rnglists
                0x0000000000000137       0x55 ./Core/Src/stm32f7xx_it.o
 .debug_rnglists
                0x000000000000018c       0x1a ./Core/Src/system_stm32f7xx.o
 .debug_rnglists
                0x00000000000001a6       0x19 ./Core/Startup/startup_stm32f722zetx.o
 .debug_rnglists
                0x00000000000001bf       0xbb ./Drivers/STM32F7xx_HAL_Driver/Src/stm32f7xx_hal.o
 .debug_rnglists
                0x000000000000027a       0xce ./Drivers/STM32F7xx_HAL_Driver/Src/stm32f7xx_hal_cortex.o
 .debug_rnglists
                0x0000000000000348       0x90 ./Drivers/STM32F7xx_HAL_Driver/Src/stm32f7xx_hal_dac.o
 .debug_rnglists
                0x00000000000003d8       0x70 ./Drivers/STM32F7xx_HAL_Driver/Src/stm32f7xx_hal_dma.o
 .debug_rnglists
                0x0000000000000448       0x3f ./Drivers/STM32F7xx_HAL_Driver/Src/stm32f7xx_hal_gpio.o
 .debug_rnglists
                0x0000000000000487       0xfc ./Drivers/STM32F7xx_HAL_Driver/Src/stm32f7xx_hal_pcd.o
 .debug_rnglists
                0x0000000000000583       0x32 ./Drivers/STM32F7xx_HAL_Driver/Src/stm32f7xx_hal_pcd_ex.o
 .debug_rnglists
                0x00000000000005b5       0x74 ./Drivers/STM32F7xx_HAL_Driver/Src/stm32f7xx_hal_pwr.o
 .debug_rnglists
                0x0000000000000629       0x5f ./Drivers/STM32F7xx_HAL_Driver/Src/stm32f7xx_hal_pwr_ex.o
 .debug_rnglists
                0x0000000000000688       0x67 ./Drivers/STM32F7xx_HAL_Driver/Src/stm32f7xx_hal_rcc.o
 .debug_rnglists
                0x00000000000006ef       0x3c ./Drivers/STM32F7xx_HAL_Driver/Src/stm32f7xx_hal_rcc_ex.o
 .debug_rnglists
                0x000000000000072b      0x328 ./Drivers/STM32F7xx_HAL_Driver/Src/stm32f7xx_hal_tim.o
 .debug_rnglists
                0x0000000000000a53      0x131 ./Drivers/STM32F7xx_HAL_Driver/Src/stm32f7xx_hal_tim_ex.o
 .debug_rnglists
                0x0000000000000b84      0x1d9 ./Drivers/STM32F7xx_HAL_Driver/Src/stm32f7xx_hal_uart.o
 .debug_rnglists
                0x0000000000000d5d      0x14e ./Drivers/STM32F7xx_HAL_Driver/Src/stm32f7xx_ll_usb.o

.debug_macro    0x0000000000000000    0x24052
 .debug_macro   0x0000000000000000      0x1ca ./Core/Src/console.o
 .debug_macro   0x00000000000001ca      0xaa8 ./Core/Src/console.o
 .debug_macro   0x0000000000000c72       0x22 ./Core/Src/console.o
 .debug_macro   0x0000000000000c94       0x5b ./Core/Src/console.o
 .debug_macro   0x0000000000000cef       0x2a ./Core/Src/console.o
 .debug_macro   0x0000000000000d19       0x94 ./Core/Src/console.o
 .debug_macro   0x0000000000000dad       0x43 ./Core/Src/console.o
 .debug_macro   0x0000000000000df0       0x34 ./Core/Src/console.o
 .debug_macro   0x0000000000000e24      0x174 ./Core/Src/console.o
 .debug_macro   0x0000000000000f98       0x16 ./Core/Src/console.o
 .debug_macro   0x0000000000000fae       0x43 ./Core/Src/console.o
 .debug_macro   0x0000000000000ff1       0x57 ./Core/Src/console.o
 .debug_macro   0x0000000000001048       0x34 ./Core/Src/console.o
 .debug_macro   0x000000000000107c       0x10 ./Core/Src/console.o
 .debug_macro   0x000000000000108c       0x58 ./Core/Src/console.o
 .debug_macro   0x00000000000010e4       0x8e ./Core/Src/console.o
 .debug_macro   0x0000000000001172       0x1c ./Core/Src/console.o
 .debug_macro   0x000000000000118e      0x177 ./Core/Src/console.o
 .debug_macro   0x0000000000001305      0x369 ./Core/Src/console.o
 .debug_macro   0x000000000000166e       0x10 ./Core/Src/console.o
 .debug_macro   0x000000000000167e       0x35 ./Core/Src/console.o
 .debug_macro   0x00000000000016b3       0x20 ./Core/Src/console.o
 .debug_macro   0x00000000000016d3       0x16 ./Core/Src/console.o
 .debug_macro   0x00000000000016e9       0x16 ./Core/Src/console.o
 .debug_macro   0x00000000000016ff       0x29 ./Core/Src/console.o
 .debug_macro   0x0000000000001728       0x22 ./Core/Src/console.o
 .debug_macro   0x000000000000174a      0x103 ./Core/Src/console.o
 .debug_macro   0x000000000000184d       0x6a ./Core/Src/console.o
 .debug_macro   0x00000000000018b7      0x1df ./Core/Src/console.o
 .debug_macro   0x0000000000001a96       0x1c ./Core/Src/console.o
 .debug_macro   0x0000000000001ab2       0x22 ./Core/Src/console.o
 .debug_macro   0x0000000000001ad4      0x32c ./Core/Src/consoleIo.o
 .debug_macro   0x0000000000001e00       0x8e ./Core/Src/consoleIo.o
 .debug_macro   0x0000000000001e8e       0x51 ./Core/Src/consoleIo.o
 .debug_macro   0x0000000000001edf       0x61 ./Core/Src/consoleIo.o
 .debug_macro   0x0000000000001f40       0x16 ./Core/Src/consoleIo.o
 .debug_macro   0x0000000000001f56       0x97 ./Core/Src/consoleIo.o
 .debug_macro   0x0000000000001fed       0xfd ./Core/Src/consoleIo.o
 .debug_macro   0x00000000000020ea       0x10 ./Core/Src/consoleIo.o
 .debug_macro   0x00000000000020fa       0x16 ./Core/Src/consoleIo.o
 .debug_macro   0x0000000000002110       0x16 ./Core/Src/consoleIo.o
 .debug_macro   0x0000000000002126      0x147 ./Core/Src/consoleIo.o
 .debug_macro   0x000000000000226d      0x29f ./Core/Src/consoleIo.o
 .debug_macro   0x000000000000250c       0x2e ./Core/Src/consoleIo.o
 .debug_macro   0x000000000000253a       0x3b ./Core/Src/consoleIo.o
 .debug_macro   0x0000000000002575       0x1c ./Core/Src/consoleIo.o
 .debug_macro   0x0000000000002591       0x22 ./Core/Src/consoleIo.o
 .debug_macro   0x00000000000025b3       0xd9 ./Core/Src/consoleIo.o
 .debug_macro   0x000000000000268c     0x12cd ./Core/Src/consoleIo.o
 .debug_macro   0x0000000000003959      0x11f ./Core/Src/consoleIo.o
 .debug_macro   0x0000000000003a78       0x19 ./Core/Src/consoleIo.o
 .debug_macro   0x0000000000003a91    0x15c67 ./Core/Src/consoleIo.o
 .debug_macro   0x00000000000196f8       0x6d ./Core/Src/consoleIo.o
 .debug_macro   0x0000000000019765     0x3749 ./Core/Src/consoleIo.o
 .debug_macro   0x000000000001ceae       0x5d ./Core/Src/consoleIo.o
 .debug_macro   0x000000000001cf0b     0x1588 ./Core/Src/consoleIo.o
 .debug_macro   0x000000000001e493      0x6c4 ./Core/Src/consoleIo.o
 .debug_macro   0x000000000001eb57      0x17e ./Core/Src/consoleIo.o
 .debug_macro   0x000000000001ecd5      0x115 ./Core/Src/consoleIo.o
 .debug_macro   0x000000000001edea      0x1d8 ./Core/Src/consoleIo.o
 .debug_macro   0x000000000001efc2       0xa5 ./Core/Src/consoleIo.o
 .debug_macro   0x000000000001f067      0x24f ./Core/Src/consoleIo.o
 .debug_macro   0x000000000001f2b6       0x71 ./Core/Src/consoleIo.o
 .debug_macro   0x000000000001f327       0x58 ./Core/Src/consoleIo.o
 .debug_macro   0x000000000001f37f      0x236 ./Core/Src/consoleIo.o
 .debug_macro   0x000000000001f5b5      0x122 ./Core/Src/consoleIo.o
 .debug_macro   0x000000000001f6d7       0xa6 ./Core/Src/consoleIo.o
 .debug_macro   0x000000000001f77d      0x154 ./Core/Src/consoleIo.o
 .debug_macro   0x000000000001f8d1      0x2c3 ./Core/Src/consoleIo.o
 .debug_macro   0x000000000001fb94       0x12 ./Core/Src/consoleIo.o
 .debug_macro   0x000000000001fba6      0x22c ./Core/Src/consoleIo.o
 .debug_macro   0x000000000001fdd2       0x61 ./Core/Src/consoleIo.o
 .debug_macro   0x000000000001fe33       0xa5 ./Core/Src/consoleIo.o
 .debug_macro   0x000000000001fed8      0x12e ./Core/Src/consoleIo.o
 .debug_macro   0x0000000000020006      0x108 ./Core/Src/consoleIo.o
 .debug_macro   0x000000000002010e       0x35 ./Core/Src/consoleIo.o
 .debug_macro   0x0000000000020143      0xa7c ./Core/Src/consoleIo.o
 .debug_macro   0x0000000000020bbf       0x59 ./Core/Src/consoleIo.o
 .debug_macro   0x0000000000020c18      0x56d ./Core/Src/consoleIo.o
 .debug_macro   0x0000000000021185       0x44 ./Core/Src/consoleIo.o
 .debug_macro   0x00000000000211c9      0x256 ./Core/Src/consoleIo.o
 .debug_macro   0x000000000002141f       0xba ./Core/Src/consoleIo.o
 .debug_macro   0x00000000000214d9      0x14d ./Core/Src/consoleIo.o
 .debug_macro   0x0000000000021626       0x16 ./Core/Src/consoleIo.o
 .debug_macro   0x000000000002163c      0x232 ./Core/Src/main.o
 .debug_macro   0x000000000002186e       0x63 ./Core/Src/main.o
 .debug_macro   0x00000000000218d1       0xd0 ./Core/Src/main.o
 .debug_macro   0x00000000000219a1      0x229 ./Core/Src/stm32f7xx_hal_msp.o
 .debug_macro   0x0000000000021bca      0x233 ./Core/Src/stm32f7xx_it.o
 .debug_macro   0x0000000000021dfd      0x21a ./Core/Src/system_stm32f7xx.o
 .debug_macro   0x0000000000022017      0x23e ./Drivers/STM32F7xx_HAL_Driver/Src/stm32f7xx_hal.o
 .debug_macro   0x0000000000022255      0x21a ./Drivers/STM32F7xx_HAL_Driver/Src/stm32f7xx_hal_cortex.o
 .debug_macro   0x000000000002246f      0x21b ./Drivers/STM32F7xx_HAL_Driver/Src/stm32f7xx_hal_dac.o
 .debug_macro   0x000000000002268a      0x220 ./Drivers/STM32F7xx_HAL_Driver/Src/stm32f7xx_hal_dma.o
 .debug_macro   0x00000000000228aa      0x220 ./Drivers/STM32F7xx_HAL_Driver/Src/stm32f7xx_hal_gpio.o
 .debug_macro   0x0000000000022aca      0x226 ./Drivers/STM32F7xx_HAL_Driver/Src/stm32f7xx_hal_pcd.o
 .debug_macro   0x0000000000022cf0      0x21a ./Drivers/STM32F7xx_HAL_Driver/Src/stm32f7xx_hal_pcd_ex.o
 .debug_macro   0x0000000000022f0a      0x238 ./Drivers/STM32F7xx_HAL_Driver/Src/stm32f7xx_hal_pwr.o
 .debug_macro   0x0000000000023142      0x232 ./Drivers/STM32F7xx_HAL_Driver/Src/stm32f7xx_hal_pwr_ex.o
 .debug_macro   0x0000000000023374      0x23e ./Drivers/STM32F7xx_HAL_Driver/Src/stm32f7xx_hal_rcc.o
 .debug_macro   0x00000000000235b2      0x21a ./Drivers/STM32F7xx_HAL_Driver/Src/stm32f7xx_hal_rcc_ex.o
 .debug_macro   0x00000000000237cc      0x21b ./Drivers/STM32F7xx_HAL_Driver/Src/stm32f7xx_hal_tim.o
 .debug_macro   0x00000000000239e7      0x21a ./Drivers/STM32F7xx_HAL_Driver/Src/stm32f7xx_hal_tim_ex.o
 .debug_macro   0x0000000000023c01      0x237 ./Drivers/STM32F7xx_HAL_Driver/Src/stm32f7xx_hal_uart.o
 .debug_macro   0x0000000000023e38      0x21a ./Drivers/STM32F7xx_HAL_Driver/Src/stm32f7xx_ll_usb.o

.debug_line     0x0000000000000000    0x17343
 .debug_line    0x0000000000000000      0xaa1 ./Core/Src/console.o
 .debug_line    0x0000000000000aa1      0xa20 ./Core/Src/consoleIo.o
 .debug_line    0x00000000000014c1      0xa6b ./Core/Src/main.o
 .debug_line    0x0000000000001f2c      0x967 ./Core/Src/stm32f7xx_hal_msp.o
 .debug_line    0x0000000000002893      0x8fc ./Core/Src/stm32f7xx_it.o
 .debug_line    0x000000000000318f      0x871 ./Core/Src/system_stm32f7xx.o
 .debug_line    0x0000000000003a00       0x7a ./Core/Startup/startup_stm32f722zetx.o
 .debug_line    0x0000000000003a7a      0xb02 ./Drivers/STM32F7xx_HAL_Driver/Src/stm32f7xx_hal.o
 .debug_line    0x000000000000457c      0xd88 ./Drivers/STM32F7xx_HAL_Driver/Src/stm32f7xx_hal_cortex.o
 .debug_line    0x0000000000005304      0xc24 ./Drivers/STM32F7xx_HAL_Driver/Src/stm32f7xx_hal_dac.o
 .debug_line    0x0000000000005f28     0x1051 ./Drivers/STM32F7xx_HAL_Driver/Src/stm32f7xx_hal_dma.o
 .debug_line    0x0000000000006f79      0xc4e ./Drivers/STM32F7xx_HAL_Driver/Src/stm32f7xx_hal_gpio.o
 .debug_line    0x0000000000007bc7     0x1551 ./Drivers/STM32F7xx_HAL_Driver/Src/stm32f7xx_hal_pcd.o
 .debug_line    0x0000000000009118      0x903 ./Drivers/STM32F7xx_HAL_Driver/Src/stm32f7xx_hal_pcd_ex.o
 .debug_line    0x0000000000009a1b      0xa06 ./Drivers/STM32F7xx_HAL_Driver/Src/stm32f7xx_hal_pwr.o
 .debug_line    0x000000000000a421      0xa6e ./Drivers/STM32F7xx_HAL_Driver/Src/stm32f7xx_hal_pwr_ex.o
 .debug_line    0x000000000000ae8f      0xf42 ./Drivers/STM32F7xx_HAL_Driver/Src/stm32f7xx_hal_rcc.o
 .debug_line    0x000000000000bdd1      0xe4a ./Drivers/STM32F7xx_HAL_Driver/Src/stm32f7xx_hal_rcc_ex.o
 .debug_line    0x000000000000cc1b     0x3d87 ./Drivers/STM32F7xx_HAL_Driver/Src/stm32f7xx_hal_tim.o
 .debug_line    0x00000000000109a2     0x1c07 ./Drivers/STM32F7xx_HAL_Driver/Src/stm32f7xx_hal_tim_ex.o
 .debug_line    0x00000000000125a9     0x31b3 ./Drivers/STM32F7xx_HAL_Driver/Src/stm32f7xx_hal_uart.o
 .debug_line    0x000000000001575c     0x1be7 ./Drivers/STM32F7xx_HAL_Driver/Src/stm32f7xx_ll_usb.o

.debug_str      0x0000000000000000    0xdfdea
 .debug_str     0x0000000000000000     0x768c ./Core/Src/console.o
                                       0x78cc (size before relaxing)
 .debug_str     0x000000000000768c    0xd2e16 ./Core/Src/consoleIo.o
                                      0xda55f (size before relaxing)
 .debug_str     0x00000000000da4a2      0xf54 ./Core/Src/main.o
                                      0xd7d0b (size before relaxing)
 .debug_str     0x00000000000db3f6      0x885 ./Core/Src/stm32f7xx_hal_msp.o
                                      0xd8189 (size before relaxing)
 .debug_str     0x00000000000dbc7b      0x139 ./Core/Src/stm32f7xx_it.o
                                      0xd73a0 (size before relaxing)
 .debug_str     0x00000000000dbdb4      0x1a4 ./Core/Src/system_stm32f7xx.o
                                      0xd6a55 (size before relaxing)
 .debug_str     0x00000000000dbf58       0x34 ./Core/Startup/startup_stm32f722zetx.o
                                         0x7a (size before relaxing)
 .debug_str     0x00000000000dbf8c      0x40c ./Drivers/STM32F7xx_HAL_Driver/Src/stm32f7xx_hal.o
                                      0xd732c (size before relaxing)
 .debug_str     0x00000000000dc398      0x312 ./Drivers/STM32F7xx_HAL_Driver/Src/stm32f7xx_hal_cortex.o
                                      0xd7317 (size before relaxing)
 .debug_str     0x00000000000dc6aa      0x206 ./Drivers/STM32F7xx_HAL_Driver/Src/stm32f7xx_hal_dac.o
                                      0xd6de1 (size before relaxing)
 .debug_str     0x00000000000dc8b0      0x309 ./Drivers/STM32F7xx_HAL_Driver/Src/stm32f7xx_hal_dma.o
                                      0xd6d94 (size before relaxing)
 .debug_str     0x00000000000dcbb9       0xf4 ./Drivers/STM32F7xx_HAL_Driver/Src/stm32f7xx_hal_gpio.o
                                      0xd6b13 (size before relaxing)
 .debug_str     0x00000000000dccad      0x832 ./Drivers/STM32F7xx_HAL_Driver/Src/stm32f7xx_hal_pcd.o
                                      0xd7472 (size before relaxing)
 .debug_str     0x00000000000dd4df      0x12d ./Drivers/STM32F7xx_HAL_Driver/Src/stm32f7xx_hal_pcd_ex.o
                                      0xd6d73 (size before relaxing)
 .debug_str     0x00000000000dd60c      0x2ac ./Drivers/STM32F7xx_HAL_Driver/Src/stm32f7xx_hal_pwr.o
                                      0xd6cf6 (size before relaxing)
 .debug_str     0x00000000000dd8b8      0x1bd ./Drivers/STM32F7xx_HAL_Driver/Src/stm32f7xx_hal_pwr_ex.o
                                      0xd6cc4 (size before relaxing)
 .debug_str     0x00000000000dda75      0x245 ./Drivers/STM32F7xx_HAL_Driver/Src/stm32f7xx_hal_rcc.o
                                      0xd6dbe (size before relaxing)
 .debug_str     0x00000000000ddcba      0x13f ./Drivers/STM32F7xx_HAL_Driver/Src/stm32f7xx_hal_rcc_ex.o
                                      0xd6cec (size before relaxing)
 .debug_str     0x00000000000dddf9      0xe3f ./Drivers/STM32F7xx_HAL_Driver/Src/stm32f7xx_hal_tim.o
                                      0xd7d68 (size before relaxing)
 .debug_str     0x00000000000dec38      0x561 ./Drivers/STM32F7xx_HAL_Driver/Src/stm32f7xx_hal_tim_ex.o
                                      0xd75be (size before relaxing)
 .debug_str     0x00000000000df199      0x7f1 ./Drivers/STM32F7xx_HAL_Driver/Src/stm32f7xx_hal_uart.o
                                      0xd7704 (size before relaxing)
 .debug_str     0x00000000000df98a      0x460 ./Drivers/STM32F7xx_HAL_Driver/Src/stm32f7xx_ll_usb.o
                                      0xd72f8 (size before relaxing)

.debug_frame    0x0000000000000000     0x4fc8
 .debug_frame   0x0000000000000000      0x290 ./Core/Src/console.o
 .debug_frame   0x0000000000000290       0xc0 ./Core/Src/consoleIo.o
 .debug_frame   0x0000000000000350      0x144 ./Core/Src/main.o
 .debug_frame   0x0000000000000494      0x160 ./Core/Src/stm32f7xx_hal_msp.o
 .debug_frame   0x00000000000005f4      0x158 ./Core/Src/stm32f7xx_it.o
 .debug_frame   0x000000000000074c       0x58 ./Core/Src/system_stm32f7xx.o
 .debug_frame   0x00000000000007a4      0x3b4 ./Drivers/STM32F7xx_HAL_Driver/Src/stm32f7xx_hal.o
 .debug_frame   0x0000000000000b58      0x498 ./Drivers/STM32F7xx_HAL_Driver/Src/stm32f7xx_hal_cortex.o
 .debug_frame   0x0000000000000ff0      0x338 ./Drivers/STM32F7xx_HAL_Driver/Src/stm32f7xx_hal_dac.o
 .debug_frame   0x0000000000001328      0x250 ./Drivers/STM32F7xx_HAL_Driver/Src/stm32f7xx_hal_dma.o
 .debug_frame   0x0000000000001578      0x14c ./Drivers/STM32F7xx_HAL_Driver/Src/stm32f7xx_hal_gpio.o
 .debug_frame   0x00000000000016c4      0x5bc ./Drivers/STM32F7xx_HAL_Driver/Src/stm32f7xx_hal_pcd.o
 .debug_frame   0x0000000000001c80      0x100 ./Drivers/STM32F7xx_HAL_Driver/Src/stm32f7xx_hal_pcd_ex.o
 .debug_frame   0x0000000000001d80      0x254 ./Drivers/STM32F7xx_HAL_Driver/Src/stm32f7xx_hal_pwr.o
 .debug_frame   0x0000000000001fd4      0x1c8 ./Drivers/STM32F7xx_HAL_Driver/Src/stm32f7xx_hal_pwr_ex.o
 .debug_frame   0x000000000000219c      0x1f8 ./Drivers/STM32F7xx_HAL_Driver/Src/stm32f7xx_hal_rcc.o
 .debug_frame   0x0000000000002394      0x118 ./Drivers/STM32F7xx_HAL_Driver/Src/stm32f7xx_hal_rcc_ex.o
 .debug_frame   0x00000000000024ac     0x121c ./Drivers/STM32F7xx_HAL_Driver/Src/stm32f7xx_hal_tim.o
 .debug_frame   0x00000000000036c8      0x688 ./Drivers/STM32F7xx_HAL_Driver/Src/stm32f7xx_hal_tim_ex.o
 .debug_frame   0x0000000000003d50      0x9e4 ./Drivers/STM32F7xx_HAL_Driver/Src/stm32f7xx_hal_uart.o
 .debug_frame   0x0000000000004734      0x7e8 ./Drivers/STM32F7xx_HAL_Driver/Src/stm32f7xx_ll_usb.o
 .debug_frame   0x0000000000004f1c       0x20 C:/ST/STM32CubeIDE_1.14.0/STM32CubeIDE/plugins/com.st.stm32cube.ide.mcu.externaltools.gnu-tools-for-stm32.11.3.rel1.win32_1.1.100.202309141235/tools/bin/../lib/gcc/arm-none-eabi/11.3.1/../../../../arm-none-eabi/lib/thumb/v7e-m+fp/hard\libc_nano.a(libc_a-memset.o)
 .debug_frame   0x0000000000004f3c       0x2c C:/ST/STM32CubeIDE_1.14.0/STM32CubeIDE/plugins/com.st.stm32cube.ide.mcu.externaltools.gnu-tools-for-stm32.11.3.rel1.win32_1.1.100.202309141235/tools/bin/../lib/gcc/arm-none-eabi/11.3.1/../../../../arm-none-eabi/lib/thumb/v7e-m+fp/hard\libc_nano.a(libc_a-init.o)
 .debug_frame   0x0000000000004f68       0x2c C:/ST/STM32CubeIDE_1.14.0/STM32CubeIDE/plugins/com.st.stm32cube.ide.mcu.externaltools.gnu-tools-for-stm32.11.3.rel1.win32_1.1.100.202309141235/tools/bin/../lib/gcc/arm-none-eabi/11.3.1/thumb/v7e-m+fp/hard\libgcc.a(_aeabi_uldivmod.o)
 .debug_frame   0x0000000000004f94       0x34 C:/ST/STM32CubeIDE_1.14.0/STM32CubeIDE/plugins/com.st.stm32cube.ide.mcu.externaltools.gnu-tools-for-stm32.11.3.rel1.win32_1.1.100.202309141235/tools/bin/../lib/gcc/arm-none-eabi/11.3.1/thumb/v7e-m+fp/hard\libgcc.a(_udivmoddi4.o)

.debug_line_str
                0x0000000000000000       0x6e
 .debug_line_str
                0x0000000000000000       0x6e ./Core/Startup/startup_stm32f722zetx.o
                                         0x86 (size before relaxing)
