Archive member included to satisfy reference by file (symbol)

C:/ST/STM32CubeIDE_1.14.0/STM32CubeIDE/plugins/com.st.stm32cube.ide.mcu.externaltools.gnu-tools-for-stm32.11.3.rel1.win32_1.1.100.202309141235/tools/bin/../lib/gcc/arm-none-eabi/11.3.1/../../../../arm-none-eabi/lib/thumb/v7e-m+fp/hard\libc_nano.a(libc_a-atoi.o)
                              ./Core/Src/console.o (atoi)
C:/ST/STM32CubeIDE_1.14.0/STM32CubeIDE/plugins/com.st.stm32cube.ide.mcu.externaltools.gnu-tools-for-stm32.11.3.rel1.win32_1.1.100.202309141235/tools/bin/../lib/gcc/arm-none-eabi/11.3.1/../../../../arm-none-eabi/lib/thumb/v7e-m+fp/hard\libc_nano.a(libc_a-exit.o)
                              C:/ST/STM32CubeIDE_1.14.0/STM32CubeIDE/plugins/com.st.stm32cube.ide.mcu.externaltools.gnu-tools-for-stm32.11.3.rel1.win32_1.1.100.202309141235/tools/bin/../lib/gcc/arm-none-eabi/11.3.1/../../../../arm-none-eabi/lib/thumb/v7e-m+fp/hard/crt0.o (exit)
C:/ST/STM32CubeIDE_1.14.0/STM32CubeIDE/plugins/com.st.stm32cube.ide.mcu.externaltools.gnu-tools-for-stm32.11.3.rel1.win32_1.1.100.202309141235/tools/bin/../lib/gcc/arm-none-eabi/11.3.1/../../../../arm-none-eabi/lib/thumb/v7e-m+fp/hard\libc_nano.a(libc_a-strtol.o)
                              C:/ST/STM32CubeIDE_1.14.0/STM32CubeIDE/plugins/com.st.stm32cube.ide.mcu.externaltools.gnu-tools-for-stm32.11.3.rel1.win32_1.1.100.202309141235/tools/bin/../lib/gcc/arm-none-eabi/11.3.1/../../../../arm-none-eabi/lib/thumb/v7e-m+fp/hard\libc_nano.a(libc_a-atoi.o) (_strtol_r)
C:/ST/STM32CubeIDE_1.14.0/STM32CubeIDE/plugins/com.st.stm32cube.ide.mcu.externaltools.gnu-tools-for-stm32.11.3.rel1.win32_1.1.100.202309141235/tools/bin/../lib/gcc/arm-none-eabi/11.3.1/../../../../arm-none-eabi/lib/thumb/v7e-m+fp/hard\libc_nano.a(libc_a-ctype_.o)
                              C:/ST/STM32CubeIDE_1.14.0/STM32CubeIDE/plugins/com.st.stm32cube.ide.mcu.externaltools.gnu-tools-for-stm32.11.3.rel1.win32_1.1.100.202309141235/tools/bin/../lib/gcc/arm-none-eabi/11.3.1/../../../../arm-none-eabi/lib/thumb/v7e-m+fp/hard\libc_nano.a(libc_a-strtol.o) (_ctype_)
C:/ST/STM32CubeIDE_1.14.0/STM32CubeIDE/plugins/com.st.stm32cube.ide.mcu.externaltools.gnu-tools-for-stm32.11.3.rel1.win32_1.1.100.202309141235/tools/bin/../lib/gcc/arm-none-eabi/11.3.1/../../../../arm-none-eabi/lib/thumb/v7e-m+fp/hard\libc_nano.a(libc_a-findfp.o)
                              C:/ST/STM32CubeIDE_1.14.0/STM32CubeIDE/plugins/com.st.stm32cube.ide.mcu.externaltools.gnu-tools-for-stm32.11.3.rel1.win32_1.1.100.202309141235/tools/bin/../lib/gcc/arm-none-eabi/11.3.1/../../../../arm-none-eabi/lib/thumb/v7e-m+fp/hard\libc_nano.a(libc_a-exit.o) (__stdio_exit_handler)
C:/ST/STM32CubeIDE_1.14.0/STM32CubeIDE/plugins/com.st.stm32cube.ide.mcu.externaltools.gnu-tools-for-stm32.11.3.rel1.win32_1.1.100.202309141235/tools/bin/../lib/gcc/arm-none-eabi/11.3.1/../../../../arm-none-eabi/lib/thumb/v7e-m+fp/hard\libc_nano.a(libc_a-fwalk.o)
                              C:/ST/STM32CubeIDE_1.14.0/STM32CubeIDE/plugins/com.st.stm32cube.ide.mcu.externaltools.gnu-tools-for-stm32.11.3.rel1.win32_1.1.100.202309141235/tools/bin/../lib/gcc/arm-none-eabi/11.3.1/../../../../arm-none-eabi/lib/thumb/v7e-m+fp/hard\libc_nano.a(libc_a-findfp.o) (_fwalk_sglue)
C:/ST/STM32CubeIDE_1.14.0/STM32CubeIDE/plugins/com.st.stm32cube.ide.mcu.externaltools.gnu-tools-for-stm32.11.3.rel1.win32_1.1.100.202309141235/tools/bin/../lib/gcc/arm-none-eabi/11.3.1/../../../../arm-none-eabi/lib/thumb/v7e-m+fp/hard\libc_nano.a(libc_a-stdio.o)
                              C:/ST/STM32CubeIDE_1.14.0/STM32CubeIDE/plugins/com.st.stm32cube.ide.mcu.externaltools.gnu-tools-for-stm32.11.3.rel1.win32_1.1.100.202309141235/tools/bin/../lib/gcc/arm-none-eabi/11.3.1/../../../../arm-none-eabi/lib/thumb/v7e-m+fp/hard\libc_nano.a(libc_a-findfp.o) (__sread)
C:/ST/STM32CubeIDE_1.14.0/STM32CubeIDE/plugins/com.st.stm32cube.ide.mcu.externaltools.gnu-tools-for-stm32.11.3.rel1.win32_1.1.100.202309141235/tools/bin/../lib/gcc/arm-none-eabi/11.3.1/../../../../arm-none-eabi/lib/thumb/v7e-m+fp/hard\libc_nano.a(libc_a-memset.o)
                              C:/ST/STM32CubeIDE_1.14.0/STM32CubeIDE/plugins/com.st.stm32cube.ide.mcu.externaltools.gnu-tools-for-stm32.11.3.rel1.win32_1.1.100.202309141235/tools/bin/../lib/gcc/arm-none-eabi/11.3.1/../../../../arm-none-eabi/lib/thumb/v7e-m+fp/hard/crt0.o (memset)
C:/ST/STM32CubeIDE_1.14.0/STM32CubeIDE/plugins/com.st.stm32cube.ide.mcu.externaltools.gnu-tools-for-stm32.11.3.rel1.win32_1.1.100.202309141235/tools/bin/../lib/gcc/arm-none-eabi/11.3.1/../../../../arm-none-eabi/lib/thumb/v7e-m+fp/hard\libc_nano.a(libc_a-closer.o)
                              C:/ST/STM32CubeIDE_1.14.0/STM32CubeIDE/plugins/com.st.stm32cube.ide.mcu.externaltools.gnu-tools-for-stm32.11.3.rel1.win32_1.1.100.202309141235/tools/bin/../lib/gcc/arm-none-eabi/11.3.1/../../../../arm-none-eabi/lib/thumb/v7e-m+fp/hard\libc_nano.a(libc_a-stdio.o) (_close_r)
[...]
Memory Configuration

Name             Origin             Length             Attributes
RAM              0x0000000020000000 0x0000000000040000 xrw
FLASH            0x0000000008000000 0x0000000000080000 xr
*default*        0x0000000000000000 0xffffffffffffffff

Linker script and memory map

LOAD C:/ST/STM32CubeIDE_1.14.0/STM32CubeIDE/plugins/com.st.stm32cube.ide.mcu.externaltools.gnu-tools-for-stm32.11.3.rel1.win32_1.1.100.202309141235/tools/bin/../lib/gcc/arm-none-eabi/11.3.1/thumb/v7e-m+fp/hard/crti.o
LOAD C:/ST/STM32CubeIDE_1.14.0/STM32CubeIDE/plugins/com.st.stm32cube.ide.mcu.externaltools.gnu-tools-for-stm32.11.3.rel1.win32_1.1.100.202309141235/tools/bin/../lib/gcc/arm-none-eabi/11.3.1/thumb/v7e-m+fp/hard/crtbegin.o
LOAD C:/ST/STM32CubeIDE_1.14.0/STM32CubeIDE/plugins/com.st.stm32cube.ide.mcu.externaltools.gnu-tools-for-stm32.11.3.rel1.win32_1.1.100.202309141235/tools/bin/../lib/gcc/arm-none-eabi/11.3.1/../../../../arm-none-eabi/lib/thumb/v7e-m+fp/hard/crt0.o
LOAD ./Core/Src/console.o
LOAD ./Core/Src/consoleCommands.o
LOAD ./Core/Src/consoleIo.o
LOAD ./Core/Src/main.o
LOAD ./Core/Src/stm32f7xx_hal_msp.o
LOAD ./Core/Src/stm32f7xx_it.o
LOAD ./Core/Src/syscalls.o
LOAD ./Core/Src/sysmem.o
LOAD ./Core/Src/system_stm32f7xx.o
LOAD ./Core/Startup/startup_stm32f722zetx.o
LOAD ./Drivers/STM32F7xx_HAL_Driver/Src/stm32f7xx_hal.o
LOAD ./Drivers/STM32F7xx_HAL_Driver/Src/stm32f7xx_hal_cortex.o
LOAD ./Drivers/STM32F7xx_HAL_Driver/Src/stm32f7xx_hal_dac.o
LOAD ./Drivers/STM32F7xx_HAL_Driver/Src/stm32f7xx_hal_dac_ex.o
LOAD ./Drivers/STM32F7xx_HAL_Driver/Src/stm32f7xx_hal_dma.o
LOAD ./Drivers/STM32F7xx_HAL_Driver/Src/stm32f7xx_hal_dma_ex.o
LOAD ./Drivers/STM32F7xx_HAL_Driver/Src/stm32f7xx_hal_exti.o
LOAD ./Drivers/STM32F7xx_HAL_Driver/Src/stm32f7xx_hal_flash.o
LOAD ./Drivers/STM32F7xx_HAL_Driver/Src/stm32f7xx_hal_flash_ex.o
LOAD ./Drivers/STM32F7xx_HAL_Driver/Src/stm32f7xx_hal_gpio.o
LOAD ./Drivers/STM32F7xx_HAL_Driver/Src/stm32f7xx_hal_i2c.o
LOAD ./Drivers/STM32F7xx_HAL_Driver/Src/stm32f7xx_hal_i2c_ex.o
LOAD ./Drivers/STM32F7xx_HAL_Driver/Src/stm32f7xx_hal_pcd.o
LOAD ./Drivers/STM32F7xx_HAL_Driver/Src/stm32f7xx_hal_pcd_ex.o
LOAD ./Drivers/STM32F7xx_HAL_Driver/Src/stm32f7xx_hal_pwr.o
LOAD ./Drivers/STM32F7xx_HAL_Driver/Src/stm32f7xx_hal_pwr_ex.o
LOAD ./Drivers/STM32F7xx_HAL_Driver/Src/stm32f7xx_hal_rcc.o
LOAD ./Drivers/STM32F7xx_HAL_Driver/Src/stm32f7xx_hal_rcc_ex.o
LOAD ./Drivers/STM32F7xx_HAL_Driver/Src/stm32f7xx_hal_spi.o
LOAD ./Drivers/STM32F7xx_HAL_Driver/Src/stm32f7xx_hal_spi_ex.o
LOAD ./Drivers/STM32F7xx_HAL_Driver/Src/stm32f7xx_hal_tim.o
LOAD ./Drivers/STM32F7xx_HAL_Driver/Src/stm32f7xx_hal_tim_ex.o
LOAD ./Drivers/STM32F7xx_HAL_Driver/Src/stm32f7xx_hal_uart.o
LOAD ./Drivers/STM32F7xx_HAL_Driver/Src/stm32f7xx_hal_uart_ex.o
LOAD ./Drivers/STM32F7xx_HAL_Driver/Src/stm32f7xx_ll_usb.o
START GROUP
LOAD C:/ST/STM32CubeIDE_1.14.0/STM32CubeIDE/plugins/com.st.stm32cube.ide.mcu.externaltools.gnu-tools-for-stm32.11.3.rel1.win32_1.1.100.202309141235/tools/bin/../lib/gcc/arm-none-eabi/11.3.1/../../../../arm-none-eabi/lib/thumb/v7e-m+fp/hard\libc_nano.a
LOAD C:/ST/STM32CubeIDE_1.14.0/STM32CubeIDE/plugins/com.st.stm32cube.ide.mcu.externaltools.gnu-tools-for-stm32.11.3.rel1.win32_1.1.100.202309141235/tools/bin/../lib/gcc/arm-none-eabi/11.3.1/../../../../arm-none-eabi/lib/thumb/v7e-m+fp/hard\libm.a
END GROUP
START GROUP
LOAD C:/ST/STM32CubeIDE_1.14.0/STM32CubeIDE/plugins/com.st.stm32cube.ide.mcu.externaltools.gnu-tools-for-stm32.11.3.rel1.win32_1.1.100.202309141235/tools/bin/../lib/gcc/arm-none-eabi/11.3.1/thumb/v7e-m+fp/hard\libgcc.a
LOAD C:/ST/STM32CubeIDE_1.14.0/STM32CubeIDE/plugins/com.st.stm32cube.ide.mcu.externaltools.gnu-tools-for-stm32.11.3.rel1.win32_1.1.100.202309141235/tools/bin/../lib/gcc/arm-none-eabi/11.3.1/../../../../arm-none-eabi/lib/thumb/v7e-m+fp/hard\libc_nano.a
END GROUP
START GROUP
LOAD C:/ST/STM32CubeIDE_1.14.0/STM32CubeIDE/plugins/com.st.stm32cube.ide.mcu.externaltools.gnu-tools-for-stm32.11.3.rel1.win32_1.1.100.202309141235/tools/bin/../lib/gcc/arm-none-eabi/11.3.1/thumb/v7e-m+fp/hard\libgcc.a
LOAD C:/ST/STM32CubeIDE_1.14.0/STM32CubeIDE/plugins/com.st.stm32cube.ide.mcu.externaltools.gnu-tools-for-stm32.11.3.rel1.win32_1.1.100.202309141235/tools/bin/../lib/gcc/arm-none-eabi/11.3.1/../../../../arm-none-eabi/lib/thumb/v7e-m+fp/hard\libc_nano.a
LOAD C:/ST/STM32CubeIDE_1.14.0/STM32CubeIDE/plugins/com.st.stm32cube.ide.mcu.externaltools.gnu-tools-for-stm32.11.3.rel1.win32_1.1.100.202309141235/tools/bin/../lib/gcc/arm-none-eabi/11.3.1/../../../../arm-none-eabi/lib/thumb/v7e-m+fp/hard\libnosys.a
END GROUP
START GROUP
LOAD C:/ST/STM32CubeIDE_1.14.0/STM32CubeIDE/plugins/com.st.stm32cube.ide.mcu.externaltools.gnu-tools-for-stm32.11.3.rel1.win32_1.1.100.202309141235/tools/bin/../lib/gcc/arm-none-eabi/11.3.1/thumb/v7e-m+fp/hard\libgcc.a
LOAD C:/ST/STM32CubeIDE_1.14.0/STM32CubeIDE/plugins/com.st.stm32cube.ide.mcu.externaltools.gnu-tools-for-stm32.11.3.rel1.win32_1.1.100.202309141235/tools/bin/../lib/gcc/arm-none-eabi/11.3.1/../../../../arm-none-eabi/lib/thumb/v7e-m+fp/hard\libc_nano.a
LOAD C:/ST/STM32CubeIDE_1.14.0/STM32CubeIDE/plugins/com.st.stm32cube.ide.mcu.externaltools.gnu-tools-for-stm32.11.3.rel1.win32_1.1.100.202309141235/tools/bin/../lib/gcc/arm-none-eabi/11.3.1/../../../../arm-none-eabi/lib/thumb/v7e-m+fp/hard\libnosys.a
END GROUP
LOAD C:/ST/STM32CubeIDE_1.14.0/STM32CubeIDE/plugins/com.st.stm32cube.ide.mcu.externaltools.gnu-tools-for-stm32.11.3.rel1.win32_1.1.100.202309141235/tools/bin/../lib/gcc/arm-none-eabi/11.3.1/thumb/v7e-m+fp/hard/crtend.o
LOAD C:/ST/STM32CubeIDE_1.14.0/STM32CubeIDE/plugins/com.st.stm32cube.ide.mcu.externaltools.gnu-tools-for-stm32.11.3.rel1.win32_1.1.100.202309141235/tools/bin/../lib/gcc/arm-none-eabi/11.3.1/thumb/v7e-m+fp/hard/crtn.o
                0x0000000020040000                _estack = (ORIGIN (RAM) + LENGTH (RAM))
                0x0000000000000200                _Min_Heap_Size = 0x200
                0x0000000000000400                _Min_Stack_Size = 0x400

.isr_vector     0x0000000008000000      0x1e0
                0x0000000008000000                . = ALIGN (0x4)
 *(.isr_vector)
 .isr_vector    0x0000000008000000      0x1e0 ./Core/Startup/startup_stm32f722zetx.o
                0x0000000008000000                g_pfnVectors
                0x00000000080001e0                . = ALIGN (0x4)

.text           0x00000000080001e0     0x62d8
                0x00000000080001e0                . = ALIGN (0x4)
 *(.text)
 .text          0x00000000080001e0       0x40 C:/ST/STM32CubeIDE_1.14.0/STM32CubeIDE/plugins/com.st.stm32cube.ide.mcu.externaltools.gnu-tools-for-stm32.11.3.rel1.win32_1.1.100.202309141235/tools/bin/../lib/gcc/arm-none-eabi/11.3.1/thumb/v7e-m+fp/hard/crtbegin.o
 .text          0x0000000008000220       0x14 C:/ST/STM32CubeIDE_1.14.0/STM32CubeIDE/plugins/com.st.stm32cube.ide.mcu.externaltools.gnu-tools-for-stm32.11.3.rel1.win32_1.1.100.202309141235/tools/bin/../lib/gcc/arm-none-eabi/11.3.1/../../../../arm-none-eabi/lib/thumb/v7e-m+fp/hard\libc_nano.a(libc_a-strcmp.o)
                0x0000000008000220                strcmp
 .text          0x0000000008000234       0x10 C:/ST/STM32CubeIDE_1.14.0/STM32CubeIDE/plugins/com.st.stm32cube.ide.mcu.externaltools.gnu-tools-for-stm32.11.3.rel1.win32_1.1.100.202309141235/tools/bin/../lib/gcc/arm-none-eabi/11.3.1/../../../../arm-none-eabi/lib/thumb/v7e-m+fp/hard\libc_nano.a(libc_a-strlen.o)
                0x0000000008000234                strlen
 .text          0x0000000008000244       0x30 C:/ST/STM32CubeIDE_1.14.0/STM32CubeIDE/plugins/com.st.stm32cube.ide.mcu.externaltools.gnu-tools-for-stm32.11.3.rel1.win32_1.1.100.202309141235/tools/bin/../lib/gcc/arm-none-eabi/11.3.1/thumb/v7e-m+fp/hard\libgcc.a(_aeabi_uldivmod.o)
                0x0000000008000244                __aeabi_uldivmod
 .text          0x0000000008000274      0x2c8 C:/ST/STM32CubeIDE_1.14.0/STM32CubeIDE/plugins/com.st.stm32cube.ide.mcu.externaltools.gnu-tools-for-stm32.11.3.rel1.win32_1.1.100.202309141235/tools/bin/../lib/gcc/arm-none-eabi/11.3.1/thumb/v7e-m+fp/hard\libgcc.a(_udivmoddi4.o)
                0x0000000008000274                __udivmoddi4
 .text          0x000000000800053c        0x4 C:/ST/STM32CubeIDE_1.14.0/STM32CubeIDE/plugins/com.st.stm32cube.ide.mcu.externaltools.gnu-tools-for-stm32.11.3.rel1.win32_1.1.100.202309141235/tools/bin/../lib/gcc/arm-none-eabi/11.3.1/thumb/v7e-m+fp/hard\libgcc.a(_dvmd_tls.o)
                0x000000000800053c                __aeabi_idiv0
                0x000000000800053c                __aeabi_ldiv0
 *(.text*)
 .text.ConsoleCommandMatch
                0x0000000008000540       0x9a ./Core/Src/console.o
 .text.ConsoleResetBuffer
                0x00000000080005da       0x64 ./Core/Src/console.o
 .text.ConsoleCommandEndline
                0x000000000800063e       0x56 ./Core/Src/console.o
 .text.ConsoleInit
                0x0000000008000694       0x5c ./Core/Src/console.o
                0x0000000008000694                ConsoleInit
 .text.ConsoleProcess
                0x00000000080006f0      0x178 ./Core/Src/console.o
                0x00000000080006f0                ConsoleProcess
 .text.ConsoleParamFindN
                0x0000000008000868       0x64 ./Core/Src/console.o
 .text.ConsoleReceiveParamInt16
                0x00000000080008cc       0xbc ./Core/Src/console.o
                0x00000000080008cc                ConsoleReceiveParamInt16
 .text.ConsoleReceiveString
                0x0000000008000988       0xe0 ./Core/Src/console.o
                0x0000000008000988                ConsoleReceiveString
 .text.ConsoleReceiveParamHexUint16
                0x0000000008000a68       0x92 ./Core/Src/console.o
                0x0000000008000a68                ConsoleReceiveParamHexUint16
 .text.ConsoleSendParamHexUint16
                0x0000000008000afa       0x72 ./Core/Src/console.o
                0x0000000008000afa                ConsoleSendParamHexUint16
 .text.smallItoa
                0x0000000008000b6c       0xaa ./Core/Src/console.o
 .text.ConsoleSendParamInt16
                0x0000000008000c16       0x2e ./Core/Src/console.o
                0x0000000008000c16                ConsoleSendParamInt16
 .text.ConsoleUtilHexCharToInt
                0x0000000008000c44       0x82 ./Core/Src/console.o
 .text.ConsoleUtilsIntToHexChar
                0x0000000008000cc6       0x4c ./Core/Src/console.o
 .text.ConsoleCommandComment
                0x0000000008000d12       0x16 ./Core/Src/consoleCommands.o
 .text.ConsoleCommandHelp
                0x0000000008000d28       0x74 ./Core/Src/consoleCommands.o
 .text.ConsoleCommandParamExampleInt16
                0x0000000008000d9c       0x68 ./Core/Src/consoleCommands.o
 .text.ConsoleCommandSetWave
                0x0000000008000e04       0xac ./Core/Src/consoleCommands.o
 .text.ConsoleCommandSetFrequency
                0x0000000008000eb0       0x48 ./Core/Src/consoleCommands.o
 .text.ConsoleCommandSetAmplitude
                0x0000000008000ef8       0x48 ./Core/Src/consoleCommands.o
 .text.ConsoleCommandParamExampleHexUint16
                0x0000000008000f40       0x64 ./Core/Src/consoleCommands.o
 .text.ConsoleCommandVer
                0x0000000008000fa4       0x2c ./Core/Src/consoleCommands.o
 .text.ConsoleCommandReadAccelX
                0x0000000008000fd0       0x2c ./Core/Src/consoleCommands.o
 .text.ConsoleCommandReadAccelY
                0x0000000008000ffc       0x2c ./Core/Src/consoleCommands.o
 .text.ConsoleCommandReadAccelZ
                0x0000000008001028       0x2c ./Core/Src/consoleCommands.o
 .text.ConsoleCommandLedsRose
                0x0000000008001054       0x30 ./Core/Src/consoleCommands.o
 .text.ConsoleCommandButtonState
                0x0000000008001084       0x34 ./Core/Src/consoleCommands.o
 .text.ConsoleCommandsGetTable
                0x00000000080010b8       0x14 ./Core/Src/consoleCommands.o
                0x00000000080010b8                ConsoleCommandsGetTable
 .text.ConsoleIoInit
                0x00000000080010cc       0x1c ./Core/Src/consoleIo.o
                0x00000000080010cc                ConsoleIoInit
 .text.HAL_UART_RxCpltCallback
                0x00000000080010e8       0x58 ./Core/Src/consoleIo.o
                0x00000000080010e8                HAL_UART_RxCpltCallback
 .text.HAL_UART_TxCpltCallback
                0x0000000008001140       0x20 ./Core/Src/consoleIo.o
                0x0000000008001140                HAL_UART_TxCpltCallback
 .text.ConsoleIoReceive
                0x0000000008001160       0x68 ./Core/Src/consoleIo.o
                0x0000000008001160                ConsoleIoReceive
 .text.ConsoleIoSendString
                0x00000000080011c8       0x30 ./Core/Src/consoleIo.o
                0x00000000080011c8                ConsoleIoSendString
 .text.main     0x00000000080011f8       0xd8 ./Core/Src/main.o
                0x00000000080011f8                main
 .text.SystemClock_Config
                0x00000000080012d0       0xdc ./Core/Src/main.o
                0x00000000080012d0                SystemClock_Config
 .text.MX_DAC_Init
                0x00000000080013ac       0x54 ./Core/Src/main.o
 .text.MX_SPI1_Init
                0x0000000008001400       0x7c ./Core/Src/main.o
 .text.MX_TIM11_Init
                0x000000000800147c       0x48 ./Core/Src/main.o
 .text.MX_TIM13_Init
                0x00000000080014c4       0x48 ./Core/Src/main.o
 .text.MX_USART3_UART_Init
                0x000000000800150c       0x60 ./Core/Src/main.o
 .text.MX_USB_OTG_FS_PCD_Init
                0x000000000800156c       0x60 ./Core/Src/main.o
 .text.MX_GPIO_Init
                0x00000000080015cc      0x144 ./Core/Src/main.o
 .text.HAL_TIM_PeriodElapsedCallback
                0x0000000008001710      0x134 ./Core/Src/main.o
                0x0000000008001710                HAL_TIM_PeriodElapsedCallback
 .text.Error_Handler
                0x0000000008001844        0xa ./Core/Src/main.o
                0x0000000008001844                Error_Handler
 *fill*         0x000000000800184e        0x2 
 .text.HAL_MspInit
                0x0000000008001850       0x48 ./Core/Src/stm32f7xx_hal_msp.o
                0x0000000008001850                HAL_MspInit
 .text.HAL_DAC_MspInit
                0x0000000008001898       0x80 ./Core/Src/stm32f7xx_hal_msp.o
                0x0000000008001898                HAL_DAC_MspInit
 .text.HAL_SPI_MspInit
                0x0000000008001918       0x88 ./Core/Src/stm32f7xx_hal_msp.o
                0x0000000008001918                HAL_SPI_MspInit
 .text.HAL_TIM_Base_MspInit
                0x00000000080019a0       0x84 ./Core/Src/stm32f7xx_hal_msp.o
                0x00000000080019a0                HAL_TIM_Base_MspInit
 .text.HAL_UART_MspInit
                0x0000000008001a24       0xd0 ./Core/Src/stm32f7xx_hal_msp.o
                0x0000000008001a24                HAL_UART_MspInit
 .text.HAL_PCD_MspInit
                0x0000000008001af4       0xf4 ./Core/Src/stm32f7xx_hal_msp.o
                0x0000000008001af4                HAL_PCD_MspInit
 .text.NMI_Handler
                0x0000000008001be8        0x6 ./Core/Src/stm32f7xx_it.o
                0x0000000008001be8                NMI_Handler
 .text.HardFault_Handler
                0x0000000008001bee        0x6 ./Core/Src/stm32f7xx_it.o
                0x0000000008001bee                HardFault_Handler
 .text.MemManage_Handler
                0x0000000008001bf4        0x6 ./Core/Src/stm32f7xx_it.o
                0x0000000008001bf4                MemManage_Handler
 .text.BusFault_Handler
                0x0000000008001bfa        0x6 ./Core/Src/stm32f7xx_it.o
                0x0000000008001bfa                BusFault_Handler
 .text.UsageFault_Handler
                0x0000000008001c00        0x6 ./Core/Src/stm32f7xx_it.o
                0x0000000008001c00                UsageFault_Handler
 .text.SVC_Handler
                0x0000000008001c06        0xe ./Core/Src/stm32f7xx_it.o
                0x0000000008001c06                SVC_Handler
 .text.DebugMon_Handler
                0x0000000008001c14        0xe ./Core/Src/stm32f7xx_it.o
                0x0000000008001c14                DebugMon_Handler
 .text.PendSV_Handler
                0x0000000008001c22        0xe ./Core/Src/stm32f7xx_it.o
                0x0000000008001c22                PendSV_Handler
 .text.SysTick_Handler
                0x0000000008001c30        0xc ./Core/Src/stm32f7xx_it.o
                0x0000000008001c30                SysTick_Handler
 .text.TIM1_TRG_COM_TIM11_IRQHandler
                0x0000000008001c3c       0x14 ./Core/Src/stm32f7xx_it.o
                0x0000000008001c3c                TIM1_TRG_COM_TIM11_IRQHandler
 .text.USART3_IRQHandler
                0x0000000008001c50       0x14 ./Core/Src/stm32f7xx_it.o
                0x0000000008001c50                USART3_IRQHandler
 .text.TIM8_UP_TIM13_IRQHandler
                0x0000000008001c64       0x14 ./Core/Src/stm32f7xx_it.o
                0x0000000008001c64                TIM8_UP_TIM13_IRQHandler
 .text.SystemInit
                0x0000000008001c78       0x24 ./Core/Src/system_stm32f7xx.o
                0x0000000008001c78                SystemInit
 .text.Reset_Handler
                0x0000000008001c9c       0x50 ./Core/Startup/startup_stm32f722zetx.o
                0x0000000008001c9c                Reset_Handler
 .text.Default_Handler
                0x0000000008001cec        0x2 ./Core/Startup/startup_stm32f722zetx.o
                0x0000000008001cec                RTC_Alarm_IRQHandler
                0x0000000008001cec                EXTI2_IRQHandler
                0x0000000008001cec                TIM8_CC_IRQHandler
                0x0000000008001cec                UART8_IRQHandler
                0x0000000008001cec                SPI4_IRQHandler
                0x0000000008001cec                TIM1_CC_IRQHandler
                0x0000000008001cec                DMA2_Stream5_IRQHandler
                0x0000000008001cec                DMA1_Stream5_IRQHandler
                0x0000000008001cec                PVD_IRQHandler
                0x0000000008001cec                TAMP_STAMP_IRQHandler
                0x0000000008001cec                EXTI3_IRQHandler
                0x0000000008001cec                TIM8_TRG_COM_TIM14_IRQHandler
                0x0000000008001cec                TIM1_UP_TIM10_IRQHandler
                0x0000000008001cec                I2C3_ER_IRQHandler
                0x0000000008001cec                EXTI0_IRQHandler
                0x0000000008001cec                I2C2_EV_IRQHandler
                0x0000000008001cec                DMA1_Stream2_IRQHandler
                0x0000000008001cec                CAN1_RX0_IRQHandler
                0x0000000008001cec                FPU_IRQHandler
                0x0000000008001cec                OTG_HS_WKUP_IRQHandler
                0x0000000008001cec                DMA2_Stream2_IRQHandler
                0x0000000008001cec                SPI1_IRQHandler
                0x0000000008001cec                TIM6_DAC_IRQHandler
                0x0000000008001cec                TIM1_BRK_TIM9_IRQHandler
                0x0000000008001cec                DMA2_Stream3_IRQHandler
                0x0000000008001cec                SAI2_IRQHandler
                0x0000000008001cec                USART6_IRQHandler
                0x0000000008001cec                CAN1_RX1_IRQHandler
                0x0000000008001cec                UART5_IRQHandler
                0x0000000008001cec                DMA2_Stream0_IRQHandler
                0x0000000008001cec                TIM4_IRQHandler
                0x0000000008001cec                QUADSPI_IRQHandler
                0x0000000008001cec                I2C1_EV_IRQHandler
                0x0000000008001cec                DMA1_Stream6_IRQHandler
                0x0000000008001cec                DMA1_Stream1_IRQHandler
                0x0000000008001cec                UART4_IRQHandler
                0x0000000008001cec                TIM3_IRQHandler
                0x0000000008001cec                RCC_IRQHandler
                0x0000000008001cec                TIM8_BRK_TIM12_IRQHandler
                0x0000000008001cec                Default_Handler
                0x0000000008001cec                EXTI15_10_IRQHandler
                0x0000000008001cec                ADC_IRQHandler
                0x0000000008001cec                DMA1_Stream7_IRQHandler
                0x0000000008001cec                SPI5_IRQHandler
                0x0000000008001cec                TIM7_IRQHandler
                0x0000000008001cec                SDMMC1_IRQHandler
                0x0000000008001cec                TIM5_IRQHandler
                0x0000000008001cec                DMA2_Stream7_IRQHandler
                0x0000000008001cec                I2C3_EV_IRQHandler
                0x0000000008001cec                EXTI9_5_IRQHandler
                0x0000000008001cec                RTC_WKUP_IRQHandler
                0x0000000008001cec                SPI2_IRQHandler
                0x0000000008001cec                OTG_HS_EP1_IN_IRQHandler
                0x0000000008001cec                DMA1_Stream0_IRQHandler
                0x0000000008001cec                CAN1_TX_IRQHandler
                0x0000000008001cec                EXTI4_IRQHandler
                0x0000000008001cec                RNG_IRQHandler
                0x0000000008001cec                OTG_HS_EP1_OUT_IRQHandler
                0x0000000008001cec                WWDG_IRQHandler
                0x0000000008001cec                TIM2_IRQHandler
                0x0000000008001cec                OTG_FS_WKUP_IRQHandler
                0x0000000008001cec                OTG_HS_IRQHandler
                0x0000000008001cec                EXTI1_IRQHandler
                0x0000000008001cec                SDMMC2_IRQHandler
                0x0000000008001cec                UART7_IRQHandler
                0x0000000008001cec                USART2_IRQHandler
                0x0000000008001cec                I2C2_ER_IRQHandler
                0x0000000008001cec                DMA2_Stream1_IRQHandler
                0x0000000008001cec                CAN1_SCE_IRQHandler
                0x0000000008001cec                FLASH_IRQHandler
                0x0000000008001cec                DMA2_Stream4_IRQHandler
                0x0000000008001cec                USART1_IRQHandler
                0x0000000008001cec                OTG_FS_IRQHandler
                0x0000000008001cec                SPI3_IRQHandler
                0x0000000008001cec                DMA1_Stream4_IRQHandler
                0x0000000008001cec                I2C1_ER_IRQHandler
                0x0000000008001cec                FMC_IRQHandler
                0x0000000008001cec                LPTIM1_IRQHandler
                0x0000000008001cec                DMA2_Stream6_IRQHandler
                0x0000000008001cec                SAI1_IRQHandler
                0x0000000008001cec                DMA1_Stream3_IRQHandler
 .text.HAL_Init
                0x0000000008001cee       0x1a ./Drivers/STM32F7xx_HAL_Driver/Src/stm32f7xx_hal.o
                0x0000000008001cee                HAL_Init
 .text.HAL_InitTick
                0x0000000008001d08       0x60 ./Drivers/STM32F7xx_HAL_Driver/Src/stm32f7xx_hal.o
                0x0000000008001d08                HAL_InitTick
 .text.HAL_IncTick
                0x0000000008001d68       0x28 ./Drivers/STM32F7xx_HAL_Driver/Src/stm32f7xx_hal.o
                0x0000000008001d68                HAL_IncTick
 .text.HAL_GetTick
                0x0000000008001d90       0x18 ./Drivers/STM32F7xx_HAL_Driver/Src/stm32f7xx_hal.o
                0x0000000008001d90                HAL_GetTick
 .text.HAL_Delay
                0x0000000008001da8       0x48 ./Drivers/STM32F7xx_HAL_Driver/Src/stm32f7xx_hal.o
                0x0000000008001da8                HAL_Delay
 .text.__NVIC_SetPriorityGrouping
                0x0000000008001df0       0x48 ./Drivers/STM32F7xx_HAL_Driver/Src/stm32f7xx_hal_cortex.o
 .text.__NVIC_GetPriorityGrouping
                0x0000000008001e38       0x1c ./Drivers/STM32F7xx_HAL_Driver/Src/stm32f7xx_hal_cortex.o
 .text.__NVIC_EnableIRQ
                0x0000000008001e54       0x3c ./Drivers/STM32F7xx_HAL_Driver/Src/stm32f7xx_hal_cortex.o
 .text.__NVIC_SetPriority
                0x0000000008001e90       0x54 ./Drivers/STM32F7xx_HAL_Driver/Src/stm32f7xx_hal_cortex.o
 .text.NVIC_EncodePriority
                0x0000000008001ee4       0x66 ./Drivers/STM32F7xx_HAL_Driver/Src/stm32f7xx_hal_cortex.o
 *fill*         0x0000000008001f4a        0x2 
 .text.SysTick_Config
                0x0000000008001f4c       0x44 ./Drivers/STM32F7xx_HAL_Driver/Src/stm32f7xx_hal_cortex.o
 .text.HAL_NVIC_SetPriorityGrouping
                0x0000000008001f90       0x16 ./Drivers/STM32F7xx_HAL_Driver/Src/stm32f7xx_hal_cortex.o
                0x0000000008001f90                HAL_NVIC_SetPriorityGrouping
 .text.HAL_NVIC_SetPriority
                0x0000000008001fa6       0x38 ./Drivers/STM32F7xx_HAL_Driver/Src/stm32f7xx_hal_cortex.o
                0x0000000008001fa6                HAL_NVIC_SetPriority
 .text.HAL_NVIC_EnableIRQ
                0x0000000008001fde       0x1c ./Drivers/STM32F7xx_HAL_Driver/Src/stm32f7xx_hal_cortex.o
                0x0000000008001fde                HAL_NVIC_EnableIRQ
 .text.HAL_SYSTICK_Config
                0x0000000008001ffa       0x18 ./Drivers/STM32F7xx_HAL_Driver/Src/stm32f7xx_hal_cortex.o
                0x0000000008001ffa                HAL_SYSTICK_Config
 .text.HAL_DAC_Init
                0x0000000008002012       0x44 ./Drivers/STM32F7xx_HAL_Driver/Src/stm32f7xx_hal_dac.o
                0x0000000008002012                HAL_DAC_Init
 .text.HAL_DAC_Start
                0x0000000008002056       0xa4 ./Drivers/STM32F7xx_HAL_Driver/Src/stm32f7xx_hal_dac.o
                0x0000000008002056                HAL_DAC_Start
 .text.HAL_DAC_ConfigChannel
                0x00000000080020fa       0x9e ./Drivers/STM32F7xx_HAL_Driver/Src/stm32f7xx_hal_dac.o
                0x00000000080020fa                HAL_DAC_ConfigChannel
 .text.HAL_DMA_Abort
                0x0000000008002198       0xe0 ./Drivers/STM32F7xx_HAL_Driver/Src/stm32f7xx_hal_dma.o
                0x0000000008002198                HAL_DMA_Abort
 .text.HAL_DMA_Abort_IT
                0x0000000008002278       0x44 ./Drivers/STM32F7xx_HAL_Driver/Src/stm32f7xx_hal_dma.o
                0x0000000008002278                HAL_DMA_Abort_IT
 .text.HAL_GPIO_Init
                0x00000000080022bc      0x338 ./Drivers/STM32F7xx_HAL_Driver/Src/stm32f7xx_hal_gpio.o
                0x00000000080022bc                HAL_GPIO_Init
 .text.HAL_GPIO_ReadPin
                0x00000000080025f4       0x30 ./Drivers/STM32F7xx_HAL_Driver/Src/stm32f7xx_hal_gpio.o
                0x00000000080025f4                HAL_GPIO_ReadPin
 .text.HAL_GPIO_WritePin
                0x0000000008002624       0x32 ./Drivers/STM32F7xx_HAL_Driver/Src/stm32f7xx_hal_gpio.o
                0x0000000008002624                HAL_GPIO_WritePin
 .text.HAL_GPIO_TogglePin
                0x0000000008002656       0x34 ./Drivers/STM32F7xx_HAL_Driver/Src/stm32f7xx_hal_gpio.o
                0x0000000008002656                HAL_GPIO_TogglePin
 .text.HAL_PCD_Init
                0x000000000800268a      0x248 ./Drivers/STM32F7xx_HAL_Driver/Src/stm32f7xx_hal_pcd.o
                0x000000000800268a                HAL_PCD_Init
 *fill*         0x00000000080028d2        0x2 
 .text.HAL_PCDEx_ActivateLPM
                0x00000000080028d4       0x48 ./Drivers/STM32F7xx_HAL_Driver/Src/stm32f7xx_hal_pcd_ex.o
                0x00000000080028d4                HAL_PCDEx_ActivateLPM
 .text.HAL_PWR_EnableBkUpAccess
                0x000000000800291c       0x20 ./Drivers/STM32F7xx_HAL_Driver/Src/stm32f7xx_hal_pwr.o
                0x000000000800291c                HAL_PWR_EnableBkUpAccess
 .text.HAL_PWREx_EnableOverDrive
                0x000000000800293c       0xa0 ./Drivers/STM32F7xx_HAL_Driver/Src/stm32f7xx_hal_pwr_ex.o
                0x000000000800293c                HAL_PWREx_EnableOverDrive
 .text.HAL_RCC_OscConfig
                0x00000000080029dc      0x548 ./Drivers/STM32F7xx_HAL_Driver/Src/stm32f7xx_hal_rcc.o
                0x00000000080029dc                HAL_RCC_OscConfig
 .text.HAL_RCC_ClockConfig
                0x0000000008002f24      0x1d8 ./Drivers/STM32F7xx_HAL_Driver/Src/stm32f7xx_hal_rcc.o
                0x0000000008002f24                HAL_RCC_ClockConfig
 .text.HAL_RCC_GetSysClockFreq
                0x00000000080030fc      0x20c ./Drivers/STM32F7xx_HAL_Driver/Src/stm32f7xx_hal_rcc.o
                0x00000000080030fc                HAL_RCC_GetSysClockFreq
 .text.HAL_RCC_GetHCLKFreq
                0x0000000008003308       0x18 ./Drivers/STM32F7xx_HAL_Driver/Src/stm32f7xx_hal_rcc.o
                0x0000000008003308                HAL_RCC_GetHCLKFreq
 .text.HAL_RCC_GetPCLK1Freq
                0x0000000008003320       0x28 ./Drivers/STM32F7xx_HAL_Driver/Src/stm32f7xx_hal_rcc.o
                0x0000000008003320                HAL_RCC_GetPCLK1Freq
 .text.HAL_RCC_GetPCLK2Freq
                0x0000000008003348       0x28 ./Drivers/STM32F7xx_HAL_Driver/Src/stm32f7xx_hal_rcc.o
                0x0000000008003348                HAL_RCC_GetPCLK2Freq
 .text.HAL_RCCEx_PeriphCLKConfig
                0x0000000008003370      0x694 ./Drivers/STM32F7xx_HAL_Driver/Src/stm32f7xx_hal_rcc_ex.o
                0x0000000008003370                HAL_RCCEx_PeriphCLKConfig
 .text.HAL_SPI_Init
                0x0000000008003a04      0x156 ./Drivers/STM32F7xx_HAL_Driver/Src/stm32f7xx_hal_spi.o
                0x0000000008003a04                HAL_SPI_Init
 .text.HAL_SPI_Transmit
                0x0000000008003b5a      0x2dc ./Drivers/STM32F7xx_HAL_Driver/Src/stm32f7xx_hal_spi.o
                0x0000000008003b5a                HAL_SPI_Transmit
 *fill*         0x0000000008003e36        0x2 
 .text.SPI_WaitFlagStateUntilTimeout
                0x0000000008003e38      0x110 ./Drivers/STM32F7xx_HAL_Driver/Src/stm32f7xx_hal_spi.o
 .text.SPI_WaitFifoStateUntilTimeout
                0x0000000008003f48      0x12c ./Drivers/STM32F7xx_HAL_Driver/Src/stm32f7xx_hal_spi.o
 .text.SPI_EndRxTxTransaction
                0x0000000008004074       0xd4 ./Drivers/STM32F7xx_HAL_Driver/Src/stm32f7xx_hal_spi.o
 .text.HAL_TIM_Base_Init
                0x0000000008004148       0xae ./Drivers/STM32F7xx_HAL_Driver/Src/stm32f7xx_hal_tim.o
                0x0000000008004148                HAL_TIM_Base_Init
 *fill*         0x00000000080041f6        0x2 
 .text.HAL_TIM_Base_Start_IT
                0x00000000080041f8       0xf0 ./Drivers/STM32F7xx_HAL_Driver/Src/stm32f7xx_hal_tim.o
                0x00000000080041f8                HAL_TIM_Base_Start_IT
 .text.HAL_TIM_IRQHandler
                0x00000000080042e8      0x23e ./Drivers/STM32F7xx_HAL_Driver/Src/stm32f7xx_hal_tim.o
                0x00000000080042e8                HAL_TIM_IRQHandler
 .text.HAL_TIM_OC_DelayElapsedCallback
                0x0000000008004526       0x14 ./Drivers/STM32F7xx_HAL_Driver/Src/stm32f7xx_hal_tim.o
                0x0000000008004526                HAL_TIM_OC_DelayElapsedCallback
 .text.HAL_TIM_IC_CaptureCallback
                0x000000000800453a       0x14 ./Drivers/STM32F7xx_HAL_Driver/Src/stm32f7xx_hal_tim.o
                0x000000000800453a                HAL_TIM_IC_CaptureCallback
 .text.HAL_TIM_PWM_PulseFinishedCallback
                0x000000000800454e       0x14 ./Drivers/STM32F7xx_HAL_Driver/Src/stm32f7xx_hal_tim.o
                0x000000000800454e                HAL_TIM_PWM_PulseFinishedCallback
 .text.HAL_TIM_TriggerCallback
                0x0000000008004562       0x14 ./Drivers/STM32F7xx_HAL_Driver/Src/stm32f7xx_hal_tim.o
                0x0000000008004562                HAL_TIM_TriggerCallback
 *fill*         0x0000000008004576        0x2 
 .text.TIM_Base_SetConfig
                0x0000000008004578      0x140 ./Drivers/STM32F7xx_HAL_Driver/Src/stm32f7xx_hal_tim.o
                0x0000000008004578                TIM_Base_SetConfig
 .text.HAL_TIMEx_CommutCallback
                0x00000000080046b8       0x14 ./Drivers/STM32F7xx_HAL_Driver/Src/stm32f7xx_hal_tim_ex.o
                0x00000000080046b8                HAL_TIMEx_CommutCallback
 .text.HAL_TIMEx_BreakCallback
                0x00000000080046cc       0x14 ./Drivers/STM32F7xx_HAL_Driver/Src/stm32f7xx_hal_tim_ex.o
                0x00000000080046cc                HAL_TIMEx_BreakCallback
 .text.HAL_TIMEx_Break2Callback
                0x00000000080046e0       0x14 ./Drivers/STM32F7xx_HAL_Driver/Src/stm32f7xx_hal_tim_ex.o
                0x00000000080046e0                HAL_TIMEx_Break2Callback
 .text.HAL_UART_Init
                0x00000000080046f4       0x9c ./Drivers/STM32F7xx_HAL_Driver/Src/stm32f7xx_hal_uart.o
                0x00000000080046f4                HAL_UART_Init
 .text.HAL_UART_Transmit
                0x0000000008004790      0x106 ./Drivers/STM32F7xx_HAL_Driver/Src/stm32f7xx_hal_uart.o
                0x0000000008004790                HAL_UART_Transmit
 .text.HAL_UART_Receive_IT
                0x0000000008004896       0x88 ./Drivers/STM32F7xx_HAL_Driver/Src/stm32f7xx_hal_uart.o
                0x0000000008004896                HAL_UART_Receive_IT
 *fill*         0x000000000800491e        0x2 
 .text.HAL_UART_IRQHandler
                0x0000000008004920      0x5a4 ./Drivers/STM32F7xx_HAL_Driver/Src/stm32f7xx_hal_uart.o
                0x0000000008004920                HAL_UART_IRQHandler
 .text.HAL_UART_ErrorCallback
                0x0000000008004ec4       0x14 ./Drivers/STM32F7xx_HAL_Driver/Src/stm32f7xx_hal_uart.o
                0x0000000008004ec4                HAL_UART_ErrorCallback
 .text.HAL_UARTEx_RxEventCallback
                0x0000000008004ed8       0x18 ./Drivers/STM32F7xx_HAL_Driver/Src/stm32f7xx_hal_uart.o
                0x0000000008004ed8                HAL_UARTEx_RxEventCallback
 .text.UART_SetConfig
                0x0000000008004ef0      0x4c8 ./Drivers/STM32F7xx_HAL_Driver/Src/stm32f7xx_hal_uart.o
                0x0000000008004ef0                UART_SetConfig
 .text.UART_AdvFeatureConfig
                0x00000000080053b8      0x144 ./Drivers/STM32F7xx_HAL_Driver/Src/stm32f7xx_hal_uart.o
                0x00000000080053b8                UART_AdvFeatureConfig
 .text.UART_CheckIdleState
                0x00000000080054fc       0x6e ./Drivers/STM32F7xx_HAL_Driver/Src/stm32f7xx_hal_uart.o
                0x00000000080054fc                UART_CheckIdleState
 .text.UART_WaitOnFlagUntilTimeout
                0x000000000800556a      0x18c ./Drivers/STM32F7xx_HAL_Driver/Src/stm32f7xx_hal_uart.o
                0x000000000800556a                UART_WaitOnFlagUntilTimeout
 *fill*         0x00000000080056f6        0x2 
 .text.UART_Start_Receive_IT
                0x00000000080056f8      0x18c ./Drivers/STM32F7xx_HAL_Driver/Src/stm32f7xx_hal_uart.o
                0x00000000080056f8                UART_Start_Receive_IT
 .text.UART_EndRxTransfer
                0x0000000008005884       0xc8 ./Drivers/STM32F7xx_HAL_Driver/Src/stm32f7xx_hal_uart.o
 .text.UART_DMAAbortOnError
                0x000000000800594c       0x2c ./Drivers/STM32F7xx_HAL_Driver/Src/stm32f7xx_hal_uart.o
 .text.UART_EndTransmit_IT
                0x0000000008005978       0x54 ./Drivers/STM32F7xx_HAL_Driver/Src/stm32f7xx_hal_uart.o
 .text.UART_RxISR_8BIT
                0x00000000080059cc      0x166 ./Drivers/STM32F7xx_HAL_Driver/Src/stm32f7xx_hal_uart.o
 .text.UART_RxISR_16BIT
                0x0000000008005b32      0x166 ./Drivers/STM32F7xx_HAL_Driver/Src/stm32f7xx_hal_uart.o
 .text.USB_CoreInit
                0x0000000008005c98      0x110 ./Drivers/STM32F7xx_HAL_Driver/Src/stm32f7xx_ll_usb.o
                0x0000000008005c98                USB_CoreInit
 .text.USB_DisableGlobalInt
                0x0000000008005da8       0x22 ./Drivers/STM32F7xx_HAL_Driver/Src/stm32f7xx_ll_usb.o
                0x0000000008005da8                USB_DisableGlobalInt
 .text.USB_SetCurrentMode
                0x0000000008005dca       0x98 ./Drivers/STM32F7xx_HAL_Driver/Src/stm32f7xx_ll_usb.o
                0x0000000008005dca                USB_SetCurrentMode
 *fill*         0x0000000008005e62        0x2 
 .text.USB_DevInit
                0x0000000008005e64      0x2dc ./Drivers/STM32F7xx_HAL_Driver/Src/stm32f7xx_ll_usb.o
                0x0000000008005e64                USB_DevInit
 .text.USB_FlushTxFifo
                0x0000000008006140       0x68 ./Drivers/STM32F7xx_HAL_Driver/Src/stm32f7xx_ll_usb.o
                0x0000000008006140                USB_FlushTxFifo
 .text.USB_FlushRxFifo
                0x00000000080061a8       0x60 ./Drivers/STM32F7xx_HAL_Driver/Src/stm32f7xx_ll_usb.o
                0x00000000080061a8                USB_FlushRxFifo
 .text.USB_SetDevSpeed
                0x0000000008006208       0x32 ./Drivers/STM32F7xx_HAL_Driver/Src/stm32f7xx_ll_usb.o
                0x0000000008006208                USB_SetDevSpeed
 .text.USB_DevDisconnect
                0x000000000800623a       0x42 ./Drivers/STM32F7xx_HAL_Driver/Src/stm32f7xx_ll_usb.o
                0x000000000800623a                USB_DevDisconnect
 .text.USB_GetMode
                0x000000000800627c       0x1c ./Drivers/STM32F7xx_HAL_Driver/Src/stm32f7xx_ll_usb.o
                0x000000000800627c                USB_GetMode
 .text.USB_CoreReset
                0x0000000008006298       0x68 ./Drivers/STM32F7xx_HAL_Driver/Src/stm32f7xx_ll_usb.o
 .text.atoi     0x0000000008006300        0x8 C:/ST/STM32CubeIDE_1.14.0/STM32CubeIDE/plugins/com.st.stm32cube.ide.mcu.externaltools.gnu-tools-for-stm32.11.3.rel1.win32_1.1.100.202309141235/tools/bin/../lib/gcc/arm-none-eabi/11.3.1/../../../../arm-none-eabi/lib/thumb/v7e-m+fp/hard\libc_nano.a(libc_a-atoi.o)
                0x0000000008006300                atoi
 .text._strtol_l.constprop.0
                0x0000000008006308      0x104 C:/ST/STM32CubeIDE_1.14.0/STM32CubeIDE/plugins/com.st.stm32cube.ide.mcu.externaltools.gnu-tools-for-stm32.11.3.rel1.win32_1.1.100.202309141235/tools/bin/../lib/gcc/arm-none-eabi/11.3.1/../../../../arm-none-eabi/lib/thumb/v7e-m+fp/hard\libc_nano.a(libc_a-strtol.o)
 .text.strtol   0x000000000800640c       0x14 C:/ST/STM32CubeIDE_1.14.0/STM32CubeIDE/plugins/com.st.stm32cube.ide.mcu.externaltools.gnu-tools-for-stm32.11.3.rel1.win32_1.1.100.202309141235/tools/bin/../lib/gcc/arm-none-eabi/11.3.1/../../../../arm-none-eabi/lib/thumb/v7e-m+fp/hard\libc_nano.a(libc_a-strtol.o)
                0x000000000800640c                strtol
 .text.memset   0x0000000008006420       0x10 C:/ST/STM32CubeIDE_1.14.0/STM32CubeIDE/plugins/com.st.stm32cube.ide.mcu.externaltools.gnu-tools-for-stm32.11.3.rel1.win32_1.1.100.202309141235/tools/bin/../lib/gcc/arm-none-eabi/11.3.1/../../../../arm-none-eabi/lib/thumb/v7e-m+fp/hard\libc_nano.a(libc_a-memset.o)
                0x0000000008006420                memset
 .text.__errno  0x0000000008006430        0xc C:/ST/STM32CubeIDE_1.14.0/STM32CubeIDE/plugins/com.st.stm32cube.ide.mcu.externaltools.gnu-tools-for-stm32.11.3.rel1.win32_1.1.100.202309141235/tools/bin/../lib/gcc/arm-none-eabi/11.3.1/../../../../arm-none-eabi/lib/thumb/v7e-m+fp/hard\libc_nano.a(libc_a-errno.o)
                0x0000000008006430                __errno
 .text.__libc_init_array
                0x000000000800643c       0x48 C:/ST/STM32CubeIDE_1.14.0/STM32CubeIDE/plugins/com.st.stm32cube.ide.mcu.externaltools.gnu-tools-for-stm32.11.3.rel1.win32_1.1.100.202309141235/tools/bin/../lib/gcc/arm-none-eabi/11.3.1/../../../../arm-none-eabi/lib/thumb/v7e-m+fp/hard\libc_nano.a(libc_a-init.o)
                0x000000000800643c                __libc_init_array
 .text.memcpy   0x0000000008006484       0x1c C:/ST/STM32CubeIDE_1.14.0/STM32CubeIDE/plugins/com.st.stm32cube.ide.mcu.externaltools.gnu-tools-for-stm32.11.3.rel1.win32_1.1.100.202309141235/tools/bin/../lib/gcc/arm-none-eabi/11.3.1/../../../../arm-none-eabi/lib/thumb/v7e-m+fp/hard\libc_nano.a(libc_a-memcpy-stub.o)
                0x0000000008006484                memcpy
 *(.glue_7)
 .glue_7        0x00000000080064a0        0x0 linker stubs
 *(.glue_7t)
 .glue_7t       0x00000000080064a0        0x0 linker stubs
 *(.eh_frame)
 .eh_frame      0x00000000080064a0        0x0 C:/ST/STM32CubeIDE_1.14.0/STM32CubeIDE/plugins/com.st.stm32cube.ide.mcu.externaltools.gnu-tools-for-stm32.11.3.rel1.win32_1.1.100.202309141235/tools/bin/../lib/gcc/arm-none-eabi/11.3.1/thumb/v7e-m+fp/hard/crtbegin.o
 *(.init)
 .init          0x00000000080064a0        0x4 C:/ST/STM32CubeIDE_1.14.0/STM32CubeIDE/plugins/com.st.stm32cube.ide.mcu.externaltools.gnu-tools-for-stm32.11.3.rel1.win32_1.1.100.202309141235/tools/bin/../lib/gcc/arm-none-eabi/11.3.1/thumb/v7e-m+fp/hard/crti.o
                0x00000000080064a0                _init
 .init          0x00000000080064a4        0x8 C:/ST/STM32CubeIDE_1.14.0/STM32CubeIDE/plugins/com.st.stm32cube.ide.mcu.externaltools.gnu-tools-for-stm32.11.3.rel1.win32_1.1.100.202309141235/tools/bin/../lib/gcc/arm-none-eabi/11.3.1/thumb/v7e-m+fp/hard/crtn.o
 *(.fini)
 .fini          0x00000000080064ac        0x4 C:/ST/STM32CubeIDE_1.14.0/STM32CubeIDE/plugins/com.st.stm32cube.ide.mcu.externaltools.gnu-tools-for-stm32.11.3.rel1.win32_1.1.100.202309141235/tools/bin/../lib/gcc/arm-none-eabi/11.3.1/thumb/v7e-m+fp/hard/crti.o
                0x00000000080064ac                _fini
 .fini          0x00000000080064b0        0x8 C:/ST/STM32CubeIDE_1.14.0/STM32CubeIDE/plugins/com.st.stm32cube.ide.mcu.externaltools.gnu-tools-for-stm32.11.3.rel1.win32_1.1.100.202309141235/tools/bin/../lib/gcc/arm-none-eabi/11.3.1/thumb/v7e-m+fp/hard/crtn.o
                0x00000000080064b8                . = ALIGN (0x4)
                0x00000000080064b8                _etext = .

.vfp11_veneer   0x00000000080064b8        0x0
 .vfp11_veneer  0x00000000080064b8        0x0 linker stubs

.v4_bx          0x00000000080064b8        0x0
 .v4_bx         0x00000000080064b8        0x0 linker stubs

.iplt           0x00000000080064b8        0x0
 .iplt          0x00000000080064b8        0x0 C:/ST/STM32CubeIDE_1.14.0/STM32CubeIDE/plugins/com.st.stm32cube.ide.mcu.externaltools.gnu-tools-for-stm32.11.3.rel1.win32_1.1.100.202309141235/tools/bin/../lib/gcc/arm-none-eabi/11.3.1/thumb/v7e-m+fp/hard/crtbegin.o

.rodata         0x00000000080064b8      0x710
                0x00000000080064b8                . = ALIGN (0x4)
 *(.rodata)
 .rodata        0x00000000080064b8       0x4b ./Core/Src/console.o
 *fill*         0x0000000008006503        0x1 
 .rodata        0x0000000008006504      0x189 ./Core/Src/consoleCommands.o
 *fill*         0x000000000800668d        0x3 
 .rodata        0x0000000008006690       0x2c ./Core/Src/main.o
 *(.rodata*)
 .rodata.mConsoleCommandTable
                0x00000000080066bc      0x3f0 ./Core/Src/consoleCommands.o
 .rodata.AHBPrescTable
                0x0000000008006aac       0x10 ./Core/Src/system_stm32f7xx.o
                0x0000000008006aac                AHBPrescTable
 .rodata.APBPrescTable
                0x0000000008006abc        0x8 ./Core/Src/system_stm32f7xx.o
                0x0000000008006abc                APBPrescTable
 .rodata._ctype_
                0x0000000008006ac4      0x101 C:/ST/STM32CubeIDE_1.14.0/STM32CubeIDE/plugins/com.st.stm32cube.ide.mcu.externaltools.gnu-tools-for-stm32.11.3.rel1.win32_1.1.100.202309141235/tools/bin/../lib/gcc/arm-none-eabi/11.3.1/../../../../arm-none-eabi/lib/thumb/v7e-m+fp/hard\libc_nano.a(libc_a-ctype_.o)
                0x0000000008006ac4                _ctype_
                0x0000000008006bc8                . = ALIGN (0x4)
 *fill*         0x0000000008006bc5        0x3 

.ARM.extab      0x0000000008006bc8        0x0
                0x0000000008006bc8                . = ALIGN (0x4)
 *(.ARM.extab* .gnu.linkonce.armextab.*)
                0x0000000008006bc8                . = ALIGN (0x4)

.ARM            0x0000000008006bc8        0x8
                0x0000000008006bc8                . = ALIGN (0x4)
                0x0000000008006bc8                __exidx_start = .
 *(.ARM.exidx*)
 .ARM.exidx     0x0000000008006bc8        0x8 C:/ST/STM32CubeIDE_1.14.0/STM32CubeIDE/plugins/com.st.stm32cube.ide.mcu.externaltools.gnu-tools-for-stm32.11.3.rel1.win32_1.1.100.202309141235/tools/bin/../lib/gcc/arm-none-eabi/11.3.1/thumb/v7e-m+fp/hard\libgcc.a(_udivmoddi4.o)
                0x0000000008006bd0                __exidx_end = .
                0x0000000008006bd0                . = ALIGN (0x4)

.rel.dyn        0x0000000008006bd0        0x0
 .rel.iplt      0x0000000008006bd0        0x0 C:/ST/STM32CubeIDE_1.14.0/STM32CubeIDE/plugins/com.st.stm32cube.ide.mcu.externaltools.gnu-tools-for-stm32.11.3.rel1.win32_1.1.100.202309141235/tools/bin/../lib/gcc/arm-none-eabi/11.3.1/thumb/v7e-m+fp/hard/crtbegin.o

.preinit_array  0x0000000008006bd0        0x0
                0x0000000008006bd0                . = ALIGN (0x4)
                0x0000000008006bd0                PROVIDE (__preinit_array_start = .)
 *(.preinit_array*)
                0x0000000008006bd0                PROVIDE (__preinit_array_end = .)
                0x0000000008006bd0                . = ALIGN (0x4)

.init_array     0x0000000008006bd0        0x4
                0x0000000008006bd0                . = ALIGN (0x4)
                0x0000000008006bd0                PROVIDE (__init_array_start = .)
 *(SORT_BY_NAME(.init_array.*))
 *(.init_array*)
 .init_array    0x0000000008006bd0        0x4 C:/ST/STM32CubeIDE_1.14.0/STM32CubeIDE/plugins/com.st.stm32cube.ide.mcu.externaltools.gnu-tools-for-stm32.11.3.rel1.win32_1.1.100.202309141235/tools/bin/../lib/gcc/arm-none-eabi/11.3.1/thumb/v7e-m+fp/hard/crtbegin.o
                0x0000000008006bd4                PROVIDE (__init_array_end = .)
                0x0000000008006bd4                . = ALIGN (0x4)

.fini_array     0x0000000008006bd4        0x4
                0x0000000008006bd4                . = ALIGN (0x4)
                [!provide]                        PROVIDE (__fini_array_start = .)
 *(SORT_BY_NAME(.fini_array.*))
 *(.fini_array*)
 .fini_array    0x0000000008006bd4        0x4 C:/ST/STM32CubeIDE_1.14.0/STM32CubeIDE/plugins/com.st.stm32cube.ide.mcu.externaltools.gnu-tools-for-stm32.11.3.rel1.win32_1.1.100.202309141235/tools/bin/../lib/gcc/arm-none-eabi/11.3.1/thumb/v7e-m+fp/hard/crtbegin.o
                [!provide]                        PROVIDE (__fini_array_end = .)
                0x0000000008006bd8                . = ALIGN (0x4)
                0x0000000008006bd8                _sidata = LOADADDR (.data)

.data           0x0000000020000000       0x60 load address 0x0000000008006bd8
                0x0000000020000000                . = ALIGN (0x4)
                0x0000000020000000                _sdata = .
 *(.data)
 *(.data*)
 .data.uart_tx_complete
                0x0000000020000000        0x1 ./Core/Src/consoleIo.o
                0x0000000020000000                uart_tx_complete
 *fill*         0x0000000020000001        0x1 
 .data.Value_DAC_SPI
                0x0000000020000002        0x2 ./Core/Src/main.o
                0x0000000020000002                Value_DAC_SPI
 .data.SystemCoreClock
                0x0000000020000004        0x4 ./Core/Src/system_stm32f7xx.o
                0x0000000020000004                SystemCoreClock
 .data.uwTickPrio
                0x0000000020000008        0x4 ./Drivers/STM32F7xx_HAL_Driver/Src/stm32f7xx_hal.o
                0x0000000020000008                uwTickPrio
 .data.uwTickFreq
                0x000000002000000c        0x1 ./Drivers/STM32F7xx_HAL_Driver/Src/stm32f7xx_hal.o
                0x000000002000000c                uwTickFreq
 *fill*         0x000000002000000d        0x3 
 .data._impure_data
                0x0000000020000010       0x4c C:/ST/STM32CubeIDE_1.14.0/STM32CubeIDE/plugins/com.st.stm32cube.ide.mcu.externaltools.gnu-tools-for-stm32.11.3.rel1.win32_1.1.100.202309141235/tools/bin/../lib/gcc/arm-none-eabi/11.3.1/../../../../arm-none-eabi/lib/thumb/v7e-m+fp/hard\libc_nano.a(libc_a-impure.o)
                0x0000000020000010                _impure_data
 .data._impure_ptr
                0x000000002000005c        0x4 C:/ST/STM32CubeIDE_1.14.0/STM32CubeIDE/plugins/com.st.stm32cube.ide.mcu.externaltools.gnu-tools-for-stm32.11.3.rel1.win32_1.1.100.202309141235/tools/bin/../lib/gcc/arm-none-eabi/11.3.1/../../../../arm-none-eabi/lib/thumb/v7e-m+fp/hard\libc_nano.a(libc_a-impure.o)
                0x000000002000005c                _impure_ptr
 *(.RamFunc)
 *(.RamFunc*)
                0x0000000020000060                . = ALIGN (0x4)
                0x0000000020000060                _edata = .

.igot.plt       0x0000000020000060        0x0 load address 0x0000000008006c38
 .igot.plt      0x0000000020000060        0x0 C:/ST/STM32CubeIDE_1.14.0/STM32CubeIDE/plugins/com.st.stm32cube.ide.mcu.externaltools.gnu-tools-for-stm32.11.3.rel1.win32_1.1.100.202309141235/tools/bin/../lib/gcc/arm-none-eabi/11.3.1/thumb/v7e-m+fp/hard/crtbegin.o
                0x0000000020000060                . = ALIGN (0x4)

.bss            0x0000000020000060      0xa0c load address 0x0000000008006c38
                0x0000000020000060                _sbss = .
                0x0000000020000060                __bss_start__ = _sbss
 *(.bss)
 .bss           0x0000000020000060       0x1c C:/ST/STM32CubeIDE_1.14.0/STM32CubeIDE/plugins/com.st.stm32cube.ide.mcu.externaltools.gnu-tools-for-stm32.11.3.rel1.win32_1.1.100.202309141235/tools/bin/../lib/gcc/arm-none-eabi/11.3.1/thumb/v7e-m+fp/hard/crtbegin.o
 *(.bss*)
 .bss.mReceiveBuffer
                0x000000002000007c      0x100 ./Core/Src/console.o
                0x000000002000007c                mReceiveBuffer
 .bss.mReceivedSoFar
                0x000000002000017c        0x4 ./Core/Src/console.o
                0x000000002000017c                mReceivedSoFar
 .bss.mReceiveBufferNeedsChecking
                0x0000000020000180        0x1 ./Core/Src/console.o
                0x0000000020000180                mReceiveBufferNeedsChecking
 .bss.ch        0x0000000020000181        0x1 ./Core/Src/consoleIo.o
                0x0000000020000181                ch
 *fill*         0x0000000020000182        0x2 
 .bss.rx_bufferio
                0x0000000020000184      0x100 ./Core/Src/consoleIo.o
                0x0000000020000184                rx_bufferio
 .bss.rx_counter
                0x0000000020000284        0x1 ./Core/Src/consoleIo.o
                0x0000000020000284                rx_counter
 .bss.buffer_ready
                0x0000000020000285        0x1 ./Core/Src/consoleIo.o
                0x0000000020000285                buffer_ready
 *fill*         0x0000000020000286        0x2 
 .bss.hdac      0x0000000020000288       0x14 ./Core/Src/main.o
                0x0000000020000288                hdac
 .bss.hspi1     0x000000002000029c       0x64 ./Core/Src/main.o
                0x000000002000029c                hspi1
 .bss.htim11    0x0000000020000300       0x4c ./Core/Src/main.o
                0x0000000020000300                htim11
 .bss.htim13    0x000000002000034c       0x4c ./Core/Src/main.o
                0x000000002000034c                htim13
 .bss.huart3    0x0000000020000398       0x88 ./Core/Src/main.o
                0x0000000020000398                huart3
 .bss.hpcd_USB_OTG_FS
                0x0000000020000420      0x508 ./Core/Src/main.o
                0x0000000020000420                hpcd_USB_OTG_FS
 .bss.BlinkSpeed
                0x0000000020000928        0x1 ./Core/Src/main.o
                0x0000000020000928                BlinkSpeed
 .bss.debounceRequest
                0x0000000020000929        0x1 ./Core/Src/main.o
                0x0000000020000929                debounceRequest
 .bss.debounceCount
                0x000000002000092a        0x1 ./Core/Src/main.o
                0x000000002000092a                debounceCount
 *fill*         0x000000002000092b        0x1 
 .bss.spi_data  0x000000002000092c        0x2 ./Core/Src/main.o
                0x000000002000092c                spi_data
 .bss.Wave      0x000000002000092e        0x1 ./Core/Src/main.o
                0x000000002000092e                Wave
 *fill*         0x000000002000092f        0x1 
 .bss.uwTick    0x0000000020000930        0x4 ./Drivers/STM32F7xx_HAL_Driver/Src/stm32f7xx_hal.o
                0x0000000020000930                uwTick
 .bss.__sf      0x0000000020000934      0x138 C:/ST/STM32CubeIDE_1.14.0/STM32CubeIDE/plugins/com.st.stm32cube.ide.mcu.externaltools.gnu-tools-for-stm32.11.3.rel1.win32_1.1.100.202309141235/tools/bin/../lib/gcc/arm-none-eabi/11.3.1/../../../../arm-none-eabi/lib/thumb/v7e-m+fp/hard\libc_nano.a(libc_a-findfp.o)
                0x0000000020000934                __sf
 *(COMMON)
                0x0000000020000a6c                . = ALIGN (0x4)
                0x0000000020000a6c                _ebss = .
                0x0000000020000a6c                __bss_end__ = _ebss

._user_heap_stack
                0x0000000020000a6c      0x604 load address 0x0000000008006c38
                0x0000000020000a70                . = ALIGN (0x8)
 *fill*         0x0000000020000a6c        0x4 
                [!provide]                        PROVIDE (end = .)
                0x0000000020000a70                PROVIDE (_end = .)
                0x0000000020000c70                . = (. + _Min_Heap_Size)
 *fill*         0x0000000020000a70      0x200 
                0x0000000020001070                . = (. + _Min_Stack_Size)
 *fill*         0x0000000020000c70      0x400 
                0x0000000020001070                . = ALIGN (0x8)

/DISCARD/
 libc.a(*)
 libm.a(*)
 libgcc.a(*)

.ARM.attributes
                0x0000000000000000       0x30
 *(.ARM.attributes)
 .ARM.attributes
                0x0000000000000000       0x1e C:/ST/STM32CubeIDE_1.14.0/STM32CubeIDE/plugins/com.st.stm32cube.ide.mcu.externaltools.gnu-tools-for-stm32.11.3.rel1.win32_1.1.100.202309141235/tools/bin/../lib/gcc/arm-none-eabi/11.3.1/thumb/v7e-m+fp/hard/crti.o
 .ARM.attributes
                0x000000000000001e       0x34 C:/ST/STM32CubeIDE_1.14.0/STM32CubeIDE/plugins/com.st.stm32cube.ide.mcu.externaltools.gnu-tools-for-stm32.11.3.rel1.win32_1.1.100.202309141235/tools/bin/../lib/gcc/arm-none-eabi/11.3.1/thumb/v7e-m+fp/hard/crtbegin.o
 .ARM.attributes
                0x0000000000000052       0x34 ./Core/Src/console.o
 .ARM.attributes
                0x0000000000000086       0x34 ./Core/Src/consoleCommands.o
 .ARM.attributes
                0x00000000000000ba       0x34 ./Core/Src/consoleIo.o
 .ARM.attributes
                0x00000000000000ee       0x34 ./Core/Src/main.o
 .ARM.attributes
                0x0000000000000122       0x34 ./Core/Src/stm32f7xx_hal_msp.o
 .ARM.attributes
                0x0000000000000156       0x34 ./Core/Src/stm32f7xx_it.o
 .ARM.attributes
                0x000000000000018a       0x34 ./Core/Src/system_stm32f7xx.o
 .ARM.attributes
                0x00000000000001be       0x21 ./Core/Startup/startup_stm32f722zetx.o
 .ARM.attributes
                0x00000000000001df       0x34 ./Drivers/STM32F7xx_HAL_Driver/Src/stm32f7xx_hal.o
 .ARM.attributes
                0x0000000000000213       0x34 ./Drivers/STM32F7xx_HAL_Driver/Src/stm32f7xx_hal_cortex.o
 .ARM.attributes
                0x0000000000000247       0x34 ./Drivers/STM32F7xx_HAL_Driver/Src/stm32f7xx_hal_dac.o
 .ARM.attributes
                0x000000000000027b       0x34 ./Drivers/STM32F7xx_HAL_Driver/Src/stm32f7xx_hal_dma.o
 .ARM.attributes
                0x00000000000002af       0x34 ./Drivers/STM32F7xx_HAL_Driver/Src/stm32f7xx_hal_gpio.o
 .ARM.attributes
                0x00000000000002e3       0x34 ./Drivers/STM32F7xx_HAL_Driver/Src/stm32f7xx_hal_pcd.o
 .ARM.attributes
                0x0000000000000317       0x34 ./Drivers/STM32F7xx_HAL_Driver/Src/stm32f7xx_hal_pcd_ex.o
 .ARM.attributes
                0x000000000000034b       0x34 ./Drivers/STM32F7xx_HAL_Driver/Src/stm32f7xx_hal_pwr.o
 .ARM.attributes
                0x000000000000037f       0x34 ./Drivers/STM32F7xx_HAL_Driver/Src/stm32f7xx_hal_pwr_ex.o
 .ARM.attributes
                0x00000000000003b3       0x34 ./Drivers/STM32F7xx_HAL_Driver/Src/stm32f7xx_hal_rcc.o
 .ARM.attributes
                0x00000000000003e7       0x34 ./Drivers/STM32F7xx_HAL_Driver/Src/stm32f7xx_hal_rcc_ex.o
 .ARM.attributes
                0x000000000000041b       0x34 ./Drivers/STM32F7xx_HAL_Driver/Src/stm32f7xx_hal_spi.o
 .ARM.attributes
                0x000000000000044f       0x34 ./Drivers/STM32F7xx_HAL_Driver/Src/stm32f7xx_hal_tim.o
 .ARM.attributes
                0x0000000000000483       0x34 ./Drivers/STM32F7xx_HAL_Driver/Src/stm32f7xx_hal_tim_ex.o
 .ARM.attributes
                0x00000000000004b7       0x34 ./Drivers/STM32F7xx_HAL_Driver/Src/stm32f7xx_hal_uart.o
 .ARM.attributes
                0x00000000000004eb       0x34 ./Drivers/STM32F7xx_HAL_Driver/Src/stm32f7xx_ll_usb.o
 .ARM.attributes
                0x000000000000051f       0x34 C:/ST/STM32CubeIDE_1.14.0/STM32CubeIDE/plugins/com.st.stm32cube.ide.mcu.externaltools.gnu-tools-for-stm32.11.3.rel1.win32_1.1.100.202309141235/tools/bin/../lib/gcc/arm-none-eabi/11.3.1/../../../../arm-none-eabi/lib/thumb/v7e-m+fp/hard\libc_nano.a(libc_a-atoi.o)
 .ARM.attributes
                0x0000000000000553       0x34 C:/ST/STM32CubeIDE_1.14.0/STM32CubeIDE/plugins/com.st.stm32cube.ide.mcu.externaltools.gnu-tools-for-stm32.11.3.rel1.win32_1.1.100.202309141235/tools/bin/../lib/gcc/arm-none-eabi/11.3.1/../../../../arm-none-eabi/lib/thumb/v7e-m+fp/hard\libc_nano.a(libc_a-strtol.o)
 .ARM.attributes
                0x0000000000000587       0x34 C:/ST/STM32CubeIDE_1.14.0/STM32CubeIDE/plugins/com.st.stm32cube.ide.mcu.externaltools.gnu-tools-for-stm32.11.3.rel1.win32_1.1.100.202309141235/tools/bin/../lib/gcc/arm-none-eabi/11.3.1/../../../../arm-none-eabi/lib/thumb/v7e-m+fp/hard\libc_nano.a(libc_a-ctype_.o)
 .ARM.attributes
                0x00000000000005bb       0x34 C:/ST/STM32CubeIDE_1.14.0/STM32CubeIDE/plugins/com.st.stm32cube.ide.mcu.externaltools.gnu-tools-for-stm32.11.3.rel1.win32_1.1.100.202309141235/tools/bin/../lib/gcc/arm-none-eabi/11.3.1/../../../../arm-none-eabi/lib/thumb/v7e-m+fp/hard\libc_nano.a(libc_a-findfp.o)
 .ARM.attributes
                0x00000000000005ef       0x34 C:/ST/STM32CubeIDE_1.14.0/STM32CubeIDE/plugins/com.st.stm32cube.ide.mcu.externaltools.gnu-tools-for-stm32.11.3.rel1.win32_1.1.100.202309141235/tools/bin/../lib/gcc/arm-none-eabi/11.3.1/../../../../arm-none-eabi/lib/thumb/v7e-m+fp/hard\libc_nano.a(libc_a-memset.o)
 .ARM.attributes
                0x0000000000000623       0x34 C:/ST/STM32CubeIDE_1.14.0/STM32CubeIDE/plugins/com.st.stm32cube.ide.mcu.externaltools.gnu-tools-for-stm32.11.3.rel1.win32_1.1.100.202309141235/tools/bin/../lib/gcc/arm-none-eabi/11.3.1/../../../../arm-none-eabi/lib/thumb/v7e-m+fp/hard\libc_nano.a(libc_a-impure.o)
 .ARM.attributes
                0x0000000000000657       0x34 C:/ST/STM32CubeIDE_1.14.0/STM32CubeIDE/plugins/com.st.stm32cube.ide.mcu.externaltools.gnu-tools-for-stm32.11.3.rel1.win32_1.1.100.202309141235/tools/bin/../lib/gcc/arm-none-eabi/11.3.1/../../../../arm-none-eabi/lib/thumb/v7e-m+fp/hard\libc_nano.a(libc_a-errno.o)
 .ARM.attributes
                0x000000000000068b       0x34 C:/ST/STM32CubeIDE_1.14.0/STM32CubeIDE/plugins/com.st.stm32cube.ide.mcu.externaltools.gnu-tools-for-stm32.11.3.rel1.win32_1.1.100.202309141235/tools/bin/../lib/gcc/arm-none-eabi/11.3.1/../../../../arm-none-eabi/lib/thumb/v7e-m+fp/hard\libc_nano.a(libc_a-init.o)
 .ARM.attributes
                0x00000000000006bf       0x1c C:/ST/STM32CubeIDE_1.14.0/STM32CubeIDE/plugins/com.st.stm32cube.ide.mcu.externaltools.gnu-tools-for-stm32.11.3.rel1.win32_1.1.100.202309141235/tools/bin/../lib/gcc/arm-none-eabi/11.3.1/../../../../arm-none-eabi/lib/thumb/v7e-m+fp/hard\libc_nano.a(libc_a-strcmp.o)
 .ARM.attributes
                0x00000000000006db       0x34 C:/ST/STM32CubeIDE_1.14.0/STM32CubeIDE/plugins/com.st.stm32cube.ide.mcu.externaltools.gnu-tools-for-stm32.11.3.rel1.win32_1.1.100.202309141235/tools/bin/../lib/gcc/arm-none-eabi/11.3.1/../../../../arm-none-eabi/lib/thumb/v7e-m+fp/hard\libc_nano.a(libc_a-memcpy-stub.o)
 .ARM.attributes
                0x000000000000070f       0x17 C:/ST/STM32CubeIDE_1.14.0/STM32CubeIDE/plugins/com.st.stm32cube.ide.mcu.externaltools.gnu-tools-for-stm32.11.3.rel1.win32_1.1.100.202309141235/tools/bin/../lib/gcc/arm-none-eabi/11.3.1/../../../../arm-none-eabi/lib/thumb/v7e-m+fp/hard\libc_nano.a(libc_a-strlen.o)
 .ARM.attributes
                0x0000000000000726       0x1e C:/ST/STM32CubeIDE_1.14.0/STM32CubeIDE/plugins/com.st.stm32cube.ide.mcu.externaltools.gnu-tools-for-stm32.11.3.rel1.win32_1.1.100.202309141235/tools/bin/../lib/gcc/arm-none-eabi/11.3.1/thumb/v7e-m+fp/hard\libgcc.a(_aeabi_uldivmod.o)
 .ARM.attributes
                0x0000000000000744       0x34 C:/ST/STM32CubeIDE_1.14.0/STM32CubeIDE/plugins/com.st.stm32cube.ide.mcu.externaltools.gnu-tools-for-stm32.11.3.rel1.win32_1.1.100.202309141235/tools/bin/../lib/gcc/arm-none-eabi/11.3.1/thumb/v7e-m+fp/hard\libgcc.a(_udivmoddi4.o)
 .ARM.attributes
                0x0000000000000778       0x1e C:/ST/STM32CubeIDE_1.14.0/STM32CubeIDE/plugins/com.st.stm32cube.ide.mcu.externaltools.gnu-tools-for-stm32.11.3.rel1.win32_1.1.100.202309141235/tools/bin/../lib/gcc/arm-none-eabi/11.3.1/thumb/v7e-m+fp/hard\libgcc.a(_dvmd_tls.o)
 .ARM.attributes
                0x0000000000000796       0x1e C:/ST/STM32CubeIDE_1.14.0/STM32CubeIDE/plugins/com.st.stm32cube.ide.mcu.externaltools.gnu-tools-for-stm32.11.3.rel1.win32_1.1.100.202309141235/tools/bin/../lib/gcc/arm-none-eabi/11.3.1/thumb/v7e-m+fp/hard/crtn.o
OUTPUT(STM32_MES_PROJECT.elf elf32-littlearm)
LOAD linker stubs
LOAD C:/ST/STM32CubeIDE_1.14.0/STM32CubeIDE/plugins/com.st.stm32cube.ide.mcu.externaltools.gnu-tools-for-stm32.11.3.rel1.win32_1.1.100.202309141235/tools/bin/../lib/gcc/arm-none-eabi/11.3.1/../../../../arm-none-eabi/lib/thumb/v7e-m+fp/hard\libc.a
LOAD C:/ST/STM32CubeIDE_1.14.0/STM32CubeIDE/plugins/com.st.stm32cube.ide.mcu.externaltools.gnu-tools-for-stm32.11.3.rel1.win32_1.1.100.202309141235/tools/bin/../lib/gcc/arm-none-eabi/11.3.1/../../../../arm-none-eabi/lib/thumb/v7e-m+fp/hard\libm.a
LOAD C:/ST/STM32CubeIDE_1.14.0/STM32CubeIDE/plugins/com.st.stm32cube.ide.mcu.externaltools.gnu-tools-for-stm32.11.3.rel1.win32_1.1.100.202309141235/tools/bin/../lib/gcc/arm-none-eabi/11.3.1/thumb/v7e-m+fp/hard\libgcc.a

.comment        0x0000000000000000       0x43
 .comment       0x0000000000000000       0x43 C:/ST/STM32CubeIDE_1.14.0/STM32CubeIDE/plugins/com.st.stm32cube.ide.mcu.externaltools.gnu-tools-for-stm32.11.3.rel1.win32_1.1.100.202309141235/tools/bin/../lib/gcc/arm-none-eabi/11.3.1/thumb/v7e-m+fp/hard/crtbegin.o
                                         0x44 (size before relaxing)
 .comment       0x0000000000000043       0x44 ./Core/Src/console.o
 .comment       0x0000000000000043       0x44 ./Core/Src/consoleCommands.o
 .comment       0x0000000000000043       0x44 ./Core/Src/consoleIo.o
 .comment       0x0000000000000043       0x44 ./Core/Src/main.o
 .comment       0x0000000000000043       0x44 ./Core/Src/stm32f7xx_hal_msp.o
 .comment       0x0000000000000043       0x44 ./Core/Src/stm32f7xx_it.o
 .comment       0x0000000000000043       0x44 ./Core/Src/system_stm32f7xx.o
 .comment       0x0000000000000043       0x44 ./Drivers/STM32F7xx_HAL_Driver/Src/stm32f7xx_hal.o
 .comment       0x0000000000000043       0x44 ./Drivers/STM32F7xx_HAL_Driver/Src/stm32f7xx_hal_cortex.o
 .comment       0x0000000000000043       0x44 ./Drivers/STM32F7xx_HAL_Driver/Src/stm32f7xx_hal_dac.o
 .comment       0x0000000000000043       0x44 ./Drivers/STM32F7xx_HAL_Driver/Src/stm32f7xx_hal_dma.o
 .comment       0x0000000000000043       0x44 ./Drivers/STM32F7xx_HAL_Driver/Src/stm32f7xx_hal_gpio.o
 .comment       0x0000000000000043       0x44 ./Drivers/STM32F7xx_HAL_Driver/Src/stm32f7xx_hal_pcd.o
 .comment       0x0000000000000043       0x44 ./Drivers/STM32F7xx_HAL_Driver/Src/stm32f7xx_hal_pcd_ex.o
 .comment       0x0000000000000043       0x44 ./Drivers/STM32F7xx_HAL_Driver/Src/stm32f7xx_hal_pwr.o
 .comment       0x0000000000000043       0x44 ./Drivers/STM32F7xx_HAL_Driver/Src/stm32f7xx_hal_pwr_ex.o
 .comment       0x0000000000000043       0x44 ./Drivers/STM32F7xx_HAL_Driver/Src/stm32f7xx_hal_rcc.o
 .comment       0x0000000000000043       0x44 ./Drivers/STM32F7xx_HAL_Driver/Src/stm32f7xx_hal_rcc_ex.o
 .comment       0x0000000000000043       0x44 ./Drivers/STM32F7xx_HAL_Driver/Src/stm32f7xx_hal_spi.o
 .comment       0x0000000000000043       0x44 ./Drivers/STM32F7xx_HAL_Driver/Src/stm32f7xx_hal_tim.o
 .comment       0x0000000000000043       0x44 ./Drivers/STM32F7xx_HAL_Driver/Src/stm32f7xx_hal_tim_ex.o
 .comment       0x0000000000000043       0x44 ./Drivers/STM32F7xx_HAL_Driver/Src/stm32f7xx_hal_uart.o
 .comment       0x0000000000000043       0x44 ./Drivers/STM32F7xx_HAL_Driver/Src/stm32f7xx_ll_usb.o

.debug_info     0x0000000000000000    0x180d3
 .debug_info    0x0000000000000000      0x93e ./Core/Src/console.o
 .debug_info    0x000000000000093e      0x623 ./Core/Src/consoleCommands.o
 .debug_info    0x0000000000000f61      0x8b5 ./Core/Src/consoleIo.o
 .debug_info    0x0000000000001816     0x1da9 ./Core/Src/main.o
 .debug_info    0x00000000000035bf     0x1db0 ./Core/Src/stm32f7xx_hal_msp.o
 .debug_info    0x000000000000536f      0xad6 ./Core/Src/stm32f7xx_it.o
 .debug_info    0x0000000000005e45      0x6ed ./Core/Src/system_stm32f7xx.o
 .debug_info    0x0000000000006532       0x23 ./Core/Startup/startup_stm32f722zetx.o
 .debug_info    0x0000000000006555      0x990 ./Drivers/STM32F7xx_HAL_Driver/Src/stm32f7xx_hal.o
 .debug_info    0x0000000000006ee5      0xf01 ./Drivers/STM32F7xx_HAL_Driver/Src/stm32f7xx_hal_cortex.o
 .debug_info    0x0000000000007de6      0x9c0 ./Drivers/STM32F7xx_HAL_Driver/Src/stm32f7xx_hal_dac.o
 .debug_info    0x00000000000087a6      0x8e7 ./Drivers/STM32F7xx_HAL_Driver/Src/stm32f7xx_hal_dma.o
 .debug_info    0x000000000000908d      0x6e7 ./Drivers/STM32F7xx_HAL_Driver/Src/stm32f7xx_hal_gpio.o
 .debug_info    0x0000000000009774     0x156c ./Drivers/STM32F7xx_HAL_Driver/Src/stm32f7xx_hal_pcd.o
 .debug_info    0x000000000000ace0      0x78b ./Drivers/STM32F7xx_HAL_Driver/Src/stm32f7xx_hal_pcd_ex.o
 .debug_info    0x000000000000b46b      0x90e ./Drivers/STM32F7xx_HAL_Driver/Src/stm32f7xx_hal_pwr.o
 .debug_info    0x000000000000bd79      0x8cd ./Drivers/STM32F7xx_HAL_Driver/Src/stm32f7xx_hal_pwr_ex.o
 .debug_info    0x000000000000c646      0x8e8 ./Drivers/STM32F7xx_HAL_Driver/Src/stm32f7xx_hal_rcc.o
 .debug_info    0x000000000000cf2e      0x6b2 ./Drivers/STM32F7xx_HAL_Driver/Src/stm32f7xx_hal_rcc_ex.o
 .debug_info    0x000000000000d5e0     0x169b ./Drivers/STM32F7xx_HAL_Driver/Src/stm32f7xx_hal_spi.o
 .debug_info    0x000000000000ec7b     0x2a9a ./Drivers/STM32F7xx_HAL_Driver/Src/stm32f7xx_hal_tim.o
 .debug_info    0x0000000000011715     0x15bb ./Drivers/STM32F7xx_HAL_Driver/Src/stm32f7xx_hal_tim_ex.o
 .debug_info    0x0000000000012cd0     0x3a47 ./Drivers/STM32F7xx_HAL_Driver/Src/stm32f7xx_hal_uart.o
 .debug_info    0x0000000000016717     0x19bc ./Drivers/STM32F7xx_HAL_Driver/Src/stm32f7xx_ll_usb.o

.debug_abbrev   0x0000000000000000     0x3384
 .debug_abbrev  0x0000000000000000      0x23a ./Core/Src/console.o
 .debug_abbrev  0x000000000000023a      0x18c ./Core/Src/consoleCommands.o
 .debug_abbrev  0x00000000000003c6      0x219 ./Core/Src/consoleIo.o
 .debug_abbrev  0x00000000000005df      0x37b ./Core/Src/main.o
 .debug_abbrev  0x000000000000095a      0x28c ./Core/Src/stm32f7xx_hal_msp.o
 .debug_abbrev  0x0000000000000be6      0x19c ./Core/Src/stm32f7xx_it.o
 .debug_abbrev  0x0000000000000d82      0x13b ./Core/Src/system_stm32f7xx.o
 .debug_abbrev  0x0000000000000ebd       0x12 ./Core/Startup/startup_stm32f722zetx.o
 .debug_abbrev  0x0000000000000ecf      0x213 ./Drivers/STM32F7xx_HAL_Driver/Src/stm32f7xx_hal.o
 .debug_abbrev  0x00000000000010e2      0x329 ./Drivers/STM32F7xx_HAL_Driver/Src/stm32f7xx_hal_cortex.o
 .debug_abbrev  0x000000000000140b      0x1f3 ./Drivers/STM32F7xx_HAL_Driver/Src/stm32f7xx_hal_dac.o
 .debug_abbrev  0x00000000000015fe      0x264 ./Drivers/STM32F7xx_HAL_Driver/Src/stm32f7xx_hal_dma.o
 .debug_abbrev  0x0000000000001862      0x1d4 ./Drivers/STM32F7xx_HAL_Driver/Src/stm32f7xx_hal_gpio.o
 .debug_abbrev  0x0000000000001a36      0x2e7 ./Drivers/STM32F7xx_HAL_Driver/Src/stm32f7xx_hal_pcd.o
 .debug_abbrev  0x0000000000001d1d      0x1ca ./Drivers/STM32F7xx_HAL_Driver/Src/stm32f7xx_hal_pcd_ex.o
 .debug_abbrev  0x0000000000001ee7      0x1c5 ./Drivers/STM32F7xx_HAL_Driver/Src/stm32f7xx_hal_pwr.o
 .debug_abbrev  0x00000000000020ac      0x1d5 ./Drivers/STM32F7xx_HAL_Driver/Src/stm32f7xx_hal_pwr_ex.o
 .debug_abbrev  0x0000000000002281      0x288 ./Drivers/STM32F7xx_HAL_Driver/Src/stm32f7xx_hal_rcc.o
 .debug_abbrev  0x0000000000002509      0x1a5 ./Drivers/STM32F7xx_HAL_Driver/Src/stm32f7xx_hal_rcc_ex.o
 .debug_abbrev  0x00000000000026ae      0x269 ./Drivers/STM32F7xx_HAL_Driver/Src/stm32f7xx_hal_spi.o
 .debug_abbrev  0x0000000000002917      0x278 ./Drivers/STM32F7xx_HAL_Driver/Src/stm32f7xx_hal_tim.o
 .debug_abbrev  0x0000000000002b8f      0x283 ./Drivers/STM32F7xx_HAL_Driver/Src/stm32f7xx_hal_tim_ex.o
 .debug_abbrev  0x0000000000002e12      0x2e6 ./Drivers/STM32F7xx_HAL_Driver/Src/stm32f7xx_hal_uart.o
 .debug_abbrev  0x00000000000030f8      0x28c ./Drivers/STM32F7xx_HAL_Driver/Src/stm32f7xx_ll_usb.o

.debug_aranges  0x0000000000000000     0x1560
 .debug_aranges
                0x0000000000000000       0xa8 ./Core/Src/console.o
 .debug_aranges
                0x00000000000000a8       0x88 ./Core/Src/consoleCommands.o
 .debug_aranges
                0x0000000000000130       0x40 ./Core/Src/consoleIo.o
 .debug_aranges
                0x0000000000000170       0x70 ./Core/Src/main.o
 .debug_aranges
                0x00000000000001e0       0x70 ./Core/Src/stm32f7xx_hal_msp.o
 .debug_aranges
                0x0000000000000250       0x78 ./Core/Src/stm32f7xx_it.o
 .debug_aranges
                0x00000000000002c8       0x28 ./Core/Src/system_stm32f7xx.o
 .debug_aranges
                0x00000000000002f0       0x28 ./Core/Startup/startup_stm32f722zetx.o
 .debug_aranges
                0x0000000000000318      0x100 ./Drivers/STM32F7xx_HAL_Driver/Src/stm32f7xx_hal.o
 .debug_aranges
                0x0000000000000418      0x118 ./Drivers/STM32F7xx_HAL_Driver/Src/stm32f7xx_hal_cortex.o
 .debug_aranges
                0x0000000000000530       0xc0 ./Drivers/STM32F7xx_HAL_Driver/Src/stm32f7xx_hal_dac.o
 .debug_aranges
                0x00000000000005f0       0x90 ./Drivers/STM32F7xx_HAL_Driver/Src/stm32f7xx_hal_dma.o
 .debug_aranges
                0x0000000000000680       0x58 ./Drivers/STM32F7xx_HAL_Driver/Src/stm32f7xx_hal_gpio.o
 .debug_aranges
                0x00000000000006d8      0x148 ./Drivers/STM32F7xx_HAL_Driver/Src/stm32f7xx_hal_pcd.o
 .debug_aranges
                0x0000000000000820       0x48 ./Drivers/STM32F7xx_HAL_Driver/Src/stm32f7xx_hal_pcd_ex.o
 .debug_aranges
                0x0000000000000868       0xa0 ./Drivers/STM32F7xx_HAL_Driver/Src/stm32f7xx_hal_pwr.o
 .debug_aranges
                0x0000000000000908       0x80 ./Drivers/STM32F7xx_HAL_Driver/Src/stm32f7xx_hal_pwr_ex.o
 .debug_aranges
                0x0000000000000988       0x88 ./Drivers/STM32F7xx_HAL_Driver/Src/stm32f7xx_hal_rcc.o
 .debug_aranges
                0x0000000000000a10       0x50 ./Drivers/STM32F7xx_HAL_Driver/Src/stm32f7xx_hal_rcc_ex.o
 .debug_aranges
                0x0000000000000a60      0x1d8 ./Drivers/STM32F7xx_HAL_Driver/Src/stm32f7xx_hal_spi.o
 .debug_aranges
                0x0000000000000c38      0x3e0 ./Drivers/STM32F7xx_HAL_Driver/Src/stm32f7xx_hal_tim.o
 .debug_aranges
                0x0000000000001018      0x178 ./Drivers/STM32F7xx_HAL_Driver/Src/stm32f7xx_hal_tim_ex.o
 .debug_aranges
                0x0000000000001190      0x228 ./Drivers/STM32F7xx_HAL_Driver/Src/stm32f7xx_hal_uart.o
 .debug_aranges
                0x00000000000013b8      0x1a8 ./Drivers/STM32F7xx_HAL_Driver/Src/stm32f7xx_ll_usb.o

.debug_rnglists
                0x0000000000000000     0x10af
 .debug_rnglists
                0x0000000000000000       0x80 ./Core/Src/console.o
 .debug_rnglists
                0x0000000000000080       0x62 ./Core/Src/consoleCommands.o
 .debug_rnglists
                0x00000000000000e2       0x2b ./Core/Src/consoleIo.o
 .debug_rnglists
                0x000000000000010d       0x62 ./Core/Src/main.o
 .debug_rnglists
                0x000000000000016f       0x54 ./Core/Src/stm32f7xx_hal_msp.o
 .debug_rnglists
                0x00000000000001c3       0x55 ./Core/Src/stm32f7xx_it.o
 .debug_rnglists
                0x0000000000000218       0x1a ./Core/Src/system_stm32f7xx.o
 .debug_rnglists
                0x0000000000000232       0x19 ./Core/Startup/startup_stm32f722zetx.o
 .debug_rnglists
                0x000000000000024b       0xbb ./Drivers/STM32F7xx_HAL_Driver/Src/stm32f7xx_hal.o
 .debug_rnglists
                0x0000000000000306       0xce ./Drivers/STM32F7xx_HAL_Driver/Src/stm32f7xx_hal_cortex.o
 .debug_rnglists
                0x00000000000003d4       0x90 ./Drivers/STM32F7xx_HAL_Driver/Src/stm32f7xx_hal_dac.o
 .debug_rnglists
                0x0000000000000464       0x70 ./Drivers/STM32F7xx_HAL_Driver/Src/stm32f7xx_hal_dma.o
 .debug_rnglists
                0x00000000000004d4       0x3f ./Drivers/STM32F7xx_HAL_Driver/Src/stm32f7xx_hal_gpio.o
 .debug_rnglists
                0x0000000000000513       0xfc ./Drivers/STM32F7xx_HAL_Driver/Src/stm32f7xx_hal_pcd.o
 .debug_rnglists
                0x000000000000060f       0x32 ./Drivers/STM32F7xx_HAL_Driver/Src/stm32f7xx_hal_pcd_ex.o
 .debug_rnglists
                0x0000000000000641       0x74 ./Drivers/STM32F7xx_HAL_Driver/Src/stm32f7xx_hal_pwr.o
 .debug_rnglists
                0x00000000000006b5       0x5f ./Drivers/STM32F7xx_HAL_Driver/Src/stm32f7xx_hal_pwr_ex.o
 .debug_rnglists
                0x0000000000000714       0x67 ./Drivers/STM32F7xx_HAL_Driver/Src/stm32f7xx_hal_rcc.o
 .debug_rnglists
                0x000000000000077b       0x3c ./Drivers/STM32F7xx_HAL_Driver/Src/stm32f7xx_hal_rcc_ex.o
 .debug_rnglists
                0x00000000000007b7      0x178 ./Drivers/STM32F7xx_HAL_Driver/Src/stm32f7xx_hal_spi.o
 .debug_rnglists
                0x000000000000092f      0x328 ./Drivers/STM32F7xx_HAL_Driver/Src/stm32f7xx_hal_tim.o
 .debug_rnglists
                0x0000000000000c57      0x131 ./Drivers/STM32F7xx_HAL_Driver/Src/stm32f7xx_hal_tim_ex.o
 .debug_rnglists
                0x0000000000000d88      0x1d9 ./Drivers/STM32F7xx_HAL_Driver/Src/stm32f7xx_hal_uart.o
 .debug_rnglists
                0x0000000000000f61      0x14e ./Drivers/STM32F7xx_HAL_Driver/Src/stm32f7xx_ll_usb.o

.debug_macro    0x0000000000000000    0x24abd
 .debug_macro   0x0000000000000000      0x1d0 ./Core/Src/console.o
 .debug_macro   0x00000000000001d0      0xaa8 ./Core/Src/console.o
 .debug_macro   0x0000000000000c78       0x22 ./Core/Src/console.o
 .debug_macro   0x0000000000000c9a       0x5b ./Core/Src/console.o
 .debug_macro   0x0000000000000cf5       0x2a ./Core/Src/console.o
 .debug_macro   0x0000000000000d1f       0x94 ./Core/Src/console.o
 .debug_macro   0x0000000000000db3       0x43 ./Core/Src/console.o
 .debug_macro   0x0000000000000df6       0x34 ./Core/Src/console.o
 .debug_macro   0x0000000000000e2a      0x174 ./Core/Src/console.o
 .debug_macro   0x0000000000000f9e       0x16 ./Core/Src/console.o
 .debug_macro   0x0000000000000fb4       0x43 ./Core/Src/console.o
 .debug_macro   0x0000000000000ff7       0x57 ./Core/Src/console.o
 .debug_macro   0x000000000000104e       0x34 ./Core/Src/console.o
 .debug_macro   0x0000000000001082       0x10 ./Core/Src/console.o
 .debug_macro   0x0000000000001092       0x58 ./Core/Src/console.o
 .debug_macro   0x00000000000010ea       0x8e ./Core/Src/console.o
 .debug_macro   0x0000000000001178       0x1c ./Core/Src/console.o
 .debug_macro   0x0000000000001194      0x177 ./Core/Src/console.o
 .debug_macro   0x000000000000130b      0x369 ./Core/Src/console.o
 .debug_macro   0x0000000000001674       0x10 ./Core/Src/console.o
 .debug_macro   0x0000000000001684       0x35 ./Core/Src/console.o
 .debug_macro   0x00000000000016b9       0x20 ./Core/Src/console.o
 .debug_macro   0x00000000000016d9       0x16 ./Core/Src/console.o
 .debug_macro   0x00000000000016ef       0x16 ./Core/Src/console.o
 .debug_macro   0x0000000000001705       0x29 ./Core/Src/console.o
 .debug_macro   0x000000000000172e       0x22 ./Core/Src/console.o
 .debug_macro   0x0000000000001750      0x103 ./Core/Src/console.o
 .debug_macro   0x0000000000001853       0x6a ./Core/Src/console.o
 .debug_macro   0x00000000000018bd      0x1df ./Core/Src/console.o
 .debug_macro   0x0000000000001a9c       0x1c ./Core/Src/console.o
 .debug_macro   0x0000000000001ab8       0x22 ./Core/Src/console.o
 .debug_macro   0x0000000000001ada      0x341 ./Core/Src/consoleCommands.o
 .debug_macro   0x0000000000001e1b       0x22 ./Core/Src/consoleCommands.o
 .debug_macro   0x0000000000001e3d       0x10 ./Core/Src/consoleCommands.o
 .debug_macro   0x0000000000001e4d      0x2a5 ./Core/Src/consoleCommands.o
 .debug_macro   0x00000000000020f2       0x2e ./Core/Src/consoleCommands.o
 .debug_macro   0x0000000000002120       0x3b ./Core/Src/consoleCommands.o
 .debug_macro   0x000000000000215b       0x1c ./Core/Src/consoleCommands.o
 .debug_macro   0x0000000000002177       0x22 ./Core/Src/consoleCommands.o
 .debug_macro   0x0000000000002199       0xd9 ./Core/Src/consoleCommands.o
 .debug_macro   0x0000000000002272     0x12cd ./Core/Src/consoleCommands.o
 .debug_macro   0x000000000000353f      0x11f ./Core/Src/consoleCommands.o
 .debug_macro   0x000000000000365e       0x19 ./Core/Src/consoleCommands.o
 .debug_macro   0x0000000000003677    0x15c67 ./Core/Src/consoleCommands.o
 .debug_macro   0x00000000000192de       0x6d ./Core/Src/consoleCommands.o
 .debug_macro   0x000000000001934b     0x3749 ./Core/Src/consoleCommands.o
 .debug_macro   0x000000000001ca94       0x5d ./Core/Src/consoleCommands.o
 .debug_macro   0x000000000001caf1     0x1588 ./Core/Src/consoleCommands.o
 .debug_macro   0x000000000001e079      0x6c4 ./Core/Src/consoleCommands.o
 .debug_macro   0x000000000001e73d      0x17e ./Core/Src/consoleCommands.o
 .debug_macro   0x000000000001e8bb      0x115 ./Core/Src/consoleCommands.o
 .debug_macro   0x000000000001e9d0      0x1d8 ./Core/Src/consoleCommands.o
 .debug_macro   0x000000000001eba8       0xa5 ./Core/Src/consoleCommands.o
 .debug_macro   0x000000000001ec4d      0x24f ./Core/Src/consoleCommands.o
 .debug_macro   0x000000000001ee9c       0x71 ./Core/Src/consoleCommands.o
 .debug_macro   0x000000000001ef0d       0x58 ./Core/Src/consoleCommands.o
 .debug_macro   0x000000000001ef65      0x236 ./Core/Src/consoleCommands.o
 .debug_macro   0x000000000001f19b      0x122 ./Core/Src/consoleCommands.o
 .debug_macro   0x000000000001f2bd       0xa6 ./Core/Src/consoleCommands.o
 .debug_macro   0x000000000001f363      0x154 ./Core/Src/consoleCommands.o
 .debug_macro   0x000000000001f4b7      0x2c3 ./Core/Src/consoleCommands.o
 .debug_macro   0x000000000001f77a       0x12 ./Core/Src/consoleCommands.o
 .debug_macro   0x000000000001f78c      0x22c ./Core/Src/consoleCommands.o
 .debug_macro   0x000000000001f9b8       0x61 ./Core/Src/consoleCommands.o
 .debug_macro   0x000000000001fa19       0xa5 ./Core/Src/consoleCommands.o
 .debug_macro   0x000000000001fabe      0x12e ./Core/Src/consoleCommands.o
 .debug_macro   0x000000000001fbec      0x108 ./Core/Src/consoleCommands.o
 .debug_macro   0x000000000001fcf4       0x35 ./Core/Src/consoleCommands.o
 .debug_macro   0x000000000001fd29      0x2fe ./Core/Src/consoleCommands.o
 .debug_macro   0x0000000000020027      0xa7c ./Core/Src/consoleCommands.o
 .debug_macro   0x0000000000020aa3       0x59 ./Core/Src/consoleCommands.o
 .debug_macro   0x0000000000020afc      0x56d ./Core/Src/consoleCommands.o
 .debug_macro   0x0000000000021069       0x44 ./Core/Src/consoleCommands.o
 .debug_macro   0x00000000000210ad      0x256 ./Core/Src/consoleCommands.o
 .debug_macro   0x0000000000021303       0xba ./Core/Src/consoleCommands.o
 .debug_macro   0x00000000000213bd      0x14d ./Core/Src/consoleCommands.o
 .debug_macro   0x000000000002150a       0xdc ./Core/Src/consoleCommands.o
 .debug_macro   0x00000000000215e6      0x341 ./Core/Src/consoleIo.o
 .debug_macro   0x0000000000021927       0x8e ./Core/Src/consoleIo.o
 .debug_macro   0x00000000000219b5       0x51 ./Core/Src/consoleIo.o
 .debug_macro   0x0000000000021a06       0x61 ./Core/Src/consoleIo.o
 .debug_macro   0x0000000000021a67       0x16 ./Core/Src/consoleIo.o
 .debug_macro   0x0000000000021a7d       0x97 ./Core/Src/consoleIo.o
 .debug_macro   0x0000000000021b14       0xfd ./Core/Src/consoleIo.o
 .debug_macro   0x0000000000021c11       0x10 ./Core/Src/consoleIo.o
 .debug_macro   0x0000000000021c21       0x16 ./Core/Src/consoleIo.o
 .debug_macro   0x0000000000021c37       0x16 ./Core/Src/consoleIo.o
 .debug_macro   0x0000000000021c4d      0x147 ./Core/Src/consoleIo.o
 .debug_macro   0x0000000000021d94       0x16 ./Core/Src/consoleIo.o
 .debug_macro   0x0000000000021daa      0x247 ./Core/Src/main.o
 .debug_macro   0x0000000000021ff1       0x63 ./Core/Src/main.o
 .debug_macro   0x0000000000022054      0x23e ./Core/Src/stm32f7xx_hal_msp.o
 .debug_macro   0x0000000000022292      0x248 ./Core/Src/stm32f7xx_it.o
 .debug_macro   0x00000000000224da      0x22f ./Core/Src/system_stm32f7xx.o
 .debug_macro   0x0000000000022709      0x253 ./Drivers/STM32F7xx_HAL_Driver/Src/stm32f7xx_hal.o
 .debug_macro   0x000000000002295c      0x22f ./Drivers/STM32F7xx_HAL_Driver/Src/stm32f7xx_hal_cortex.o
 .debug_macro   0x0000000000022b8b      0x230 ./Drivers/STM32F7xx_HAL_Driver/Src/stm32f7xx_hal_dac.o
 .debug_macro   0x0000000000022dbb      0x235 ./Drivers/STM32F7xx_HAL_Driver/Src/stm32f7xx_hal_dma.o
 .debug_macro   0x0000000000022ff0      0x235 ./Drivers/STM32F7xx_HAL_Driver/Src/stm32f7xx_hal_gpio.o
 .debug_macro   0x0000000000023225      0x23b ./Drivers/STM32F7xx_HAL_Driver/Src/stm32f7xx_hal_pcd.o
 .debug_macro   0x0000000000023460      0x22f ./Drivers/STM32F7xx_HAL_Driver/Src/stm32f7xx_hal_pcd_ex.o
 .debug_macro   0x000000000002368f      0x24d ./Drivers/STM32F7xx_HAL_Driver/Src/stm32f7xx_hal_pwr.o
 .debug_macro   0x00000000000238dc      0x247 ./Drivers/STM32F7xx_HAL_Driver/Src/stm32f7xx_hal_pwr_ex.o
 .debug_macro   0x0000000000023b23      0x253 ./Drivers/STM32F7xx_HAL_Driver/Src/stm32f7xx_hal_rcc.o
 .debug_macro   0x0000000000023d76      0x22f ./Drivers/STM32F7xx_HAL_Driver/Src/stm32f7xx_hal_rcc_ex.o
 .debug_macro   0x0000000000023fa5      0x23e ./Drivers/STM32F7xx_HAL_Driver/Src/stm32f7xx_hal_spi.o
 .debug_macro   0x00000000000241e3      0x230 ./Drivers/STM32F7xx_HAL_Driver/Src/stm32f7xx_hal_tim.o
 .debug_macro   0x0000000000024413      0x22f ./Drivers/STM32F7xx_HAL_Driver/Src/stm32f7xx_hal_tim_ex.o
 .debug_macro   0x0000000000024642      0x24c ./Drivers/STM32F7xx_HAL_Driver/Src/stm32f7xx_hal_uart.o
 .debug_macro   0x000000000002488e      0x22f ./Drivers/STM32F7xx_HAL_Driver/Src/stm32f7xx_ll_usb.o

.debug_line     0x0000000000000000    0x1a47e
 .debug_line    0x0000000000000000      0xb0f ./Core/Src/console.o
 .debug_line    0x0000000000000b0f      0xbcc ./Core/Src/consoleCommands.o
 .debug_line    0x00000000000016db      0xa44 ./Core/Src/consoleIo.o
 .debug_line    0x000000000000211f      0xb00 ./Core/Src/main.o
 .debug_line    0x0000000000002c1f      0x9e5 ./Core/Src/stm32f7xx_hal_msp.o
 .debug_line    0x0000000000003604      0x92d ./Core/Src/stm32f7xx_it.o
 .debug_line    0x0000000000003f31      0x8a2 ./Core/Src/system_stm32f7xx.o
 .debug_line    0x00000000000047d3       0x7a ./Core/Startup/startup_stm32f722zetx.o
 .debug_line    0x000000000000484d      0xb33 ./Drivers/STM32F7xx_HAL_Driver/Src/stm32f7xx_hal.o
 .debug_line    0x0000000000005380      0xdb9 ./Drivers/STM32F7xx_HAL_Driver/Src/stm32f7xx_hal_cortex.o
 .debug_line    0x0000000000006139      0xc55 ./Drivers/STM32F7xx_HAL_Driver/Src/stm32f7xx_hal_dac.o
 .debug_line    0x0000000000006d8e     0x1082 ./Drivers/STM32F7xx_HAL_Driver/Src/stm32f7xx_hal_dma.o
 .debug_line    0x0000000000007e10      0xc7f ./Drivers/STM32F7xx_HAL_Driver/Src/stm32f7xx_hal_gpio.o
 .debug_line    0x0000000000008a8f     0x1582 ./Drivers/STM32F7xx_HAL_Driver/Src/stm32f7xx_hal_pcd.o
 .debug_line    0x000000000000a011      0x934 ./Drivers/STM32F7xx_HAL_Driver/Src/stm32f7xx_hal_pcd_ex.o
 .debug_line    0x000000000000a945      0xa37 ./Drivers/STM32F7xx_HAL_Driver/Src/stm32f7xx_hal_pwr.o
 .debug_line    0x000000000000b37c      0xa9f ./Drivers/STM32F7xx_HAL_Driver/Src/stm32f7xx_hal_pwr_ex.o
 .debug_line    0x000000000000be1b      0xf73 ./Drivers/STM32F7xx_HAL_Driver/Src/stm32f7xx_hal_rcc.o
 .debug_line    0x000000000000cd8e      0xe7b ./Drivers/STM32F7xx_HAL_Driver/Src/stm32f7xx_hal_rcc_ex.o
 .debug_line    0x000000000000dc09     0x2089 ./Drivers/STM32F7xx_HAL_Driver/Src/stm32f7xx_hal_spi.o
 .debug_line    0x000000000000fc92     0x3db8 ./Drivers/STM32F7xx_HAL_Driver/Src/stm32f7xx_hal_tim.o
 .debug_line    0x0000000000013a4a     0x1c38 ./Drivers/STM32F7xx_HAL_Driver/Src/stm32f7xx_hal_tim_ex.o
 .debug_line    0x0000000000015682     0x31e4 ./Drivers/STM32F7xx_HAL_Driver/Src/stm32f7xx_hal_uart.o
 .debug_line    0x0000000000018866     0x1c18 ./Drivers/STM32F7xx_HAL_Driver/Src/stm32f7xx_ll_usb.o

.debug_str      0x0000000000000000    0xe23c0
 .debug_str     0x0000000000000000     0x76ca ./Core/Src/console.o
                                       0x790a (size before relaxing)
 .debug_str     0x00000000000076ca    0xd440f ./Core/Src/consoleCommands.o
                                      0xdbd83 (size before relaxing)
 .debug_str     0x00000000000dbad9      0xb70 ./Core/Src/consoleIo.o
                                      0xdc14c (size before relaxing)
 .debug_str     0x00000000000dc649      0xe14 ./Core/Src/main.o
                                      0xd9b86 (size before relaxing)
 .debug_str     0x00000000000dd45d      0x8ac ./Core/Src/stm32f7xx_hal_msp.o
                                      0xd9f66 (size before relaxing)
 .debug_str     0x00000000000ddd09      0x139 ./Core/Src/stm32f7xx_it.o
                                      0xd8fbd (size before relaxing)
 .debug_str     0x00000000000dde42      0x1a4 ./Core/Src/system_stm32f7xx.o
                                      0xd8645 (size before relaxing)
 .debug_str     0x00000000000ddfe6       0x34 ./Core/Startup/startup_stm32f722zetx.o
                                         0x7a (size before relaxing)
 .debug_str     0x00000000000de01a      0x402 ./Drivers/STM32F7xx_HAL_Driver/Src/stm32f7xx_hal.o
                                      0xd8f1c (size before relaxing)
 .debug_str     0x00000000000de41c      0x312 ./Drivers/STM32F7xx_HAL_Driver/Src/stm32f7xx_hal_cortex.o
                                      0xd8f07 (size before relaxing)
 .debug_str     0x00000000000de72e      0x206 ./Drivers/STM32F7xx_HAL_Driver/Src/stm32f7xx_hal_dac.o
                                      0xd89d1 (size before relaxing)
 .debug_str     0x00000000000de934      0x301 ./Drivers/STM32F7xx_HAL_Driver/Src/stm32f7xx_hal_dma.o
                                      0xd8984 (size before relaxing)
 .debug_str     0x00000000000dec35       0xe1 ./Drivers/STM32F7xx_HAL_Driver/Src/stm32f7xx_hal_gpio.o
                                      0xd8703 (size before relaxing)
 .debug_str     0x00000000000ded16      0x832 ./Drivers/STM32F7xx_HAL_Driver/Src/stm32f7xx_hal_pcd.o
                                      0xd9062 (size before relaxing)
 .debug_str     0x00000000000df548      0x12d ./Drivers/STM32F7xx_HAL_Driver/Src/stm32f7xx_hal_pcd_ex.o
                                      0xd8963 (size before relaxing)
 .debug_str     0x00000000000df675      0x2ac ./Drivers/STM32F7xx_HAL_Driver/Src/stm32f7xx_hal_pwr.o
                                      0xd88e6 (size before relaxing)
 .debug_str     0x00000000000df921      0x1bd ./Drivers/STM32F7xx_HAL_Driver/Src/stm32f7xx_hal_pwr_ex.o
                                      0xd88b4 (size before relaxing)
 .debug_str     0x00000000000dfade      0x245 ./Drivers/STM32F7xx_HAL_Driver/Src/stm32f7xx_hal_rcc.o
                                      0xd89ae (size before relaxing)
 .debug_str     0x00000000000dfd23      0x13f ./Drivers/STM32F7xx_HAL_Driver/Src/stm32f7xx_hal_rcc_ex.o
                                      0xd88dc (size before relaxing)
 .debug_str     0x00000000000dfe62      0x58d ./Drivers/STM32F7xx_HAL_Driver/Src/stm32f7xx_hal_spi.o
                                      0xd8e85 (size before relaxing)
 .debug_str     0x00000000000e03ef      0xe3f ./Drivers/STM32F7xx_HAL_Driver/Src/stm32f7xx_hal_tim.o
                                      0xd9958 (size before relaxing)
 .debug_str     0x00000000000e122e      0x561 ./Drivers/STM32F7xx_HAL_Driver/Src/stm32f7xx_hal_tim_ex.o
                                      0xd91ae (size before relaxing)
 .debug_str     0x00000000000e178f      0x7d1 ./Drivers/STM32F7xx_HAL_Driver/Src/stm32f7xx_hal_uart.o
                                      0xd92f4 (size before relaxing)
 .debug_str     0x00000000000e1f60      0x460 ./Drivers/STM32F7xx_HAL_Driver/Src/stm32f7xx_ll_usb.o
                                      0xd8ee8 (size before relaxing)

.debug_frame    0x0000000000000000     0x5cf8
 .debug_frame   0x0000000000000000      0x2b4 ./Core/Src/console.o
 .debug_frame   0x00000000000002b4      0x208 ./Core/Src/consoleCommands.o
 .debug_frame   0x00000000000004bc       0xc0 ./Core/Src/consoleIo.o
 .debug_frame   0x000000000000057c      0x160 ./Core/Src/main.o
 .debug_frame   0x00000000000006dc      0x1a8 ./Core/Src/stm32f7xx_hal_msp.o
 .debug_frame   0x0000000000000884      0x158 ./Core/Src/stm32f7xx_it.o
 .debug_frame   0x00000000000009dc       0x58 ./Core/Src/system_stm32f7xx.o
 .debug_frame   0x0000000000000a34      0x3b4 ./Drivers/STM32F7xx_HAL_Driver/Src/stm32f7xx_hal.o
 .debug_frame   0x0000000000000de8      0x498 ./Drivers/STM32F7xx_HAL_Driver/Src/stm32f7xx_hal_cortex.o
 .debug_frame   0x0000000000001280      0x338 ./Drivers/STM32F7xx_HAL_Driver/Src/stm32f7xx_hal_dac.o
 .debug_frame   0x00000000000015b8      0x250 ./Drivers/STM32F7xx_HAL_Driver/Src/stm32f7xx_hal_dma.o
 .debug_frame   0x0000000000001808      0x14c ./Drivers/STM32F7xx_HAL_Driver/Src/stm32f7xx_hal_gpio.o
 .debug_frame   0x0000000000001954      0x5bc ./Drivers/STM32F7xx_HAL_Driver/Src/stm32f7xx_hal_pcd.o
 .debug_frame   0x0000000000001f10      0x100 ./Drivers/STM32F7xx_HAL_Driver/Src/stm32f7xx_hal_pcd_ex.o
 .debug_frame   0x0000000000002010      0x254 ./Drivers/STM32F7xx_HAL_Driver/Src/stm32f7xx_hal_pwr.o
 .debug_frame   0x0000000000002264      0x1c8 ./Drivers/STM32F7xx_HAL_Driver/Src/stm32f7xx_hal_pwr_ex.o
 .debug_frame   0x000000000000242c      0x1f8 ./Drivers/STM32F7xx_HAL_Driver/Src/stm32f7xx_hal_rcc.o
 .debug_frame   0x0000000000002624      0x118 ./Drivers/STM32F7xx_HAL_Driver/Src/stm32f7xx_hal_rcc_ex.o
 .debug_frame   0x000000000000273c      0x860 ./Drivers/STM32F7xx_HAL_Driver/Src/stm32f7xx_hal_spi.o
 .debug_frame   0x0000000000002f9c     0x121c ./Drivers/STM32F7xx_HAL_Driver/Src/stm32f7xx_hal_tim.o
 .debug_frame   0x00000000000041b8      0x688 ./Drivers/STM32F7xx_HAL_Driver/Src/stm32f7xx_hal_tim_ex.o
 .debug_frame   0x0000000000004840      0x9e4 ./Drivers/STM32F7xx_HAL_Driver/Src/stm32f7xx_hal_uart.o
 .debug_frame   0x0000000000005224      0x7e8 ./Drivers/STM32F7xx_HAL_Driver/Src/stm32f7xx_ll_usb.o
 .debug_frame   0x0000000000005a0c       0x30 C:/ST/STM32CubeIDE_1.14.0/STM32CubeIDE/plugins/com.st.stm32cube.ide.mcu.externaltools.gnu-tools-for-stm32.11.3.rel1.win32_1.1.100.202309141235/tools/bin/../lib/gcc/arm-none-eabi/11.3.1/../../../../arm-none-eabi/lib/thumb/v7e-m+fp/hard\libc_nano.a(libc_a-atoi.o)
 .debug_frame   0x0000000000005a3c       0x64 C:/ST/STM32CubeIDE_1.14.0/STM32CubeIDE/plugins/com.st.stm32cube.ide.mcu.externaltools.gnu-tools-for-stm32.11.3.rel1.win32_1.1.100.202309141235/tools/bin/../lib/gcc/arm-none-eabi/11.3.1/../../../../arm-none-eabi/lib/thumb/v7e-m+fp/hard\libc_nano.a(libc_a-strtol.o)
 .debug_frame   0x0000000000005aa0      0x144 C:/ST/STM32CubeIDE_1.14.0/STM32CubeIDE/plugins/com.st.stm32cube.ide.mcu.externaltools.gnu-tools-for-stm32.11.3.rel1.win32_1.1.100.202309141235/tools/bin/../lib/gcc/arm-none-eabi/11.3.1/../../../../arm-none-eabi/lib/thumb/v7e-m+fp/hard\libc_nano.a(libc_a-findfp.o)
 .debug_frame   0x0000000000005be4       0x20 C:/ST/STM32CubeIDE_1.14.0/STM32CubeIDE/plugins/com.st.stm32cube.ide.mcu.externaltools.gnu-tools-for-stm32.11.3.rel1.win32_1.1.100.202309141235/tools/bin/../lib/gcc/arm-none-eabi/11.3.1/../../../../arm-none-eabi/lib/thumb/v7e-m+fp/hard\libc_nano.a(libc_a-memset.o)
 .debug_frame   0x0000000000005c04       0x20 C:/ST/STM32CubeIDE_1.14.0/STM32CubeIDE/plugins/com.st.stm32cube.ide.mcu.externaltools.gnu-tools-for-stm32.11.3.rel1.win32_1.1.100.202309141235/tools/bin/../lib/gcc/arm-none-eabi/11.3.1/../../../../arm-none-eabi/lib/thumb/v7e-m+fp/hard\libc_nano.a(libc_a-errno.o)
 .debug_frame   0x0000000000005c24       0x2c C:/ST/STM32CubeIDE_1.14.0/STM32CubeIDE/plugins/com.st.stm32cube.ide.mcu.externaltools.gnu-tools-for-stm32.11.3.rel1.win32_1.1.100.202309141235/tools/bin/../lib/gcc/arm-none-eabi/11.3.1/../../../../arm-none-eabi/lib/thumb/v7e-m+fp/hard\libc_nano.a(libc_a-init.o)
 .debug_frame   0x0000000000005c50       0x20 C:/ST/STM32CubeIDE_1.14.0/STM32CubeIDE/plugins/com.st.stm32cube.ide.mcu.externaltools.gnu-tools-for-stm32.11.3.rel1.win32_1.1.100.202309141235/tools/bin/../lib/gcc/arm-none-eabi/11.3.1/../../../../arm-none-eabi/lib/thumb/v7e-m+fp/hard\libc_nano.a(libc_a-strcmp.o)
 .debug_frame   0x0000000000005c70       0x28 C:/ST/STM32CubeIDE_1.14.0/STM32CubeIDE/plugins/com.st.stm32cube.ide.mcu.externaltools.gnu-tools-for-stm32.11.3.rel1.win32_1.1.100.202309141235/tools/bin/../lib/gcc/arm-none-eabi/11.3.1/../../../../arm-none-eabi/lib/thumb/v7e-m+fp/hard\libc_nano.a(libc_a-memcpy-stub.o)
 .debug_frame   0x0000000000005c98       0x2c C:/ST/STM32CubeIDE_1.14.0/STM32CubeIDE/plugins/com.st.stm32cube.ide.mcu.externaltools.gnu-tools-for-stm32.11.3.rel1.win32_1.1.100.202309141235/tools/bin/../lib/gcc/arm-none-eabi/11.3.1/thumb/v7e-m+fp/hard\libgcc.a(_aeabi_uldivmod.o)
 .debug_frame   0x0000000000005cc4       0x34 C:/ST/STM32CubeIDE_1.14.0/STM32CubeIDE/plugins/com.st.stm32cube.ide.mcu.externaltools.gnu-tools-for-stm32.11.3.rel1.win32_1.1.100.202309141235/tools/bin/../lib/gcc/arm-none-eabi/11.3.1/thumb/v7e-m+fp/hard\libgcc.a(_udivmoddi4.o)

.debug_line_str
                0x0000000000000000       0x6e
 .debug_line_str
                0x0000000000000000       0x6e ./Core/Startup/startup_stm32f722zetx.o
                                         0x86 (size before relaxing)