../Core/Src/console.c:40:17:ConsoleCommandMatch	24	static
../Core/Src/console.c:73:17:ConsoleResetBuffer	32	static
../Core/Src/console.c:93:16:ConsoleCommandEndline	24	static
../Core/Src/console.c:112:6:ConsoleInit	16	static
../Core/Src/console.c:132:6:ConsoleProcess	32	static
../Core/Src/console.c:194:25:ConsoleParamFindN	40	static
../Core/Src/console.c:224:18:ConsoleReceiveParamInt16	48	static
../Core/Src/console.c:260:18:ConsoleReceiveString	64	static
../Core/Src/console.c:301:18:ConsoleReceiveParamHexUint16	48	static
../Core/Src/console.c:339:18:ConsoleSendParamHexUint16	32	static
../Core/Src/console.c:360:18:ConsoleSendParamHexUint8	24	static
../Core/Src/console.c:385:13:smallItoa	40	static
../Core/Src/console.c:422:18:ConsoleSendParamInt16	24	static
../Core/Src/console.c:436:18:ConsoleSendParamInt32	32	static
../Core/Src/console.c:448:25:ConsoleUtilHexCharToInt	24	static
../Core/Src/console.c:479:25:ConsoleUtilsIntToHexChar	24	static
../Core/Src/console.c:505:18:ConsoleSendString	16	static
../Core/Src/console.c:513:18:ConsoleSendLine	16	static
