../Core/Src/consoleCommands.c:55:25:ConsoleCommandComment	16	static
../Core/Src/consoleCommands.c:62:25:ConsoleCommandHelp	32	static
../Core/Src/consoleCommands.c:83:25:ConsoleCommandParamExampleInt16	24	static
../Core/Src/consoleCommands.c:100:25:ConsoleCommandSetWave	32	static
../Core/Src/consoleCommands.c:130:25:ConsoleCommandSetFrequency	24	static
../Core/Src/consoleCommands.c:144:25:ConsoleCommandSetAmplitude	24	static
../Core/Src/consoleCommands.c:157:25:ConsoleCommandParamExampleHexUint16	24	static
../Core/Src/consoleCommands.c:176:25:ConsoleCommandVer	24	static
../Core/Src/consoleCommands.c:185:25:ConsoleCommandReadAccelX	24	static
../Core/Src/consoleCommands.c:194:25:ConsoleCommandReadAccelY	24	static
../Core/Src/consoleCommands.c:203:25:ConsoleCommandReadAccelZ	24	static
../Core/Src/consoleCommands.c:212:25:ConsoleCommandLedsRose	24	static
../Core/Src/consoleCommands.c:225:25:ConsoleCommandButtonState	24	static
../Core/Src/consoleCommands.c:240:31:ConsoleCommandsGetTable	4	static
