../Core/Src/main.c:92:5:main	8	static
../Core/Src/main.c:168:6:SystemClock_Config	88	static
../Core/Src/main.c:225:13:MX_DAC_Init	16	static
../Core/Src/main.c:265:13:MX_SPI1_Init	8	static
../Core/Src/main.c:305:13:MX_TIM11_Init	8	static
../Core/Src/main.c:336:13:MX_TIM13_Init	8	static
../Core/Src/main.c:367:13:MX_USART3_UART_Init	8	static
../Core/Src/main.c:402:13:MX_USB_OTG_FS_PCD_Init	8	static
../Core/Src/main.c:438:13:MX_GPIO_Init	56	static
../Core/Src/main.c:491:6:HAL_TIM_PeriodElapsedCallback	24	static
../Core/Src/main.c:567:6:Error_Handler	4	static,ignoring_inline_asm
