../Core/Src/main.c:103:5:main	8	static
../Core/Src/main.c:217:6:SystemClock_Config	88	static
../Core/Src/main.c:274:13:MX_DAC_Init	16	static
../Core/Src/main.c:314:13:MX_SPI1_Init	8	static
../Core/Src/main.c:354:13:MX_TIM9_Init	24	static
../Core/Src/main.c:392:13:MX_TIM11_Init	8	static
../Core/Src/main.c:423:13:MX_TIM13_Init	8	static
../Core/Src/main.c:454:13:MX_USART3_UART_Init	8	static
../Core/Src/main.c:489:13:MX_USB_OTG_FS_PCD_Init	8	static
../Core/Src/main.c:525:13:MX_GPIO_Init	56	static
../Core/Src/main.c:578:6:HAL_TIM_PeriodElapsedCallback	24	static
../Core/Src/main.c:662:6:Error_Handler	4	static,ignoring_inline_asm
